2023-10-14 14:14:55.254 +05:30  INF  Request starting HTTP/2 OPTIONS https://localhost:7069/api/Prescription/Get/2 - -

2023-10-14 14:14:55.359 +05:30  INF  CORS policy execution successful.

2023-10-14 14:14:55.362 +05:30  INF  Request finished HTTP/2 OPTIONS https://localhost:7069/api/Prescription/Get/2 - - - 204 - - 112.6626ms

2023-10-14 14:14:55.363 +05:30  INF  Request starting HTTP/2 GET https://localhost:7069/api/Prescription/Get/2 application/json -

2023-10-14 14:14:55.369 +05:30  INF  CORS policy execution successful.

2023-10-14 14:14:55.921 +05:30  INF  Executing endpoint 'DCRM.Api.Controllers.PrescriptionController.Get (DCRM.Api)'

2023-10-14 14:14:55.926 +05:30  INF  Route matched with {action = "Get", controller = "Prescription"}. Executing controller action with signature DCRM.Common.Dto.PrescriptionDto Get(Int64) on controller DCRM.Api.Controllers.PrescriptionController (DCRM.Api).

2023-10-14 14:14:55.947 +05:30  INF  Authorization failed for the request at filter 'DCRM.Common.Authorization.AuthorizeAttribute'.

2023-10-14 14:14:55.987 +05:30  INF  Executing JsonResult, writing value of type '<>f__AnonymousType0`1[[System.String, System.Private.CoreLib, Version=6.0.0.0, Culture=neutral, PublicKeyToken=7cec85d7bea7798e]]'.

2023-10-14 14:14:56.067 +05:30  INF  Executed action DCRM.Api.Controllers.PrescriptionController.Get (DCRM.Api) in 140.7516ms

2023-10-14 14:14:56.067 +05:30  INF  Executed endpoint 'DCRM.Api.Controllers.PrescriptionController.Get (DCRM.Api)'

2023-10-14 14:14:56.067 +05:30  INF  Request finished HTTP/2 GET https://localhost:7069/api/Prescription/Get/2 application/json - - 401 - application/json;+charset=utf-8 704.2158ms

2023-10-14 14:16:18.928 +05:30  INF  Request starting HTTP/2 OPTIONS https://localhost:7069/api/Authenticate/user - -

2023-10-14 14:16:18.934 +05:30  INF  CORS policy execution successful.

2023-10-14 14:16:18.934 +05:30  INF  Request finished HTTP/2 OPTIONS https://localhost:7069/api/Authenticate/user - - - 204 - - 55.3243ms

2023-10-14 14:16:18.988 +05:30  INF  Request starting HTTP/2 POST https://localhost:7069/api/Authenticate/user application/json 48

2023-10-14 14:16:18.991 +05:30  INF  CORS policy execution successful.

2023-10-14 14:16:18.993 +05:30  INF  Executing endpoint 'DCRM.Api.Controllers.AuthenticateController.Post (DCRM.Api)'

2023-10-14 14:16:19.128 +05:30  INF  Route matched with {action = "Post", controller = "Authenticate"}. Executing controller action with signature Microsoft.AspNetCore.Mvc.IActionResult Post(System.String, DCRM.Common.AuthenticateRequest) on controller DCRM.Api.Controllers.AuthenticateController (DCRM.Api).

2023-10-14 14:16:43.468 +05:30  INF  Executed DbCommand (53ms) [Parameters=[@__authenticateRequest_Email_0='?' (Size = 4000), @__authenticateRequest_Password_1='?' (Size = 4000)], CommandType='"Text"', CommandTimeout='30']
SELECT `u`.`Id`, `u`.`About_Me`, `u`.`Account_Type`, `u`.`Address`, `u`.`Available_Days`, `u`.`Bn_Name`, `u`.`City`, `u`.`Country`, `u`.`Created_At`, `u`.`Currency`, `u`.`Degree`, `u`.`Email`, `u`.`Email_Verified`, `u`.`Enable_Appointment`, `u`.`Enable_Rating`, `u`.`Exp_Years`, `u`.`Facebook`, `u`.`Google_Analytics`, `u`.`Image`, `u`.`Instagram`, `u`.`Linkedin`, `u`.`Name`, `u`.`Parent_Id`, `u`.`Password`, `u`.`Paypal_Email`, `u`.`Paypal_Mode`, `u`.`Paypal_Payment`, `u`.`Paystack_Payment`, `u`.`Paystack_Public_Key`, `u`.`Paystack_Secret_Key`, `u`.`Phone`, `u`.`Publish_Key`, `u`.`Qr_Code`, `u`.`Razorpay_Key_Id`, `u`.`Razorpay_Key_Secret`, `u`.`Razorpay_Payment`, `u`.`Role`, `u`.`Secret_Key`, `u`.`Skype`, `u`.`Slug`, `u`.`Specialist`, `u`.`Status`, `u`.`Stripe_Payment`, `u`.`Thumb`, `u`.`Trial_Expire`, `u`.`Twitter`, `u`.`User_Name`, `u`.`User_Type`, `u`.`Verify_Code`, `u`.`Whatsapp`
FROM `Users` AS `u`
WHERE ((`u`.`Status` = 1) AND (`u`.`Email` = @__authenticateRequest_Email_0)) AND (`u`.`Password` = @__authenticateRequest_Password_1)
LIMIT 2

2023-10-14 14:16:43.574 +05:30  INF  Executing OkObjectResult, writing value of type 'DCRM.Common.AuthenticateResponse'.

2023-10-14 14:16:43.607 +05:30  INF  Executed action DCRM.Api.Controllers.AuthenticateController.Post (DCRM.Api) in 24479.134ms

2023-10-14 14:16:43.607 +05:30  INF  Executed endpoint 'DCRM.Api.Controllers.AuthenticateController.Post (DCRM.Api)'

2023-10-14 14:16:43.607 +05:30  INF  Request finished HTTP/2 POST https://localhost:7069/api/Authenticate/user application/json 48 - 200 - application/json;+charset=utf-8 24619.9786ms

2023-10-14 14:16:43.657 +05:30  INF  Request starting HTTP/2 OPTIONS https://localhost:7069/api/Dashboard/Get - -

2023-10-14 14:16:43.660 +05:30  INF  CORS policy execution successful.

2023-10-14 14:16:43.693 +05:30  INF  Request finished HTTP/2 OPTIONS https://localhost:7069/api/Dashboard/Get - - - 204 - - 35.5517ms

2023-10-14 14:16:43.695 +05:30  INF  Request starting HTTP/2 GET https://localhost:7069/api/Dashboard/Get application/json -

2023-10-14 14:16:43.695 +05:30  INF  CORS policy execution successful.

2023-10-14 14:16:43.703 +05:30  INF  Executed DbCommand (3ms) [Parameters=[@__id_0='?' (DbType = Int64)], CommandType='"Text"', CommandTimeout='30']
SELECT `u`.`Id`, `u`.`About_Me`, `u`.`Account_Type`, `u`.`Address`, `u`.`Available_Days`, `u`.`Bn_Name`, `u`.`City`, `u`.`Country`, `u`.`Created_At`, `u`.`Currency`, `u`.`Degree`, `u`.`Email`, `u`.`Email_Verified`, `u`.`Enable_Appointment`, `u`.`Enable_Rating`, `u`.`Exp_Years`, `u`.`Facebook`, `u`.`Google_Analytics`, `u`.`Image`, `u`.`Instagram`, `u`.`Linkedin`, `u`.`Name`, `u`.`Parent_Id`, `u`.`Password`, `u`.`Paypal_Email`, `u`.`Paypal_Mode`, `u`.`Paypal_Payment`, `u`.`Paystack_Payment`, `u`.`Paystack_Public_Key`, `u`.`Paystack_Secret_Key`, `u`.`Phone`, `u`.`Publish_Key`, `u`.`Qr_Code`, `u`.`Razorpay_Key_Id`, `u`.`Razorpay_Key_Secret`, `u`.`Razorpay_Payment`, `u`.`Role`, `u`.`Secret_Key`, `u`.`Skype`, `u`.`Slug`, `u`.`Specialist`, `u`.`Status`, `u`.`Stripe_Payment`, `u`.`Thumb`, `u`.`Trial_Expire`, `u`.`Twitter`, `u`.`User_Name`, `u`.`User_Type`, `u`.`Verify_Code`, `u`.`Whatsapp`
FROM `Users` AS `u`
WHERE `u`.`Id` = @__id_0
LIMIT 1

2023-10-14 14:16:43.704 +05:30  INF  Executing endpoint 'DCRM.Api.Controllers.DashboardController.Get (DCRM.Api)'

2023-10-14 14:16:43.705 +05:30  INF  Route matched with {action = "Get", controller = "Dashboard"}. Executing controller action with signature DCRM.Common.Dto.DashboardDto Get() on controller DCRM.Api.Controllers.DashboardController (DCRM.Api).

2023-10-14 14:16:43.735 +05:30  INF  Executed DbCommand (25ms) [Parameters=[@__p_0='?' (DbType = Int64)], CommandType='"Text"', CommandTimeout='30']
SELECT `p`.`Id`, `p`.`Age`, `p`.`Chamber_Id`, `p`.`Created_At`, `p`.`Email`, `p`.`Guardian`, `p`.`Is_Delete`, `p`.`Mobile`, `p`.`Mr_Number`, `p`.`Name`, `p`.`Password`, `p`.`Permanent_Address`, `p`.`Present_Address`, `p`.`Role`, `p`.`Sex`, `p`.`Slug`, `p`.`Thumb`, `p`.`Title`, `p`.`UserName`, `p`.`User_Id`, `p`.`Verify_Code`, `p`.`Weight`
FROM `Patientses` AS `p`
WHERE (`p`.`User_Id` = @__p_0) AND (`p`.`Is_Delete` = 0)

2023-10-14 14:16:43.771 +05:30  INF  Executed DbCommand (15ms) [Parameters=[@__userId_0='?' (DbType = Int32)], CommandType='"Text"', CommandTimeout='30']
SELECT `s`.`Id`, `s`.`Blood_Group`, `s`.`Chamber_Id`, `s`.`Created_At`, `s`.`Current_Address`, `s`.`Date_Of_Joining`, `s`.`Department`, `s`.`Designation`, `s`.`Dob`, `s`.`Email`, `s`.`Father`, `s`.`Gender`, `s`.`Gst`, `s`.`Is_Deleted`, `s`.`Marital_Status`, `s`.`Mother`, `s`.`Name`, `s`.`Note`, `s`.`Pan`, `s`.`Password`, `s`.`Permanent_Address`, `s`.`Phone`, `s`.`Qualification`, `s`.`Role`, `s`.`Slug`, `s`.`Specialization`, `s`.`Status`, `s`.`Thumb`, `s`.`User_Id`, `s`.`User_Name`, `s`.`Work_Experience`
FROM `Staffs` AS `s`
WHERE (`s`.`User_Id` = @__userId_0) AND (`s`.`Is_Deleted` = 0)

2023-10-14 14:16:43.792 +05:30  INF  Executed DbCommand (9ms) [Parameters=[@__userId_0='?' (DbType = Int32)], CommandType='"Text"', CommandTimeout='30']
SELECT `a`.`Id`, `a`.`Appointment_Status`, `a`.`Cause`, `a`.`Chair`, `a`.`Chamber_Id`, `a`.`Created_At`, `a`.`Date`, `a`.`Doctor_Id`, `a`.`Doctor_Name`, `a`.`End_Time`, `a`.`Extra_Notes`, `a`.`Files`, `a`.`Is_Delete`, `a`.`Is_Start`, `a`.`Meeting_Notes`, `a`.`Number_Of_Slot`, `a`.`Patient_Id`, `a`.`Prescription_Id`, `a`.`Serial_Id`, `a`.`Slot_Time`, `a`.`Start_Time`, `a`.`Status`, `a`.`Type`, `a`.`User_Id`
FROM `Appointments` AS `a`
WHERE (`a`.`User_Id` = @__userId_0) AND (`a`.`Is_Delete` = 0)

2023-10-14 14:16:43.809 +05:30  INF  Executed DbCommand (3ms) [Parameters=[@__userId_0='?' (DbType = Int32)], CommandType='"Text"', CommandTimeout='30']
SELECT `a`.`Id`, `a`.`Appointment_Status`, `a`.`Cause`, `a`.`Chair`, `a`.`Chamber_Id`, `a`.`Created_At`, `a`.`Date`, `a`.`Doctor_Id`, `a`.`Doctor_Name`, `a`.`End_Time`, `a`.`Extra_Notes`, `a`.`Files`, `a`.`Is_Delete`, `a`.`Is_Start`, `a`.`Meeting_Notes`, `a`.`Number_Of_Slot`, `a`.`Patient_Id`, `a`.`Prescription_Id`, `a`.`Serial_Id`, `a`.`Slot_Time`, `a`.`Start_Time`, `a`.`Status`, `a`.`Type`, `a`.`User_Id`
FROM `Appointments` AS `a`
WHERE ((`a`.`User_Id` = @__userId_0) AND (`a`.`Is_Delete` = 0)) AND (`a`.`Date` = CURDATE())

2023-10-14 14:16:43.809 +05:30  INF  Executing ObjectResult, writing value of type 'DCRM.Common.Dto.DashboardDto'.

2023-10-14 14:16:43.812 +05:30  INF  Executed action DCRM.Api.Controllers.DashboardController.Get (DCRM.Api) in 107.6909ms

2023-10-14 14:16:43.812 +05:30  INF  Executed endpoint 'DCRM.Api.Controllers.DashboardController.Get (DCRM.Api)'

2023-10-14 14:16:43.813 +05:30  INF  Request finished HTTP/2 GET https://localhost:7069/api/Dashboard/Get application/json - - 200 - application/json;+charset=utf-8 118.0266ms

2023-10-14 14:19:10.752 +05:30  INF  Request starting HTTP/2 POST https://localhost:7069/api/Authenticate/user application/json 57

2023-10-14 14:19:10.755 +05:30  INF  CORS policy execution successful.

2023-10-14 14:19:10.794 +05:30  INF  Executing endpoint 'DCRM.Api.Controllers.AuthenticateController.Post (DCRM.Api)'

2023-10-14 14:19:10.794 +05:30  INF  Route matched with {action = "Post", controller = "Authenticate"}. Executing controller action with signature Microsoft.AspNetCore.Mvc.IActionResult Post(System.String, DCRM.Common.AuthenticateRequest) on controller DCRM.Api.Controllers.AuthenticateController (DCRM.Api).

2023-10-14 14:19:10.809 +05:30  INF  Executed DbCommand (6ms) [Parameters=[@__authenticateRequest_Email_0='?' (Size = 4000), @__authenticateRequest_Password_1='?' (Size = 4000)], CommandType='"Text"', CommandTimeout='30']
SELECT `u`.`Id`, `u`.`About_Me`, `u`.`Account_Type`, `u`.`Address`, `u`.`Available_Days`, `u`.`Bn_Name`, `u`.`City`, `u`.`Country`, `u`.`Created_At`, `u`.`Currency`, `u`.`Degree`, `u`.`Email`, `u`.`Email_Verified`, `u`.`Enable_Appointment`, `u`.`Enable_Rating`, `u`.`Exp_Years`, `u`.`Facebook`, `u`.`Google_Analytics`, `u`.`Image`, `u`.`Instagram`, `u`.`Linkedin`, `u`.`Name`, `u`.`Parent_Id`, `u`.`Password`, `u`.`Paypal_Email`, `u`.`Paypal_Mode`, `u`.`Paypal_Payment`, `u`.`Paystack_Payment`, `u`.`Paystack_Public_Key`, `u`.`Paystack_Secret_Key`, `u`.`Phone`, `u`.`Publish_Key`, `u`.`Qr_Code`, `u`.`Razorpay_Key_Id`, `u`.`Razorpay_Key_Secret`, `u`.`Razorpay_Payment`, `u`.`Role`, `u`.`Secret_Key`, `u`.`Skype`, `u`.`Slug`, `u`.`Specialist`, `u`.`Status`, `u`.`Stripe_Payment`, `u`.`Thumb`, `u`.`Trial_Expire`, `u`.`Twitter`, `u`.`User_Name`, `u`.`User_Type`, `u`.`Verify_Code`, `u`.`Whatsapp`
FROM `Users` AS `u`
WHERE ((`u`.`Status` = 1) AND (`u`.`Email` = @__authenticateRequest_Email_0)) AND (`u`.`Password` = @__authenticateRequest_Password_1)
LIMIT 2

2023-10-14 14:19:10.812 +05:30  INF  Executing OkObjectResult, writing value of type 'DCRM.Common.AuthenticateResponse'.

2023-10-14 14:19:10.813 +05:30  INF  Executed action DCRM.Api.Controllers.AuthenticateController.Post (DCRM.Api) in 18.889ms

2023-10-14 14:19:10.813 +05:30  INF  Executed endpoint 'DCRM.Api.Controllers.AuthenticateController.Post (DCRM.Api)'

2023-10-14 14:19:10.813 +05:30  INF  Request finished HTTP/2 POST https://localhost:7069/api/Authenticate/user application/json 57 - 200 - application/json;+charset=utf-8 61.3367ms

2023-10-14 14:22:17.411 +05:30  INF  Request starting HTTP/2 POST https://localhost:7069/api/Appointment/Create application/json 754

2023-10-14 14:22:17.424 +05:30  INF  CORS policy execution successful.

2023-10-14 14:22:17.428 +05:30  INF  Executed DbCommand (2ms) [Parameters=[@__id_0='?' (DbType = Int64)], CommandType='"Text"', CommandTimeout='30']
SELECT `u`.`Id`, `u`.`About_Me`, `u`.`Account_Type`, `u`.`Address`, `u`.`Available_Days`, `u`.`Bn_Name`, `u`.`City`, `u`.`Country`, `u`.`Created_At`, `u`.`Currency`, `u`.`Degree`, `u`.`Email`, `u`.`Email_Verified`, `u`.`Enable_Appointment`, `u`.`Enable_Rating`, `u`.`Exp_Years`, `u`.`Facebook`, `u`.`Google_Analytics`, `u`.`Image`, `u`.`Instagram`, `u`.`Linkedin`, `u`.`Name`, `u`.`Parent_Id`, `u`.`Password`, `u`.`Paypal_Email`, `u`.`Paypal_Mode`, `u`.`Paypal_Payment`, `u`.`Paystack_Payment`, `u`.`Paystack_Public_Key`, `u`.`Paystack_Secret_Key`, `u`.`Phone`, `u`.`Publish_Key`, `u`.`Qr_Code`, `u`.`Razorpay_Key_Id`, `u`.`Razorpay_Key_Secret`, `u`.`Razorpay_Payment`, `u`.`Role`, `u`.`Secret_Key`, `u`.`Skype`, `u`.`Slug`, `u`.`Specialist`, `u`.`Status`, `u`.`Stripe_Payment`, `u`.`Thumb`, `u`.`Trial_Expire`, `u`.`Twitter`, `u`.`User_Name`, `u`.`User_Type`, `u`.`Verify_Code`, `u`.`Whatsapp`
FROM `Users` AS `u`
WHERE `u`.`Id` = @__id_0
LIMIT 1

2023-10-14 14:22:17.428 +05:30  INF  Executing endpoint 'DCRM.Api.Controllers.AppointmentController.Create (DCRM.Api)'

2023-10-14 14:22:17.472 +05:30  INF  Route matched with {action = "Create", controller = "Appointment"}. Executing controller action with signature System.Threading.Tasks.Task`1[Microsoft.AspNetCore.Mvc.IActionResult] Create(DCRM.Common.Entity.Appointment) on controller DCRM.Api.Controllers.AppointmentController (DCRM.Api).

2023-10-14 14:22:17.640 +05:30  INF  Executing BadRequestObjectResult, writing value of type 'Microsoft.AspNetCore.Mvc.ValidationProblemDetails'.

2023-10-14 14:22:17.695 +05:30  INF  Executed action DCRM.Api.Controllers.AppointmentController.Create (DCRM.Api) in 223.3243ms

2023-10-14 14:22:17.695 +05:30  INF  Executed endpoint 'DCRM.Api.Controllers.AppointmentController.Create (DCRM.Api)'

2023-10-14 14:22:17.695 +05:30  INF  Request finished HTTP/2 POST https://localhost:7069/api/Appointment/Create application/json 754 - 400 - application/problem+json;+charset=utf-8 284.3157ms

2023-10-14 14:23:17.009 +05:30  INF  Request starting HTTP/2 POST https://localhost:7069/api/Appointment/Create application/json 536

2023-10-14 14:23:17.013 +05:30  INF  CORS policy execution successful.

2023-10-14 14:23:17.016 +05:30  INF  Executed DbCommand (2ms) [Parameters=[@__id_0='?' (DbType = Int64)], CommandType='"Text"', CommandTimeout='30']
SELECT `u`.`Id`, `u`.`About_Me`, `u`.`Account_Type`, `u`.`Address`, `u`.`Available_Days`, `u`.`Bn_Name`, `u`.`City`, `u`.`Country`, `u`.`Created_At`, `u`.`Currency`, `u`.`Degree`, `u`.`Email`, `u`.`Email_Verified`, `u`.`Enable_Appointment`, `u`.`Enable_Rating`, `u`.`Exp_Years`, `u`.`Facebook`, `u`.`Google_Analytics`, `u`.`Image`, `u`.`Instagram`, `u`.`Linkedin`, `u`.`Name`, `u`.`Parent_Id`, `u`.`Password`, `u`.`Paypal_Email`, `u`.`Paypal_Mode`, `u`.`Paypal_Payment`, `u`.`Paystack_Payment`, `u`.`Paystack_Public_Key`, `u`.`Paystack_Secret_Key`, `u`.`Phone`, `u`.`Publish_Key`, `u`.`Qr_Code`, `u`.`Razorpay_Key_Id`, `u`.`Razorpay_Key_Secret`, `u`.`Razorpay_Payment`, `u`.`Role`, `u`.`Secret_Key`, `u`.`Skype`, `u`.`Slug`, `u`.`Specialist`, `u`.`Status`, `u`.`Stripe_Payment`, `u`.`Thumb`, `u`.`Trial_Expire`, `u`.`Twitter`, `u`.`User_Name`, `u`.`User_Type`, `u`.`Verify_Code`, `u`.`Whatsapp`
FROM `Users` AS `u`
WHERE `u`.`Id` = @__id_0
LIMIT 1

2023-10-14 14:23:17.016 +05:30  INF  Executing endpoint 'DCRM.Api.Controllers.AppointmentController.Create (DCRM.Api)'

2023-10-14 14:23:17.016 +05:30  INF  Route matched with {action = "Create", controller = "Appointment"}. Executing controller action with signature System.Threading.Tasks.Task`1[Microsoft.AspNetCore.Mvc.IActionResult] Create(DCRM.Common.Entity.Appointment) on controller DCRM.Api.Controllers.AppointmentController (DCRM.Api).

2023-10-14 14:23:17.017 +05:30  INF  Executing BadRequestObjectResult, writing value of type 'Microsoft.AspNetCore.Mvc.ValidationProblemDetails'.

2023-10-14 14:23:17.017 +05:30  INF  Executed action DCRM.Api.Controllers.AppointmentController.Create (DCRM.Api) in 1.0072ms

2023-10-14 14:23:17.017 +05:30  INF  Executed endpoint 'DCRM.Api.Controllers.AppointmentController.Create (DCRM.Api)'

2023-10-14 14:23:17.017 +05:30  INF  Request finished HTTP/2 POST https://localhost:7069/api/Appointment/Create application/json 536 - 400 - application/problem+json;+charset=utf-8 8.1025ms

2023-10-14 14:27:39.694 +05:30  INF  Request starting HTTP/2 POST https://localhost:7069/api/Appointment/Create application/json 549

2023-10-14 14:27:39.694 +05:30  INF  CORS policy execution successful.

2023-10-14 14:27:39.696 +05:30  INF  Executed DbCommand (1ms) [Parameters=[@__id_0='?' (DbType = Int64)], CommandType='"Text"', CommandTimeout='30']
SELECT `u`.`Id`, `u`.`About_Me`, `u`.`Account_Type`, `u`.`Address`, `u`.`Available_Days`, `u`.`Bn_Name`, `u`.`City`, `u`.`Country`, `u`.`Created_At`, `u`.`Currency`, `u`.`Degree`, `u`.`Email`, `u`.`Email_Verified`, `u`.`Enable_Appointment`, `u`.`Enable_Rating`, `u`.`Exp_Years`, `u`.`Facebook`, `u`.`Google_Analytics`, `u`.`Image`, `u`.`Instagram`, `u`.`Linkedin`, `u`.`Name`, `u`.`Parent_Id`, `u`.`Password`, `u`.`Paypal_Email`, `u`.`Paypal_Mode`, `u`.`Paypal_Payment`, `u`.`Paystack_Payment`, `u`.`Paystack_Public_Key`, `u`.`Paystack_Secret_Key`, `u`.`Phone`, `u`.`Publish_Key`, `u`.`Qr_Code`, `u`.`Razorpay_Key_Id`, `u`.`Razorpay_Key_Secret`, `u`.`Razorpay_Payment`, `u`.`Role`, `u`.`Secret_Key`, `u`.`Skype`, `u`.`Slug`, `u`.`Specialist`, `u`.`Status`, `u`.`Stripe_Payment`, `u`.`Thumb`, `u`.`Trial_Expire`, `u`.`Twitter`, `u`.`User_Name`, `u`.`User_Type`, `u`.`Verify_Code`, `u`.`Whatsapp`
FROM `Users` AS `u`
WHERE `u`.`Id` = @__id_0
LIMIT 1

2023-10-14 14:27:39.697 +05:30  INF  Executing endpoint 'DCRM.Api.Controllers.AppointmentController.Create (DCRM.Api)'

2023-10-14 14:27:39.697 +05:30  INF  Route matched with {action = "Create", controller = "Appointment"}. Executing controller action with signature System.Threading.Tasks.Task`1[Microsoft.AspNetCore.Mvc.IActionResult] Create(DCRM.Common.Entity.Appointment) on controller DCRM.Api.Controllers.AppointmentController (DCRM.Api).

2023-10-14 14:27:39.721 +05:30  INF  Executing BadRequestObjectResult, writing value of type 'Microsoft.AspNetCore.Mvc.ValidationProblemDetails'.

2023-10-14 14:27:39.721 +05:30  INF  Executed action DCRM.Api.Controllers.AppointmentController.Create (DCRM.Api) in 24.0938ms

2023-10-14 14:27:39.721 +05:30  INF  Executed endpoint 'DCRM.Api.Controllers.AppointmentController.Create (DCRM.Api)'

2023-10-14 14:27:39.721 +05:30  INF  Request finished HTTP/2 POST https://localhost:7069/api/Appointment/Create application/json 549 - 400 - application/problem+json;+charset=utf-8 27.2905ms

2023-10-14 14:29:48.030 +05:30  INF  Request starting HTTP/2 POST https://localhost:7069/api/Appointment/Create application/json 553

2023-10-14 14:29:48.030 +05:30  INF  CORS policy execution successful.

2023-10-14 14:29:48.035 +05:30  INF  Executed DbCommand (1ms) [Parameters=[@__id_0='?' (DbType = Int64)], CommandType='"Text"', CommandTimeout='30']
SELECT `u`.`Id`, `u`.`About_Me`, `u`.`Account_Type`, `u`.`Address`, `u`.`Available_Days`, `u`.`Bn_Name`, `u`.`City`, `u`.`Country`, `u`.`Created_At`, `u`.`Currency`, `u`.`Degree`, `u`.`Email`, `u`.`Email_Verified`, `u`.`Enable_Appointment`, `u`.`Enable_Rating`, `u`.`Exp_Years`, `u`.`Facebook`, `u`.`Google_Analytics`, `u`.`Image`, `u`.`Instagram`, `u`.`Linkedin`, `u`.`Name`, `u`.`Parent_Id`, `u`.`Password`, `u`.`Paypal_Email`, `u`.`Paypal_Mode`, `u`.`Paypal_Payment`, `u`.`Paystack_Payment`, `u`.`Paystack_Public_Key`, `u`.`Paystack_Secret_Key`, `u`.`Phone`, `u`.`Publish_Key`, `u`.`Qr_Code`, `u`.`Razorpay_Key_Id`, `u`.`Razorpay_Key_Secret`, `u`.`Razorpay_Payment`, `u`.`Role`, `u`.`Secret_Key`, `u`.`Skype`, `u`.`Slug`, `u`.`Specialist`, `u`.`Status`, `u`.`Stripe_Payment`, `u`.`Thumb`, `u`.`Trial_Expire`, `u`.`Twitter`, `u`.`User_Name`, `u`.`User_Type`, `u`.`Verify_Code`, `u`.`Whatsapp`
FROM `Users` AS `u`
WHERE `u`.`Id` = @__id_0
LIMIT 1

2023-10-14 14:29:48.036 +05:30  INF  Executing endpoint 'DCRM.Api.Controllers.AppointmentController.Create (DCRM.Api)'

2023-10-14 14:29:48.036 +05:30  INF  Route matched with {action = "Create", controller = "Appointment"}. Executing controller action with signature System.Threading.Tasks.Task`1[Microsoft.AspNetCore.Mvc.IActionResult] Create(DCRM.Common.Entity.Appointment) on controller DCRM.Api.Controllers.AppointmentController (DCRM.Api).

2023-10-14 14:30:15.979 +05:30  INF  Executed DbCommand (75ms) [Parameters=[@p0='?' (DbType = Int32), @p1='?' (Size = 4000), @p2='?' (Size = 4000), @p3='?' (DbType = Int32), @p4='?' (DbType = DateTime), @p5='?' (DbType = DateTime), @p6='?' (DbType = Int64), @p7='?' (Size = 4000), @p8='?' (DbType = Time), @p9='?' (Size = 4000), @p10='?' (Size = 4000), @p11='?' (DbType = SByte), @p12='?' (DbType = Int32), @p13='?' (Size = 4000), @p14='?' (Size = 4000), @p15='?' (DbType = Int32), @p16='?' (DbType = Int32), @p17='?' (DbType = Int32), @p18='?' (Size = 4000), @p19='?' (DbType = Time), @p20='?' (DbType = Int32), @p21='?' (Size = 4000), @p22='?' (DbType = Int32)], CommandType='"Text"', CommandTimeout='30']
INSERT INTO `Appointments` (`Appointment_Status`, `Cause`, `Chair`, `Chamber_Id`, `Created_At`, `Date`, `Doctor_Id`, `Doctor_Name`, `End_Time`, `Extra_Notes`, `Files`, `Is_Delete`, `Is_Start`, `Meeting_Notes`, `Number_Of_Slot`, `Patient_Id`, `Prescription_Id`, `Serial_Id`, `Slot_Time`, `Start_Time`, `Status`, `Type`, `User_Id`)
VALUES (@p0, @p1, @p2, @p3, @p4, @p5, @p6, @p7, @p8, @p9, @p10, @p11, @p12, @p13, @p14, @p15, @p16, @p17, @p18, @p19, @p20, @p21, @p22);
SELECT `Id`
FROM `Appointments`
WHERE ROW_COUNT() = 1 AND `Id` = LAST_INSERT_ID();

2023-10-14 14:44:20.423 +05:30  INF  Executing StatusCodeResult, setting HTTP status code 200

2023-10-14 14:44:20.426 +05:30  INF  Executed action DCRM.Api.Controllers.AppointmentController.Create (DCRM.Api) in 872390.393ms

2023-10-14 14:44:20.426 +05:30  INF  Executed endpoint 'DCRM.Api.Controllers.AppointmentController.Create (DCRM.Api)'

2023-10-14 14:44:20.427 +05:30  INF  Request finished HTTP/2 POST https://localhost:7069/api/Appointment/Create application/json 553 - 200 0 - 872396.8663ms

2023-10-14 14:46:47.499 +05:30  INF  Request starting HTTP/2 POST https://localhost:7069/api/Treatmentplan/Create application/json 516

2023-10-14 14:46:47.548 +05:30  INF  CORS policy execution successful.

2023-10-14 14:46:47.767 +05:30  INF  Executed DbCommand (7ms) [Parameters=[@__id_0='?' (DbType = Int64)], CommandType='"Text"', CommandTimeout='30']
SELECT `u`.`Id`, `u`.`About_Me`, `u`.`Account_Type`, `u`.`Address`, `u`.`Available_Days`, `u`.`Bn_Name`, `u`.`City`, `u`.`Country`, `u`.`Created_At`, `u`.`Currency`, `u`.`Degree`, `u`.`Email`, `u`.`Email_Verified`, `u`.`Enable_Appointment`, `u`.`Enable_Rating`, `u`.`Exp_Years`, `u`.`Facebook`, `u`.`Google_Analytics`, `u`.`Image`, `u`.`Instagram`, `u`.`Linkedin`, `u`.`Name`, `u`.`Parent_Id`, `u`.`Password`, `u`.`Paypal_Email`, `u`.`Paypal_Mode`, `u`.`Paypal_Payment`, `u`.`Paystack_Payment`, `u`.`Paystack_Public_Key`, `u`.`Paystack_Secret_Key`, `u`.`Phone`, `u`.`Publish_Key`, `u`.`Qr_Code`, `u`.`Razorpay_Key_Id`, `u`.`Razorpay_Key_Secret`, `u`.`Razorpay_Payment`, `u`.`Role`, `u`.`Secret_Key`, `u`.`Skype`, `u`.`Slug`, `u`.`Specialist`, `u`.`Status`, `u`.`Stripe_Payment`, `u`.`Thumb`, `u`.`Trial_Expire`, `u`.`Twitter`, `u`.`User_Name`, `u`.`User_Type`, `u`.`Verify_Code`, `u`.`Whatsapp`
FROM `Users` AS `u`
WHERE `u`.`Id` = @__id_0
LIMIT 1

2023-10-14 14:46:47.767 +05:30  INF  Executing endpoint 'DCRM.Api.Controllers.TreatmentplanController.Create (DCRM.Api)'

2023-10-14 14:46:47.768 +05:30  INF  Route matched with {action = "Create", controller = "Treatmentplan"}. Executing controller action with signature Microsoft.AspNetCore.Mvc.IActionResult Create(DCRM.Common.RequestModel.TreatmentplanRequest) on controller DCRM.Api.Controllers.TreatmentplanController (DCRM.Api).

2023-10-14 14:46:54.291 +05:30  INF  Executed DbCommand (45ms) [Parameters=[@p0='?' (DbType = Single), @p1='?' (Size = 4000), @p2='?' (Size = 4000), @p3='?' (DbType = DateTime), @p4='?' (DbType = DateTime), @p5='?' (DbType = Int32), @p6='?' (DbType = Single), @p7='?' (Size = 4000), @p8='?' (Size = 4000), @p9='?' (DbType = Int32), @p10='?' (DbType = Int32), @p11='?' (Size = 4000), @p12='?' (DbType = Int32), @p13='?' (DbType = Int32), @p14='?' (DbType = SByte), @p15='?' (DbType = DateTime)], CommandType='"Text"', CommandTimeout='30']
INSERT INTO `Treatmentplans` (`Amount`, `Completed_Date`, `Courtesy`, `Created_At`, `Date`, `Doctor`, `Estimated_Amount`, `Individual_Tooth_Wrk`, `Job`, `Job_Id`, `Patient_Id`, `Print_Tooth_Name`, `Sitting_Status`, `Status`, `Treatment_Status`, `Updated_At`)
VALUES (@p0, @p1, @p2, @p3, @p4, @p5, @p6, @p7, @p8, @p9, @p10, @p11, @p12, @p13, @p14, @p15);
SELECT `Id`
FROM `Treatmentplans`
WHERE ROW_COUNT() = 1 AND `Id` = LAST_INSERT_ID();

2023-10-14 14:46:54.885 +05:30  ERR  Failed executing DbCommand (557ms) [Parameters=[@p0='?' (DbType = DateTime), @p1='?' (DbType = DateTime), @p2='?' (DbType = Int64), @p3='?' (Size = 4000), @p4='?' (Size = 4000), @p5='?' (Size = 4000), @p6='?' (DbType = Int32), @p7='?' (DbType = Int32), @p8='?' (Size = 4000), @p9='?' (DbType = Int64), @p10='?' (Size = 4000), @p11='?' (Size = 4000), @p12='?' (DbType = Int64), @p13='?' (Size = 4000), @p14='?' (DbType = Int32)], CommandType='"Text"', CommandTimeout='30']
INSERT INTO `Teethinfo` (`Added_Date`, `Date`, `Doc_Id`, `Note_Status`, `Ord`, `Rmd`, `Sitting`, `Teeth_Id`, `Teeth_Number_Note`, `Tooth_Patient_Id`, `Toth_Note`, `Treatment_Notes`, `Treatmentplans_Id`, `Type`, `Workdone_Id`)
VALUES (@p0, @p1, @p2, @p3, @p4, @p5, @p6, @p7, @p8, @p9, @p10, @p11, @p12, @p13, @p14);
SELECT `Id`
FROM `Teethinfo`
WHERE ROW_COUNT() = 1 AND `Id` = LAST_INSERT_ID();

2023-10-14 14:46:55.766 +05:30  ERR  An exception occurred in the database while saving changes for context type 'DCRM.Repository.Database.DCRMDBContext'.
Microsoft.EntityFrameworkCore.DbUpdateException: Could not save changes. Please configure your entity type accordingly.
 ---> MySql.Data.MySqlClient.MySqlException (0x80004005): Column 'note_status' cannot be null
   at MySql.Data.MySqlClient.MySqlStream.ReadPacketAsync(Boolean execAsync)
   at MySql.Data.MySqlClient.NativeDriver.GetResultAsync(Int32 affectedRow, Int64 insertedId, Boolean execAsync)
   at MySql.Data.MySqlClient.Driver.GetResultAsync(Int32 statementId, Int32 affectedRows, Int64 insertedId, Boolean execAsync)
   at MySql.Data.MySqlClient.Driver.NextResultAsync(Int32 statementId, Boolean force, Boolean execAsync)
   at MySql.Data.MySqlClient.MySqlDataReader.NextResultAsync(Boolean execAsync, CancellationToken cancellationToken)
   at MySql.Data.MySqlClient.MySqlDataReader.NextResultAsync(Boolean execAsync, CancellationToken cancellationToken)
   at MySql.Data.MySqlClient.MySqlCommand.ExecuteReaderAsync(CommandBehavior behavior, Boolean execAsync, CancellationToken cancellationToken)
   at MySql.Data.MySqlClient.MySqlCommand.ExecuteReaderAsync(CommandBehavior behavior, Boolean execAsync, CancellationToken cancellationToken)
   at MySql.Data.MySqlClient.MySqlCommand.ExecuteReaderAsync(CommandBehavior behavior, Boolean execAsync, CancellationToken cancellationToken)
   at MySql.Data.MySqlClient.MySqlCommand.ExecuteReader(CommandBehavior behavior)
   at Microsoft.EntityFrameworkCore.Storage.RelationalCommand.ExecuteReader(RelationalCommandParameterObject parameterObject)
   at Microsoft.EntityFrameworkCore.Update.ReaderModificationCommandBatch.Execute(IRelationalConnection connection)
   --- End of inner exception stack trace ---
   at MySql.EntityFrameworkCore.Update.MySQLModificationCommandBatch.Execute(IRelationalConnection connection)
   at Microsoft.EntityFrameworkCore.Update.Internal.BatchExecutor.Execute(IEnumerable`1 commandBatches, IRelationalConnection connection)
   at Microsoft.EntityFrameworkCore.ChangeTracking.Internal.StateManager.SaveChanges(IList`1 entriesToSave)
   at Microsoft.EntityFrameworkCore.ChangeTracking.Internal.StateManager.SaveChanges(StateManager stateManager, Boolean acceptAllChangesOnSuccess)
   at MySql.EntityFrameworkCore.Storage.Internal.MySQLExecutionStrategy.Execute[TState,TResult](TState state, Func`3 operation, Func`3 verifySucceeded)
   at Microsoft.EntityFrameworkCore.ChangeTracking.Internal.StateManager.SaveChanges(Boolean acceptAllChangesOnSuccess)
   at Microsoft.EntityFrameworkCore.DbContext.SaveChanges(Boolean acceptAllChangesOnSuccess)Microsoft.EntityFrameworkCore.DbUpdateException: Could not save changes. Please configure your entity type accordingly.
 ---> MySql.Data.MySqlClient.MySqlException (0x80004005): Column 'note_status' cannot be null
   at MySql.Data.MySqlClient.MySqlStream.ReadPacketAsync(Boolean execAsync)
   at MySql.Data.MySqlClient.NativeDriver.GetResultAsync(Int32 affectedRow, Int64 insertedId, Boolean execAsync)
   at MySql.Data.MySqlClient.Driver.GetResultAsync(Int32 statementId, Int32 affectedRows, Int64 insertedId, Boolean execAsync)
   at MySql.Data.MySqlClient.Driver.NextResultAsync(Int32 statementId, Boolean force, Boolean execAsync)
   at MySql.Data.MySqlClient.MySqlDataReader.NextResultAsync(Boolean execAsync, CancellationToken cancellationToken)
   at MySql.Data.MySqlClient.MySqlDataReader.NextResultAsync(Boolean execAsync, CancellationToken cancellationToken)
   at MySql.Data.MySqlClient.MySqlCommand.ExecuteReaderAsync(CommandBehavior behavior, Boolean execAsync, CancellationToken cancellationToken)
   at MySql.Data.MySqlClient.MySqlCommand.ExecuteReaderAsync(CommandBehavior behavior, Boolean execAsync, CancellationToken cancellationToken)
   at MySql.Data.MySqlClient.MySqlCommand.ExecuteReaderAsync(CommandBehavior behavior, Boolean execAsync, CancellationToken cancellationToken)
   at MySql.Data.MySqlClient.MySqlCommand.ExecuteReader(CommandBehavior behavior)
   at Microsoft.EntityFrameworkCore.Storage.RelationalCommand.ExecuteReader(RelationalCommandParameterObject parameterObject)
   at Microsoft.EntityFrameworkCore.Update.ReaderModificationCommandBatch.Execute(IRelationalConnection connection)
   --- End of inner exception stack trace ---
   at MySql.EntityFrameworkCore.Update.MySQLModificationCommandBatch.Execute(IRelationalConnection connection)
   at Microsoft.EntityFrameworkCore.Update.Internal.BatchExecutor.Execute(IEnumerable`1 commandBatches, IRelationalConnection connection)
   at Microsoft.EntityFrameworkCore.ChangeTracking.Internal.StateManager.SaveChanges(IList`1 entriesToSave)
   at Microsoft.EntityFrameworkCore.ChangeTracking.Internal.StateManager.SaveChanges(StateManager stateManager, Boolean acceptAllChangesOnSuccess)
   at MySql.EntityFrameworkCore.Storage.Internal.MySQLExecutionStrategy.Execute[TState,TResult](TState state, Func`3 operation, Func`3 verifySucceeded)
   at Microsoft.EntityFrameworkCore.ChangeTracking.Internal.StateManager.SaveChanges(Boolean acceptAllChangesOnSuccess)
   at Microsoft.EntityFrameworkCore.DbContext.SaveChanges(Boolean acceptAllChangesOnSuccess)


2023-10-14 14:47:01.024 +05:30  INF  Executed action DCRM.Api.Controllers.TreatmentplanController.Create (DCRM.Api) in 13255.9924ms

2023-10-14 14:47:01.027 +05:30  INF  Executed endpoint 'DCRM.Api.Controllers.TreatmentplanController.Create (DCRM.Api)'

2023-10-14 14:47:01.094 +05:30  INF  Request finished HTTP/2 POST https://localhost:7069/api/Treatmentplan/Create application/json 516 - 500 - application/json 13594.5592ms

2023-10-14 15:10:34.263 +05:30  INF  User profile is available. Using 'C:\Users\DELL\AppData\Local\ASP.NET\DataProtection-Keys' as key repository and Windows DPAPI to encrypt keys at rest.

2023-10-14 15:10:35.690 +05:30  INF  Now listening on: https://localhost:7069

2023-10-14 15:10:35.690 +05:30  INF  Now listening on: http://localhost:5069

2023-10-14 15:10:35.695 +05:30  INF  Application started. Press Ctrl+C to shut down.

2023-10-14 15:10:35.696 +05:30  INF  Hosting environment: Development

2023-10-14 15:10:35.696 +05:30  INF  Content root path: D:\Projects\GitHubProjects\virmani_dotnet\DCRM.Api\

2023-10-14 15:10:37.838 +05:30  INF  Request starting HTTP/2 GET https://localhost:7069/swagger - -

2023-10-14 15:10:38.346 +05:30  INF  Request finished HTTP/2 GET https://localhost:7069/swagger - - - 301 0 - 529.6923ms

2023-10-14 15:10:38.350 +05:30  INF  Request starting HTTP/2 GET https://localhost:7069/swagger/index.html - -

2023-10-14 15:10:39.279 +05:30  INF  Request finished HTTP/2 GET https://localhost:7069/swagger/index.html - - - 200 - text/html;charset=utf-8 929.3172ms

2023-10-14 15:10:39.326 +05:30  INF  Request starting HTTP/2 GET https://localhost:7069/swagger/swagger-ui-standalone-preset.js - -

2023-10-14 15:10:39.326 +05:30  INF  Request starting HTTP/2 GET https://localhost:7069/_framework/aspnetcore-browser-refresh.js - -

2023-10-14 15:10:39.326 +05:30  INF  Request starting HTTP/2 GET https://localhost:7069/_vs/browserLink - -

2023-10-14 15:10:39.326 +05:30  INF  Request starting HTTP/2 GET https://localhost:7069/swagger/swagger-ui-bundle.js - -

2023-10-14 15:10:39.326 +05:30  INF  Request starting HTTP/2 GET https://localhost:7069/swagger/swagger-ui.css - -

2023-10-14 15:10:39.339 +05:30  INF  Request finished HTTP/2 GET https://localhost:7069/_framework/aspnetcore-browser-refresh.js - - - 200 12348 application/javascript;+charset=utf-8 13.3734ms

2023-10-14 15:10:39.415 +05:30  INF  Request finished HTTP/2 GET https://localhost:7069/_vs/browserLink - - - 200 - text/javascript;+charset=UTF-8 88.7212ms

2023-10-14 15:10:39.457 +05:30  INF  Sending file. Request path: '/swagger-ui.css'. Physical path: 'N/A'

2023-10-14 15:10:39.457 +05:30  INF  Sending file. Request path: '/swagger-ui-bundle.js'. Physical path: 'N/A'

2023-10-14 15:10:39.457 +05:30  INF  Sending file. Request path: '/swagger-ui-standalone-preset.js'. Physical path: 'N/A'

2023-10-14 15:10:39.457 +05:30  INF  Request finished HTTP/2 GET https://localhost:7069/swagger/swagger-ui-bundle.js - - - 200 1092889 application/javascript 130.7154ms

2023-10-14 15:10:39.457 +05:30  INF  Request finished HTTP/2 GET https://localhost:7069/swagger/swagger-ui-standalone-preset.js - - - 200 337162 application/javascript 131.4474ms

2023-10-14 15:10:39.457 +05:30  INF  Request finished HTTP/2 GET https://localhost:7069/swagger/swagger-ui.css - - - 200 143632 text/css 130.6876ms

2023-10-14 15:10:39.783 +05:30  INF  Request starting HTTP/2 GET https://localhost:7069/swagger/v1/swagger.json - -

2023-10-14 15:10:40.120 +05:30  INF  Request finished HTTP/2 GET https://localhost:7069/swagger/v1/swagger.json - - - 200 - application/json;charset=utf-8 336.6973ms

2023-10-14 15:29:06.915 +05:30  INF  User profile is available. Using 'C:\Users\DELL\AppData\Local\ASP.NET\DataProtection-Keys' as key repository and Windows DPAPI to encrypt keys at rest.

2023-10-14 15:29:07.389 +05:30  INF  Now listening on: https://localhost:7069

2023-10-14 15:29:07.389 +05:30  INF  Now listening on: http://localhost:5069

2023-10-14 15:29:07.394 +05:30  INF  Application started. Press Ctrl+C to shut down.

2023-10-14 15:29:07.394 +05:30  INF  Hosting environment: Development

2023-10-14 15:29:07.394 +05:30  INF  Content root path: D:\Projects\GitHubProjects\virmani_dotnet\DCRM.Api\

2023-10-14 15:29:09.114 +05:30  INF  Request starting HTTP/2 GET https://localhost:7069/swagger - -

2023-10-14 15:29:09.503 +05:30  INF  Request starting HTTP/2 GET https://localhost:7069/swagger/index.html - -

2023-10-14 15:29:09.506 +05:30  INF  Request finished HTTP/2 GET https://localhost:7069/swagger - - - 301 0 - 399.8863ms

2023-10-14 15:29:10.486 +05:30  INF  Request finished HTTP/2 GET https://localhost:7069/swagger/index.html - - - 200 - text/html;charset=utf-8 981.9296ms

2023-10-14 15:29:10.591 +05:30  INF  Request starting HTTP/2 GET https://localhost:7069/swagger/swagger-ui-standalone-preset.js - -

2023-10-14 15:29:10.592 +05:30  INF  Request starting HTTP/2 GET https://localhost:7069/swagger/swagger-ui-bundle.js - -

2023-10-14 15:29:10.592 +05:30  INF  Request starting HTTP/2 GET https://localhost:7069/swagger/swagger-ui.css - -

2023-10-14 15:29:10.629 +05:30  INF  Request starting HTTP/2 GET https://localhost:7069/_framework/aspnetcore-browser-refresh.js - -

2023-10-14 15:29:10.711 +05:30  INF  Request finished HTTP/2 GET https://localhost:7069/_framework/aspnetcore-browser-refresh.js - - - 200 12348 application/javascript;+charset=utf-8 82.0455ms

2023-10-14 15:29:10.765 +05:30  INF  Sending file. Request path: '/swagger-ui-standalone-preset.js'. Physical path: 'N/A'

2023-10-14 15:29:10.765 +05:30  INF  Sending file. Request path: '/swagger-ui.css'. Physical path: 'N/A'

2023-10-14 15:29:10.765 +05:30  INF  Request finished HTTP/2 GET https://localhost:7069/swagger/swagger-ui-standalone-preset.js - - - 200 337162 application/javascript 174.1060ms

2023-10-14 15:29:10.765 +05:30  INF  Request finished HTTP/2 GET https://localhost:7069/swagger/swagger-ui.css - - - 200 143632 text/css 173.5633ms

2023-10-14 15:29:10.766 +05:30  INF  Sending file. Request path: '/swagger-ui-bundle.js'. Physical path: 'N/A'

2023-10-14 15:29:10.766 +05:30  INF  Request finished HTTP/2 GET https://localhost:7069/swagger/swagger-ui-bundle.js - - - 200 1092889 application/javascript 174.3315ms

2023-10-14 15:29:10.771 +05:30  INF  Request starting HTTP/2 GET https://localhost:7069/_vs/browserLink - -

2023-10-14 15:29:10.879 +05:30  INF  Request finished HTTP/2 GET https://localhost:7069/_vs/browserLink - - - 200 - text/javascript;+charset=UTF-8 107.6259ms

2023-10-14 15:29:11.625 +05:30  INF  Request starting HTTP/2 GET https://localhost:7069/swagger/v1/swagger.json - -

2023-10-14 15:29:12.211 +05:30  INF  Request finished HTTP/2 GET https://localhost:7069/swagger/v1/swagger.json - - - 200 - application/json;charset=utf-8 586.2733ms

2023-10-14 16:24:15.431 +05:30  INF  User profile is available. Using 'C:\Users\DELL\AppData\Local\ASP.NET\DataProtection-Keys' as key repository and Windows DPAPI to encrypt keys at rest.

2023-10-14 16:24:15.889 +05:30  INF  Now listening on: https://localhost:7069

2023-10-14 16:24:15.889 +05:30  INF  Now listening on: http://localhost:5069

2023-10-14 16:24:15.894 +05:30  INF  Application started. Press Ctrl+C to shut down.

2023-10-14 16:24:15.895 +05:30  INF  Hosting environment: Development

2023-10-14 16:24:15.895 +05:30  INF  Content root path: D:\Projects\GitHubProjects\virmani_dotnet\DCRM.Api\

2023-10-14 16:24:17.617 +05:30  INF  Request starting HTTP/2 GET https://localhost:7069/swagger - -

2023-10-14 16:24:18.100 +05:30  INF  Request finished HTTP/2 GET https://localhost:7069/swagger - - - 301 0 - 496.3280ms

2023-10-14 16:24:18.102 +05:30  INF  Request starting HTTP/2 GET https://localhost:7069/swagger/index.html - -

2023-10-14 16:24:18.867 +05:30  INF  Request finished HTTP/2 GET https://localhost:7069/swagger/index.html - - - 200 - text/html;charset=utf-8 765.2140ms

2023-10-14 16:24:18.868 +05:30  INF  Request starting HTTP/2 GET https://localhost:7069/swagger/swagger-ui-bundle.js - -

2023-10-14 16:24:18.869 +05:30  INF  Request starting HTTP/2 GET https://localhost:7069/swagger/swagger-ui-standalone-preset.js - -

2023-10-14 16:24:18.869 +05:30  INF  Request starting HTTP/2 GET https://localhost:7069/_framework/aspnetcore-browser-refresh.js - -

2023-10-14 16:24:18.869 +05:30  INF  Request starting HTTP/2 GET https://localhost:7069/_vs/browserLink - -

2023-10-14 16:24:18.870 +05:30  INF  Request starting HTTP/2 GET https://localhost:7069/swagger/swagger-ui.css - -

2023-10-14 16:24:18.881 +05:30  INF  Request finished HTTP/2 GET https://localhost:7069/_framework/aspnetcore-browser-refresh.js - - - 200 12348 application/javascript;+charset=utf-8 10.3999ms

2023-10-14 16:24:18.938 +05:30  INF  Sending file. Request path: '/swagger-ui.css'. Physical path: 'N/A'

2023-10-14 16:24:18.938 +05:30  INF  Request finished HTTP/2 GET https://localhost:7069/swagger/swagger-ui.css - - - 200 143632 text/css 68.2946ms

2023-10-14 16:24:18.977 +05:30  INF  Sending file. Request path: '/swagger-ui-standalone-preset.js'. Physical path: 'N/A'

2023-10-14 16:24:18.978 +05:30  INF  Request finished HTTP/2 GET https://localhost:7069/_vs/browserLink - - - 200 - text/javascript;+charset=UTF-8 108.9157ms

2023-10-14 16:24:18.978 +05:30  INF  Request finished HTTP/2 GET https://localhost:7069/swagger/swagger-ui-standalone-preset.js - - - 200 337162 application/javascript 109.7162ms

2023-10-14 16:24:18.982 +05:30  INF  Sending file. Request path: '/swagger-ui-bundle.js'. Physical path: 'N/A'

2023-10-14 16:24:18.982 +05:30  INF  Request finished HTTP/2 GET https://localhost:7069/swagger/swagger-ui-bundle.js - - - 200 1092889 application/javascript 114.0790ms

2023-10-14 16:24:19.288 +05:30  INF  Request starting HTTP/2 GET https://localhost:7069/swagger/v1/swagger.json - -

2023-10-14 16:24:19.513 +05:30  INF  Request finished HTTP/2 GET https://localhost:7069/swagger/v1/swagger.json - - - 200 - application/json;charset=utf-8 225.2515ms

2023-10-14 16:24:41.023 +05:30  INF  Request starting HTTP/2 POST https://localhost:7069/api/Authenticate/user application/json 57

2023-10-14 16:24:41.049 +05:30  INF  CORS policy execution successful.

2023-10-14 16:24:43.692 +05:30  INF  Executing endpoint 'DCRM.Api.Controllers.AuthenticateController.Post (DCRM.Api)'

2023-10-14 16:24:43.755 +05:30  INF  Route matched with {action = "Post", controller = "Authenticate"}. Executing controller action with signature Microsoft.AspNetCore.Mvc.IActionResult Post(System.String, DCRM.Common.AuthenticateRequest) on controller DCRM.Api.Controllers.AuthenticateController (DCRM.Api).

2023-10-14 16:24:45.989 +05:30  INF  Executed DbCommand (34ms) [Parameters=[@__authenticateRequest_Email_0='?' (Size = 4000), @__authenticateRequest_Password_1='?' (Size = 4000)], CommandType='"Text"', CommandTimeout='30']
SELECT `u`.`Id`, `u`.`About_Me`, `u`.`Account_Type`, `u`.`Address`, `u`.`Available_Days`, `u`.`Bn_Name`, `u`.`City`, `u`.`Country`, `u`.`Created_At`, `u`.`Currency`, `u`.`Degree`, `u`.`Email`, `u`.`Email_Verified`, `u`.`Enable_Appointment`, `u`.`Enable_Rating`, `u`.`Exp_Years`, `u`.`Facebook`, `u`.`Google_Analytics`, `u`.`Image`, `u`.`Instagram`, `u`.`Linkedin`, `u`.`Name`, `u`.`Parent_Id`, `u`.`Password`, `u`.`Paypal_Email`, `u`.`Paypal_Mode`, `u`.`Paypal_Payment`, `u`.`Paystack_Payment`, `u`.`Paystack_Public_Key`, `u`.`Paystack_Secret_Key`, `u`.`Phone`, `u`.`Publish_Key`, `u`.`Qr_Code`, `u`.`Razorpay_Key_Id`, `u`.`Razorpay_Key_Secret`, `u`.`Razorpay_Payment`, `u`.`Role`, `u`.`Secret_Key`, `u`.`Skype`, `u`.`Slug`, `u`.`Specialist`, `u`.`Status`, `u`.`Stripe_Payment`, `u`.`Thumb`, `u`.`Trial_Expire`, `u`.`Twitter`, `u`.`User_Name`, `u`.`User_Type`, `u`.`Verify_Code`, `u`.`Whatsapp`
FROM `Users` AS `u`
WHERE ((`u`.`Status` = 1) AND (`u`.`Email` = @__authenticateRequest_Email_0)) AND (`u`.`Password` = @__authenticateRequest_Password_1)
LIMIT 2

2023-10-14 16:24:46.751 +05:30  INF  Executing OkObjectResult, writing value of type 'DCRM.Common.AuthenticateResponse'.

2023-10-14 16:24:46.775 +05:30  INF  Executed action DCRM.Api.Controllers.AuthenticateController.Post (DCRM.Api) in 3014.6448ms

2023-10-14 16:24:46.776 +05:30  INF  Executed endpoint 'DCRM.Api.Controllers.AuthenticateController.Post (DCRM.Api)'

2023-10-14 16:24:46.794 +05:30  INF  Request finished HTTP/2 POST https://localhost:7069/api/Authenticate/user application/json 57 - 200 - application/json;+charset=utf-8 5771.1568ms

2023-10-14 16:26:00.650 +05:30  INF  Request starting HTTP/2 POST https://localhost:7069/api/Treatmentplan/Create application/json 519

2023-10-14 16:26:00.657 +05:30  INF  CORS policy execution successful.

2023-10-14 16:26:00.828 +05:30  INF  Executed DbCommand (14ms) [Parameters=[@__id_0='?' (DbType = Int64)], CommandType='"Text"', CommandTimeout='30']
SELECT `u`.`Id`, `u`.`About_Me`, `u`.`Account_Type`, `u`.`Address`, `u`.`Available_Days`, `u`.`Bn_Name`, `u`.`City`, `u`.`Country`, `u`.`Created_At`, `u`.`Currency`, `u`.`Degree`, `u`.`Email`, `u`.`Email_Verified`, `u`.`Enable_Appointment`, `u`.`Enable_Rating`, `u`.`Exp_Years`, `u`.`Facebook`, `u`.`Google_Analytics`, `u`.`Image`, `u`.`Instagram`, `u`.`Linkedin`, `u`.`Name`, `u`.`Parent_Id`, `u`.`Password`, `u`.`Paypal_Email`, `u`.`Paypal_Mode`, `u`.`Paypal_Payment`, `u`.`Paystack_Payment`, `u`.`Paystack_Public_Key`, `u`.`Paystack_Secret_Key`, `u`.`Phone`, `u`.`Publish_Key`, `u`.`Qr_Code`, `u`.`Razorpay_Key_Id`, `u`.`Razorpay_Key_Secret`, `u`.`Razorpay_Payment`, `u`.`Role`, `u`.`Secret_Key`, `u`.`Skype`, `u`.`Slug`, `u`.`Specialist`, `u`.`Status`, `u`.`Stripe_Payment`, `u`.`Thumb`, `u`.`Trial_Expire`, `u`.`Twitter`, `u`.`User_Name`, `u`.`User_Type`, `u`.`Verify_Code`, `u`.`Whatsapp`
FROM `Users` AS `u`
WHERE `u`.`Id` = @__id_0
LIMIT 1

2023-10-14 16:26:00.830 +05:30  INF  Executing endpoint 'DCRM.Api.Controllers.TreatmentplanController.Create (DCRM.Api)'

2023-10-14 16:26:00.833 +05:30  INF  Route matched with {action = "Create", controller = "Treatmentplan"}. Executing controller action with signature Microsoft.AspNetCore.Mvc.IActionResult Create(DCRM.Common.RequestModel.TreatmentplanRequest) on controller DCRM.Api.Controllers.TreatmentplanController (DCRM.Api).

2023-10-14 16:26:10.630 +05:30  INF  Executed DbCommand (49ms) [Parameters=[@p0='?' (DbType = Single), @p1='?' (Size = 4000), @p2='?' (Size = 4000), @p3='?' (DbType = DateTime), @p4='?' (DbType = DateTime), @p5='?' (DbType = Int32), @p6='?' (DbType = Single), @p7='?' (Size = 4000), @p8='?' (Size = 4000), @p9='?' (DbType = Int32), @p10='?' (DbType = Int32), @p11='?' (Size = 4000), @p12='?' (DbType = Int32), @p13='?' (DbType = Int32), @p14='?' (DbType = SByte), @p15='?' (DbType = DateTime)], CommandType='"Text"', CommandTimeout='30']
INSERT INTO `Treatmentplans` (`Amount`, `Completed_Date`, `Courtesy`, `Created_At`, `Date`, `Doctor`, `Estimated_Amount`, `Individual_Tooth_Wrk`, `Job`, `Job_Id`, `Patient_Id`, `Print_Tooth_Name`, `Sitting_Status`, `Status`, `Treatment_Status`, `Updated_At`)
VALUES (@p0, @p1, @p2, @p3, @p4, @p5, @p6, @p7, @p8, @p9, @p10, @p11, @p12, @p13, @p14, @p15);
SELECT `Id`
FROM `Treatmentplans`
WHERE ROW_COUNT() = 1 AND `Id` = LAST_INSERT_ID();

2023-10-14 16:26:28.209 +05:30  ERR  Failed executing DbCommand (105ms) [Parameters=[@p0='?' (DbType = DateTime), @p1='?' (DbType = DateTime), @p2='?' (DbType = Int64), @p3='?' (Size = 4000), @p4='?' (Size = 4000), @p5='?' (Size = 4000), @p6='?' (DbType = Int32), @p7='?' (DbType = Int32), @p8='?' (Size = 4000), @p9='?' (DbType = Int64), @p10='?' (Size = 4000), @p11='?' (Size = 4000), @p12='?' (DbType = Int64), @p13='?' (Size = 4000), @p14='?' (DbType = Int32)], CommandType='"Text"', CommandTimeout='30']
INSERT INTO `Teethinfo` (`Added_Date`, `Date`, `Doc_Id`, `Note_Status`, `Ord`, `Rmd`, `Sitting`, `Teeth_Id`, `Teeth_Number_Note`, `Tooth_Patient_Id`, `Toth_Note`, `Treatment_Notes`, `Treatmentplans_Id`, `Type`, `Workdone_Id`)
VALUES (@p0, @p1, @p2, @p3, @p4, @p5, @p6, @p7, @p8, @p9, @p10, @p11, @p12, @p13, @p14);
SELECT `Id`
FROM `Teethinfo`
WHERE ROW_COUNT() = 1 AND `Id` = LAST_INSERT_ID();

2023-10-14 16:26:28.232 +05:30  ERR  An exception occurred in the database while saving changes for context type 'DCRM.Repository.Database.DCRMDBContext'.
Microsoft.EntityFrameworkCore.DbUpdateException: Could not save changes. Please configure your entity type accordingly.
 ---> MySql.Data.MySqlClient.MySqlException (0x80004005): Column 'note_status' cannot be null
   at MySql.Data.MySqlClient.MySqlStream.ReadPacketAsync(Boolean execAsync)
   at MySql.Data.MySqlClient.NativeDriver.GetResultAsync(Int32 affectedRow, Int64 insertedId, Boolean execAsync)
   at MySql.Data.MySqlClient.Driver.GetResultAsync(Int32 statementId, Int32 affectedRows, Int64 insertedId, Boolean execAsync)
   at MySql.Data.MySqlClient.Driver.NextResultAsync(Int32 statementId, Boolean force, Boolean execAsync)
   at MySql.Data.MySqlClient.MySqlDataReader.NextResultAsync(Boolean execAsync, CancellationToken cancellationToken)
   at MySql.Data.MySqlClient.MySqlDataReader.NextResultAsync(Boolean execAsync, CancellationToken cancellationToken)
   at MySql.Data.MySqlClient.MySqlCommand.ExecuteReaderAsync(CommandBehavior behavior, Boolean execAsync, CancellationToken cancellationToken)
   at MySql.Data.MySqlClient.MySqlCommand.ExecuteReaderAsync(CommandBehavior behavior, Boolean execAsync, CancellationToken cancellationToken)
   at MySql.Data.MySqlClient.MySqlCommand.ExecuteReaderAsync(CommandBehavior behavior, Boolean execAsync, CancellationToken cancellationToken)
   at MySql.Data.MySqlClient.MySqlCommand.ExecuteReader(CommandBehavior behavior)
   at Microsoft.EntityFrameworkCore.Storage.RelationalCommand.ExecuteReader(RelationalCommandParameterObject parameterObject)
   at Microsoft.EntityFrameworkCore.Update.ReaderModificationCommandBatch.Execute(IRelationalConnection connection)
   --- End of inner exception stack trace ---
   at MySql.EntityFrameworkCore.Update.MySQLModificationCommandBatch.Execute(IRelationalConnection connection)
   at Microsoft.EntityFrameworkCore.Update.Internal.BatchExecutor.Execute(IEnumerable`1 commandBatches, IRelationalConnection connection)
   at Microsoft.EntityFrameworkCore.ChangeTracking.Internal.StateManager.SaveChanges(IList`1 entriesToSave)
   at Microsoft.EntityFrameworkCore.ChangeTracking.Internal.StateManager.SaveChanges(StateManager stateManager, Boolean acceptAllChangesOnSuccess)
   at MySql.EntityFrameworkCore.Storage.Internal.MySQLExecutionStrategy.Execute[TState,TResult](TState state, Func`3 operation, Func`3 verifySucceeded)
   at Microsoft.EntityFrameworkCore.ChangeTracking.Internal.StateManager.SaveChanges(Boolean acceptAllChangesOnSuccess)
   at Microsoft.EntityFrameworkCore.DbContext.SaveChanges(Boolean acceptAllChangesOnSuccess)Microsoft.EntityFrameworkCore.DbUpdateException: Could not save changes. Please configure your entity type accordingly.
 ---> MySql.Data.MySqlClient.MySqlException (0x80004005): Column 'note_status' cannot be null
   at MySql.Data.MySqlClient.MySqlStream.ReadPacketAsync(Boolean execAsync)
   at MySql.Data.MySqlClient.NativeDriver.GetResultAsync(Int32 affectedRow, Int64 insertedId, Boolean execAsync)
   at MySql.Data.MySqlClient.Driver.GetResultAsync(Int32 statementId, Int32 affectedRows, Int64 insertedId, Boolean execAsync)
   at MySql.Data.MySqlClient.Driver.NextResultAsync(Int32 statementId, Boolean force, Boolean execAsync)
   at MySql.Data.MySqlClient.MySqlDataReader.NextResultAsync(Boolean execAsync, CancellationToken cancellationToken)
   at MySql.Data.MySqlClient.MySqlDataReader.NextResultAsync(Boolean execAsync, CancellationToken cancellationToken)
   at MySql.Data.MySqlClient.MySqlCommand.ExecuteReaderAsync(CommandBehavior behavior, Boolean execAsync, CancellationToken cancellationToken)
   at MySql.Data.MySqlClient.MySqlCommand.ExecuteReaderAsync(CommandBehavior behavior, Boolean execAsync, CancellationToken cancellationToken)
   at MySql.Data.MySqlClient.MySqlCommand.ExecuteReaderAsync(CommandBehavior behavior, Boolean execAsync, CancellationToken cancellationToken)
   at MySql.Data.MySqlClient.MySqlCommand.ExecuteReader(CommandBehavior behavior)
   at Microsoft.EntityFrameworkCore.Storage.RelationalCommand.ExecuteReader(RelationalCommandParameterObject parameterObject)
   at Microsoft.EntityFrameworkCore.Update.ReaderModificationCommandBatch.Execute(IRelationalConnection connection)
   --- End of inner exception stack trace ---
   at MySql.EntityFrameworkCore.Update.MySQLModificationCommandBatch.Execute(IRelationalConnection connection)
   at Microsoft.EntityFrameworkCore.Update.Internal.BatchExecutor.Execute(IEnumerable`1 commandBatches, IRelationalConnection connection)
   at Microsoft.EntityFrameworkCore.ChangeTracking.Internal.StateManager.SaveChanges(IList`1 entriesToSave)
   at Microsoft.EntityFrameworkCore.ChangeTracking.Internal.StateManager.SaveChanges(StateManager stateManager, Boolean acceptAllChangesOnSuccess)
   at MySql.EntityFrameworkCore.Storage.Internal.MySQLExecutionStrategy.Execute[TState,TResult](TState state, Func`3 operation, Func`3 verifySucceeded)
   at Microsoft.EntityFrameworkCore.ChangeTracking.Internal.StateManager.SaveChanges(Boolean acceptAllChangesOnSuccess)
   at Microsoft.EntityFrameworkCore.DbContext.SaveChanges(Boolean acceptAllChangesOnSuccess)


2023-10-14 16:27:38.514 +05:30  INF  Executed action DCRM.Api.Controllers.TreatmentplanController.Create (DCRM.Api) in 97681.1625ms

2023-10-14 16:27:38.517 +05:30  INF  Executed endpoint 'DCRM.Api.Controllers.TreatmentplanController.Create (DCRM.Api)'

2023-10-14 16:27:38.575 +05:30  INF  Request finished HTTP/2 POST https://localhost:7069/api/Treatmentplan/Create application/json 519 - 500 - application/json 97924.4492ms

2023-10-14 16:27:50.171 +05:30  INF  Request starting HTTP/2 POST https://localhost:7069/api/Treatmentplan/Create application/json 519

2023-10-14 16:27:50.173 +05:30  INF  CORS policy execution successful.

2023-10-14 16:27:50.219 +05:30  INF  Executed DbCommand (1ms) [Parameters=[@__id_0='?' (DbType = Int64)], CommandType='"Text"', CommandTimeout='30']
SELECT `u`.`Id`, `u`.`About_Me`, `u`.`Account_Type`, `u`.`Address`, `u`.`Available_Days`, `u`.`Bn_Name`, `u`.`City`, `u`.`Country`, `u`.`Created_At`, `u`.`Currency`, `u`.`Degree`, `u`.`Email`, `u`.`Email_Verified`, `u`.`Enable_Appointment`, `u`.`Enable_Rating`, `u`.`Exp_Years`, `u`.`Facebook`, `u`.`Google_Analytics`, `u`.`Image`, `u`.`Instagram`, `u`.`Linkedin`, `u`.`Name`, `u`.`Parent_Id`, `u`.`Password`, `u`.`Paypal_Email`, `u`.`Paypal_Mode`, `u`.`Paypal_Payment`, `u`.`Paystack_Payment`, `u`.`Paystack_Public_Key`, `u`.`Paystack_Secret_Key`, `u`.`Phone`, `u`.`Publish_Key`, `u`.`Qr_Code`, `u`.`Razorpay_Key_Id`, `u`.`Razorpay_Key_Secret`, `u`.`Razorpay_Payment`, `u`.`Role`, `u`.`Secret_Key`, `u`.`Skype`, `u`.`Slug`, `u`.`Specialist`, `u`.`Status`, `u`.`Stripe_Payment`, `u`.`Thumb`, `u`.`Trial_Expire`, `u`.`Twitter`, `u`.`User_Name`, `u`.`User_Type`, `u`.`Verify_Code`, `u`.`Whatsapp`
FROM `Users` AS `u`
WHERE `u`.`Id` = @__id_0
LIMIT 1

2023-10-14 16:27:50.219 +05:30  INF  Executing endpoint 'DCRM.Api.Controllers.TreatmentplanController.Create (DCRM.Api)'

2023-10-14 16:27:50.220 +05:30  INF  Route matched with {action = "Create", controller = "Treatmentplan"}. Executing controller action with signature Microsoft.AspNetCore.Mvc.IActionResult Create(DCRM.Common.RequestModel.TreatmentplanRequest) on controller DCRM.Api.Controllers.TreatmentplanController (DCRM.Api).

2023-10-14 16:27:55.969 +05:30  INF  Executed DbCommand (2ms) [Parameters=[@p0='?' (DbType = Single), @p1='?' (Size = 4000), @p2='?' (Size = 4000), @p3='?' (DbType = DateTime), @p4='?' (DbType = DateTime), @p5='?' (DbType = Int32), @p6='?' (DbType = Single), @p7='?' (Size = 4000), @p8='?' (Size = 4000), @p9='?' (DbType = Int32), @p10='?' (DbType = Int32), @p11='?' (Size = 4000), @p12='?' (DbType = Int32), @p13='?' (DbType = Int32), @p14='?' (DbType = SByte), @p15='?' (DbType = DateTime)], CommandType='"Text"', CommandTimeout='30']
INSERT INTO `Treatmentplans` (`Amount`, `Completed_Date`, `Courtesy`, `Created_At`, `Date`, `Doctor`, `Estimated_Amount`, `Individual_Tooth_Wrk`, `Job`, `Job_Id`, `Patient_Id`, `Print_Tooth_Name`, `Sitting_Status`, `Status`, `Treatment_Status`, `Updated_At`)
VALUES (@p0, @p1, @p2, @p3, @p4, @p5, @p6, @p7, @p8, @p9, @p10, @p11, @p12, @p13, @p14, @p15);
SELECT `Id`
FROM `Treatmentplans`
WHERE ROW_COUNT() = 1 AND `Id` = LAST_INSERT_ID();

2023-10-14 16:28:02.127 +05:30  ERR  Failed executing DbCommand (8ms) [Parameters=[@p0='?' (DbType = DateTime), @p1='?' (DbType = DateTime), @p2='?' (DbType = Int64), @p3='?' (Size = 4000), @p4='?' (Size = 4000), @p5='?' (Size = 4000), @p6='?' (DbType = Int32), @p7='?' (DbType = Int32), @p8='?' (Size = 4000), @p9='?' (DbType = Int64), @p10='?' (Size = 4000), @p11='?' (Size = 4000), @p12='?' (DbType = Int64), @p13='?' (Size = 4000), @p14='?' (DbType = Int32)], CommandType='"Text"', CommandTimeout='30']
INSERT INTO `Teethinfo` (`Added_Date`, `Date`, `Doc_Id`, `Note_Status`, `Ord`, `Rmd`, `Sitting`, `Teeth_Id`, `Teeth_Number_Note`, `Tooth_Patient_Id`, `Toth_Note`, `Treatment_Notes`, `Treatmentplans_Id`, `Type`, `Workdone_Id`)
VALUES (@p0, @p1, @p2, @p3, @p4, @p5, @p6, @p7, @p8, @p9, @p10, @p11, @p12, @p13, @p14);
SELECT `Id`
FROM `Teethinfo`
WHERE ROW_COUNT() = 1 AND `Id` = LAST_INSERT_ID();

2023-10-14 16:28:02.132 +05:30  ERR  An exception occurred in the database while saving changes for context type 'DCRM.Repository.Database.DCRMDBContext'.
Microsoft.EntityFrameworkCore.DbUpdateException: Could not save changes. Please configure your entity type accordingly.
 ---> MySql.Data.MySqlClient.MySqlException (0x80004005): Column 'ord' cannot be null
   at MySql.Data.MySqlClient.MySqlStream.ReadPacketAsync(Boolean execAsync)
   at MySql.Data.MySqlClient.NativeDriver.GetResultAsync(Int32 affectedRow, Int64 insertedId, Boolean execAsync)
   at MySql.Data.MySqlClient.Driver.GetResultAsync(Int32 statementId, Int32 affectedRows, Int64 insertedId, Boolean execAsync)
   at MySql.Data.MySqlClient.Driver.NextResultAsync(Int32 statementId, Boolean force, Boolean execAsync)
   at MySql.Data.MySqlClient.MySqlDataReader.NextResultAsync(Boolean execAsync, CancellationToken cancellationToken)
   at MySql.Data.MySqlClient.MySqlDataReader.NextResultAsync(Boolean execAsync, CancellationToken cancellationToken)
   at MySql.Data.MySqlClient.MySqlCommand.ExecuteReaderAsync(CommandBehavior behavior, Boolean execAsync, CancellationToken cancellationToken)
   at MySql.Data.MySqlClient.MySqlCommand.ExecuteReaderAsync(CommandBehavior behavior, Boolean execAsync, CancellationToken cancellationToken)
   at MySql.Data.MySqlClient.MySqlCommand.ExecuteReaderAsync(CommandBehavior behavior, Boolean execAsync, CancellationToken cancellationToken)
   at MySql.Data.MySqlClient.MySqlCommand.ExecuteReader(CommandBehavior behavior)
   at Microsoft.EntityFrameworkCore.Storage.RelationalCommand.ExecuteReader(RelationalCommandParameterObject parameterObject)
   at Microsoft.EntityFrameworkCore.Update.ReaderModificationCommandBatch.Execute(IRelationalConnection connection)
   --- End of inner exception stack trace ---
   at MySql.EntityFrameworkCore.Update.MySQLModificationCommandBatch.Execute(IRelationalConnection connection)
   at Microsoft.EntityFrameworkCore.Update.Internal.BatchExecutor.Execute(IEnumerable`1 commandBatches, IRelationalConnection connection)
   at Microsoft.EntityFrameworkCore.ChangeTracking.Internal.StateManager.SaveChanges(IList`1 entriesToSave)
   at Microsoft.EntityFrameworkCore.ChangeTracking.Internal.StateManager.SaveChanges(StateManager stateManager, Boolean acceptAllChangesOnSuccess)
   at MySql.EntityFrameworkCore.Storage.Internal.MySQLExecutionStrategy.Execute[TState,TResult](TState state, Func`3 operation, Func`3 verifySucceeded)
   at Microsoft.EntityFrameworkCore.ChangeTracking.Internal.StateManager.SaveChanges(Boolean acceptAllChangesOnSuccess)
   at Microsoft.EntityFrameworkCore.DbContext.SaveChanges(Boolean acceptAllChangesOnSuccess)Microsoft.EntityFrameworkCore.DbUpdateException: Could not save changes. Please configure your entity type accordingly.
 ---> MySql.Data.MySqlClient.MySqlException (0x80004005): Column 'ord' cannot be null
   at MySql.Data.MySqlClient.MySqlStream.ReadPacketAsync(Boolean execAsync)
   at MySql.Data.MySqlClient.NativeDriver.GetResultAsync(Int32 affectedRow, Int64 insertedId, Boolean execAsync)
   at MySql.Data.MySqlClient.Driver.GetResultAsync(Int32 statementId, Int32 affectedRows, Int64 insertedId, Boolean execAsync)
   at MySql.Data.MySqlClient.Driver.NextResultAsync(Int32 statementId, Boolean force, Boolean execAsync)
   at MySql.Data.MySqlClient.MySqlDataReader.NextResultAsync(Boolean execAsync, CancellationToken cancellationToken)
   at MySql.Data.MySqlClient.MySqlDataReader.NextResultAsync(Boolean execAsync, CancellationToken cancellationToken)
   at MySql.Data.MySqlClient.MySqlCommand.ExecuteReaderAsync(CommandBehavior behavior, Boolean execAsync, CancellationToken cancellationToken)
   at MySql.Data.MySqlClient.MySqlCommand.ExecuteReaderAsync(CommandBehavior behavior, Boolean execAsync, CancellationToken cancellationToken)
   at MySql.Data.MySqlClient.MySqlCommand.ExecuteReaderAsync(CommandBehavior behavior, Boolean execAsync, CancellationToken cancellationToken)
   at MySql.Data.MySqlClient.MySqlCommand.ExecuteReader(CommandBehavior behavior)
   at Microsoft.EntityFrameworkCore.Storage.RelationalCommand.ExecuteReader(RelationalCommandParameterObject parameterObject)
   at Microsoft.EntityFrameworkCore.Update.ReaderModificationCommandBatch.Execute(IRelationalConnection connection)
   --- End of inner exception stack trace ---
   at MySql.EntityFrameworkCore.Update.MySQLModificationCommandBatch.Execute(IRelationalConnection connection)
   at Microsoft.EntityFrameworkCore.Update.Internal.BatchExecutor.Execute(IEnumerable`1 commandBatches, IRelationalConnection connection)
   at Microsoft.EntityFrameworkCore.ChangeTracking.Internal.StateManager.SaveChanges(IList`1 entriesToSave)
   at Microsoft.EntityFrameworkCore.ChangeTracking.Internal.StateManager.SaveChanges(StateManager stateManager, Boolean acceptAllChangesOnSuccess)
   at MySql.EntityFrameworkCore.Storage.Internal.MySQLExecutionStrategy.Execute[TState,TResult](TState state, Func`3 operation, Func`3 verifySucceeded)
   at Microsoft.EntityFrameworkCore.ChangeTracking.Internal.StateManager.SaveChanges(Boolean acceptAllChangesOnSuccess)
   at Microsoft.EntityFrameworkCore.DbContext.SaveChanges(Boolean acceptAllChangesOnSuccess)


2023-10-14 16:32:08.544 +05:30  INF  User profile is available. Using 'C:\Users\DELL\AppData\Local\ASP.NET\DataProtection-Keys' as key repository and Windows DPAPI to encrypt keys at rest.

2023-10-14 16:32:09.205 +05:30  INF  Now listening on: https://localhost:7069

2023-10-14 16:32:09.205 +05:30  INF  Now listening on: http://localhost:5069

2023-10-14 16:32:09.211 +05:30  INF  Application started. Press Ctrl+C to shut down.

2023-10-14 16:32:09.212 +05:30  INF  Hosting environment: Development

2023-10-14 16:32:09.212 +05:30  INF  Content root path: D:\Projects\GitHubProjects\virmani_dotnet\DCRM.Api\

2023-10-14 16:32:10.812 +05:30  INF  Request starting HTTP/2 GET https://localhost:7069/swagger - -

2023-10-14 16:32:11.299 +05:30  INF  Request finished HTTP/2 GET https://localhost:7069/swagger - - - 301 0 - 508.0071ms

2023-10-14 16:32:11.303 +05:30  INF  Request starting HTTP/2 GET https://localhost:7069/swagger/index.html - -

2023-10-14 16:32:12.167 +05:30  INF  Request starting HTTP/2 GET https://localhost:7069/swagger/swagger-ui-bundle.js - -

2023-10-14 16:32:12.167 +05:30  INF  Request starting HTTP/2 GET https://localhost:7069/swagger/swagger-ui-standalone-preset.js - -

2023-10-14 16:32:12.177 +05:30  INF  Request starting HTTP/2 GET https://localhost:7069/_framework/aspnetcore-browser-refresh.js - -

2023-10-14 16:32:12.186 +05:30  INF  Request starting HTTP/2 GET https://localhost:7069/swagger/swagger-ui.css - -

2023-10-14 16:32:12.186 +05:30  INF  Request starting HTTP/2 GET https://localhost:7069/_vs/browserLink - -

2023-10-14 16:32:12.191 +05:30  INF  Request finished HTTP/2 GET https://localhost:7069/swagger/index.html - - - 200 - text/html;charset=utf-8 887.4074ms

2023-10-14 16:32:12.204 +05:30  INF  Request finished HTTP/2 GET https://localhost:7069/_framework/aspnetcore-browser-refresh.js - - - 200 12348 application/javascript;+charset=utf-8 26.7051ms

2023-10-14 16:32:12.295 +05:30  INF  Request finished HTTP/2 GET https://localhost:7069/_vs/browserLink - - - 200 - text/javascript;+charset=UTF-8 109.1270ms

2023-10-14 16:32:12.318 +05:30  INF  Sending file. Request path: '/swagger-ui-standalone-preset.js'. Physical path: 'N/A'

2023-10-14 16:32:12.318 +05:30  INF  Sending file. Request path: '/swagger-ui.css'. Physical path: 'N/A'

2023-10-14 16:32:12.319 +05:30  INF  Request finished HTTP/2 GET https://localhost:7069/swagger/swagger-ui-standalone-preset.js - - - 200 337162 application/javascript 151.1038ms

2023-10-14 16:32:12.319 +05:30  INF  Request finished HTTP/2 GET https://localhost:7069/swagger/swagger-ui.css - - - 200 143632 text/css 135.0823ms

2023-10-14 16:32:12.322 +05:30  INF  Sending file. Request path: '/swagger-ui-bundle.js'. Physical path: 'N/A'

2023-10-14 16:32:12.322 +05:30  INF  Request finished HTTP/2 GET https://localhost:7069/swagger/swagger-ui-bundle.js - - - 200 1092889 application/javascript 155.4595ms

2023-10-14 16:32:12.662 +05:30  INF  Request starting HTTP/2 GET https://localhost:7069/swagger/v1/swagger.json - -

2023-10-14 16:32:12.945 +05:30  INF  Request finished HTTP/2 GET https://localhost:7069/swagger/v1/swagger.json - - - 200 - application/json;charset=utf-8 282.4437ms

2023-10-14 16:33:12.987 +05:30  INF  Request starting HTTP/2 POST https://localhost:7069/api/Treatmentplan/Create application/json 615

2023-10-14 16:33:12.995 +05:30  INF  CORS policy execution successful.

2023-10-14 16:33:14.541 +05:30  INF  Executing endpoint 'DCRM.Api.Controllers.TreatmentplanController.Create (DCRM.Api)'

2023-10-14 16:33:14.583 +05:30  INF  Route matched with {action = "Create", controller = "Treatmentplan"}. Executing controller action with signature Microsoft.AspNetCore.Mvc.IActionResult Create(DCRM.Common.RequestModel.TreatmentplanRequest) on controller DCRM.Api.Controllers.TreatmentplanController (DCRM.Api).

2023-10-14 16:33:14.595 +05:30  INF  Authorization failed for the request at filter 'DCRM.Common.Authorization.AuthorizeAttribute'.

2023-10-14 16:33:14.598 +05:30  INF  Executing JsonResult, writing value of type '<>f__AnonymousType0`1[[System.String, System.Private.CoreLib, Version=6.0.0.0, Culture=neutral, PublicKeyToken=7cec85d7bea7798e]]'.

2023-10-14 16:33:14.646 +05:30  INF  Executed action DCRM.Api.Controllers.TreatmentplanController.Create (DCRM.Api) in 36.6264ms

2023-10-14 16:33:14.654 +05:30  INF  Executed endpoint 'DCRM.Api.Controllers.TreatmentplanController.Create (DCRM.Api)'

2023-10-14 16:33:14.670 +05:30  INF  Request finished HTTP/2 POST https://localhost:7069/api/Treatmentplan/Create application/json 615 - 401 - application/json;+charset=utf-8 1682.2191ms

2023-10-14 16:33:47.440 +05:30  INF  Request starting HTTP/2 POST https://localhost:7069/api/Authenticate/user application/json 57

2023-10-14 16:33:47.442 +05:30  INF  CORS policy execution successful.

2023-10-14 16:33:47.484 +05:30  INF  Executing endpoint 'DCRM.Api.Controllers.AuthenticateController.Post (DCRM.Api)'

2023-10-14 16:33:47.506 +05:30  INF  Route matched with {action = "Post", controller = "Authenticate"}. Executing controller action with signature Microsoft.AspNetCore.Mvc.IActionResult Post(System.String, DCRM.Common.AuthenticateRequest) on controller DCRM.Api.Controllers.AuthenticateController (DCRM.Api).

2023-10-14 16:33:48.915 +05:30  INF  Executed DbCommand (44ms) [Parameters=[@__authenticateRequest_Email_0='?' (Size = 4000), @__authenticateRequest_Password_1='?' (Size = 4000)], CommandType='"Text"', CommandTimeout='30']
SELECT `u`.`Id`, `u`.`About_Me`, `u`.`Account_Type`, `u`.`Address`, `u`.`Available_Days`, `u`.`Bn_Name`, `u`.`City`, `u`.`Country`, `u`.`Created_At`, `u`.`Currency`, `u`.`Degree`, `u`.`Email`, `u`.`Email_Verified`, `u`.`Enable_Appointment`, `u`.`Enable_Rating`, `u`.`Exp_Years`, `u`.`Facebook`, `u`.`Google_Analytics`, `u`.`Image`, `u`.`Instagram`, `u`.`Linkedin`, `u`.`Name`, `u`.`Parent_Id`, `u`.`Password`, `u`.`Paypal_Email`, `u`.`Paypal_Mode`, `u`.`Paypal_Payment`, `u`.`Paystack_Payment`, `u`.`Paystack_Public_Key`, `u`.`Paystack_Secret_Key`, `u`.`Phone`, `u`.`Publish_Key`, `u`.`Qr_Code`, `u`.`Razorpay_Key_Id`, `u`.`Razorpay_Key_Secret`, `u`.`Razorpay_Payment`, `u`.`Role`, `u`.`Secret_Key`, `u`.`Skype`, `u`.`Slug`, `u`.`Specialist`, `u`.`Status`, `u`.`Stripe_Payment`, `u`.`Thumb`, `u`.`Trial_Expire`, `u`.`Twitter`, `u`.`User_Name`, `u`.`User_Type`, `u`.`Verify_Code`, `u`.`Whatsapp`
FROM `Users` AS `u`
WHERE ((`u`.`Status` = 1) AND (`u`.`Email` = @__authenticateRequest_Email_0)) AND (`u`.`Password` = @__authenticateRequest_Password_1)
LIMIT 2

2023-10-14 16:33:49.323 +05:30  INF  Executing OkObjectResult, writing value of type 'DCRM.Common.AuthenticateResponse'.

2023-10-14 16:33:49.331 +05:30  INF  Executed action DCRM.Api.Controllers.AuthenticateController.Post (DCRM.Api) in 1824.5862ms

2023-10-14 16:33:49.331 +05:30  INF  Executed endpoint 'DCRM.Api.Controllers.AuthenticateController.Post (DCRM.Api)'

2023-10-14 16:33:49.340 +05:30  INF  Request finished HTTP/2 POST https://localhost:7069/api/Authenticate/user application/json 57 - 200 - application/json;+charset=utf-8 1900.4510ms

2023-10-14 16:34:34.510 +05:30  INF  Request starting HTTP/2 POST https://localhost:7069/api/Treatmentplan/Create application/json 615

2023-10-14 16:34:34.516 +05:30  INF  CORS policy execution successful.

2023-10-14 16:34:34.651 +05:30  INF  Executed DbCommand (3ms) [Parameters=[@__id_0='?' (DbType = Int64)], CommandType='"Text"', CommandTimeout='30']
SELECT `u`.`Id`, `u`.`About_Me`, `u`.`Account_Type`, `u`.`Address`, `u`.`Available_Days`, `u`.`Bn_Name`, `u`.`City`, `u`.`Country`, `u`.`Created_At`, `u`.`Currency`, `u`.`Degree`, `u`.`Email`, `u`.`Email_Verified`, `u`.`Enable_Appointment`, `u`.`Enable_Rating`, `u`.`Exp_Years`, `u`.`Facebook`, `u`.`Google_Analytics`, `u`.`Image`, `u`.`Instagram`, `u`.`Linkedin`, `u`.`Name`, `u`.`Parent_Id`, `u`.`Password`, `u`.`Paypal_Email`, `u`.`Paypal_Mode`, `u`.`Paypal_Payment`, `u`.`Paystack_Payment`, `u`.`Paystack_Public_Key`, `u`.`Paystack_Secret_Key`, `u`.`Phone`, `u`.`Publish_Key`, `u`.`Qr_Code`, `u`.`Razorpay_Key_Id`, `u`.`Razorpay_Key_Secret`, `u`.`Razorpay_Payment`, `u`.`Role`, `u`.`Secret_Key`, `u`.`Skype`, `u`.`Slug`, `u`.`Specialist`, `u`.`Status`, `u`.`Stripe_Payment`, `u`.`Thumb`, `u`.`Trial_Expire`, `u`.`Twitter`, `u`.`User_Name`, `u`.`User_Type`, `u`.`Verify_Code`, `u`.`Whatsapp`
FROM `Users` AS `u`
WHERE `u`.`Id` = @__id_0
LIMIT 1

2023-10-14 16:34:34.652 +05:30  INF  Executing endpoint 'DCRM.Api.Controllers.TreatmentplanController.Create (DCRM.Api)'

2023-10-14 16:34:34.652 +05:30  INF  Route matched with {action = "Create", controller = "Treatmentplan"}. Executing controller action with signature Microsoft.AspNetCore.Mvc.IActionResult Create(DCRM.Common.RequestModel.TreatmentplanRequest) on controller DCRM.Api.Controllers.TreatmentplanController (DCRM.Api).

2023-10-14 16:34:37.786 +05:30  INF  Executed DbCommand (25ms) [Parameters=[@p0='?' (DbType = Single), @p1='?' (Size = 4000), @p2='?' (Size = 4000), @p3='?' (DbType = DateTime), @p4='?' (DbType = DateTime), @p5='?' (DbType = Int32), @p6='?' (DbType = Single), @p7='?' (Size = 4000), @p8='?' (Size = 4000), @p9='?' (DbType = Int32), @p10='?' (DbType = Int32), @p11='?' (Size = 4000), @p12='?' (DbType = Int32), @p13='?' (DbType = Int32), @p14='?' (DbType = SByte), @p15='?' (DbType = DateTime)], CommandType='"Text"', CommandTimeout='30']
INSERT INTO `Treatmentplans` (`Amount`, `Completed_Date`, `Courtesy`, `Created_At`, `Date`, `Doctor`, `Estimated_Amount`, `Individual_Tooth_Wrk`, `Job`, `Job_Id`, `Patient_Id`, `Print_Tooth_Name`, `Sitting_Status`, `Status`, `Treatment_Status`, `Updated_At`)
VALUES (@p0, @p1, @p2, @p3, @p4, @p5, @p6, @p7, @p8, @p9, @p10, @p11, @p12, @p13, @p14, @p15);
SELECT `Id`
FROM `Treatmentplans`
WHERE ROW_COUNT() = 1 AND `Id` = LAST_INSERT_ID();

2023-10-14 16:34:44.832 +05:30  INF  Executed DbCommand (30ms) [Parameters=[@p0='?' (DbType = DateTime), @p1='?' (DbType = DateTime), @p2='?' (DbType = Int64), @p3='?' (Size = 4000), @p4='?' (Size = 4000), @p5='?' (Size = 4000), @p6='?' (DbType = Int32), @p7='?' (DbType = Int32), @p8='?' (Size = 4000), @p9='?' (DbType = Int64), @p10='?' (Size = 4000), @p11='?' (Size = 4000), @p12='?' (DbType = Int64), @p13='?' (Size = 4000), @p14='?' (DbType = Int32)], CommandType='"Text"', CommandTimeout='30']
INSERT INTO `Teethinfo` (`Added_Date`, `Date`, `Doc_Id`, `Note_Status`, `Ord`, `Rmd`, `Sitting`, `Teeth_Id`, `Teeth_Number_Note`, `Tooth_Patient_Id`, `Toth_Note`, `Treatment_Notes`, `Treatmentplans_Id`, `Type`, `Workdone_Id`)
VALUES (@p0, @p1, @p2, @p3, @p4, @p5, @p6, @p7, @p8, @p9, @p10, @p11, @p12, @p13, @p14);
SELECT `Id`
FROM `Teethinfo`
WHERE ROW_COUNT() = 1 AND `Id` = LAST_INSERT_ID();

2023-10-14 16:34:48.419 +05:30  INF  Executing OkObjectResult, writing value of type 'System.Int64'.

2023-10-14 16:34:48.428 +05:30  INF  Executed action DCRM.Api.Controllers.TreatmentplanController.Create (DCRM.Api) in 13775.7399ms

2023-10-14 16:34:48.428 +05:30  INF  Executed endpoint 'DCRM.Api.Controllers.TreatmentplanController.Create (DCRM.Api)'

2023-10-14 16:34:48.428 +05:30  INF  Request finished HTTP/2 POST https://localhost:7069/api/Treatmentplan/Create application/json 615 - 200 - application/json;+charset=utf-8 13917.9441ms

