2023-09-22 10:33:38.736 +05:30  INF  User profile is available. Using 'C:\Users\DELL\AppData\Local\ASP.NET\DataProtection-Keys' as key repository and Windows DPAPI to encrypt keys at rest.
2023-09-22 10:33:39.491 +05:30  INF  Now listening on: https://localhost:7069
2023-09-22 10:33:39.491 +05:30  INF  Now listening on: http://localhost:5069
2023-09-22 10:33:39.496 +05:30  INF  Application started. Press Ctrl+C to shut down.
2023-09-22 10:33:39.496 +05:30  INF  Hosting environment: Development
2023-09-22 10:33:39.496 +05:30  INF  Content root path: D:\Projects\GitHubProjects\virmani_dotnet\DCRM.Api\
2023-09-22 10:33:41.408 +05:30  INF  Request starting HTTP/2 GET https://localhost:7069/swagger - -
2023-09-22 10:33:41.579 +05:30  INF  Request finished HTTP/2 GET https://localhost:7069/swagger - - - 301 0 - 172.8287ms
2023-09-22 10:33:41.580 +05:30  INF  Request starting HTTP/2 GET https://localhost:7069/swagger/index.html - -
2023-09-22 10:33:42.241 +05:30  INF  Request starting HTTP/2 GET https://localhost:7069/swagger/swagger-ui.css - -
2023-09-22 10:33:42.243 +05:30  INF  Request finished HTTP/2 GET https://localhost:7069/swagger/index.html - - - 200 - text/html;charset=utf-8 662.5261ms
2023-09-22 10:33:42.245 +05:30  INF  Request starting HTTP/2 GET https://localhost:7069/swagger/swagger-ui-bundle.js - -
2023-09-22 10:33:42.245 +05:30  INF  Request starting HTTP/2 GET https://localhost:7069/swagger/swagger-ui-standalone-preset.js - -
2023-09-22 10:33:42.246 +05:30  INF  Request starting HTTP/2 GET https://localhost:7069/_vs/browserLink - -
2023-09-22 10:33:42.246 +05:30  INF  Request starting HTTP/2 GET https://localhost:7069/_framework/aspnetcore-browser-refresh.js - -
2023-09-22 10:33:42.257 +05:30  INF  Request finished HTTP/2 GET https://localhost:7069/_framework/aspnetcore-browser-refresh.js - - - 200 12348 application/javascript;+charset=utf-8 11.6795ms
2023-09-22 10:33:42.302 +05:30  INF  Sending file. Request path: '/swagger-ui.css'. Physical path: 'N/A'
2023-09-22 10:33:42.302 +05:30  INF  Request finished HTTP/2 GET https://localhost:7069/swagger/swagger-ui.css - - - 200 143632 text/css 61.0607ms
2023-09-22 10:33:42.313 +05:30  INF  Sending file. Request path: '/swagger-ui-standalone-preset.js'. Physical path: 'N/A'
2023-09-22 10:33:42.313 +05:30  INF  Request finished HTTP/2 GET https://localhost:7069/swagger/swagger-ui-standalone-preset.js - - - 200 337162 application/javascript 67.7984ms
2023-09-22 10:33:42.370 +05:30  INF  Sending file. Request path: '/swagger-ui-bundle.js'. Physical path: 'N/A'
2023-09-22 10:33:42.370 +05:30  INF  Request finished HTTP/2 GET https://localhost:7069/swagger/swagger-ui-bundle.js - - - 200 1092889 application/javascript 125.2410ms
2023-09-22 10:33:42.379 +05:30  INF  Request finished HTTP/2 GET https://localhost:7069/_vs/browserLink - - - 200 - text/javascript;+charset=UTF-8 133.5528ms
2023-09-22 10:33:42.538 +05:30  INF  Request starting HTTP/2 GET https://localhost:7069/swagger/v1/swagger.json - -
2023-09-22 10:33:42.817 +05:30  INF  Request finished HTTP/2 GET https://localhost:7069/swagger/v1/swagger.json - - - 200 - application/json;charset=utf-8 278.8847ms
2023-09-22 10:33:47.296 +05:30  INF  Request starting HTTP/2 OPTIONS https://localhost:7069/api/Authenticate/user - -
2023-09-22 10:33:47.306 +05:30  INF  CORS policy execution successful.
2023-09-22 10:33:47.308 +05:30  INF  Request finished HTTP/2 OPTIONS https://localhost:7069/api/Authenticate/user - - - 204 - - 11.7906ms
2023-09-22 10:33:47.311 +05:30  INF  Request starting HTTP/2 POST https://localhost:7069/api/Authenticate/user application/json 48
2023-09-22 10:33:47.312 +05:30  INF  CORS policy execution successful.
2023-09-22 10:33:50.024 +05:30  INF  Executing endpoint 'DCRM.Api.Controllers.AuthenticateController.Post (DCRM.Api)'
2023-09-22 10:33:50.069 +05:30  INF  Route matched with {action = "Post", controller = "Authenticate"}. Executing controller action with signature Microsoft.AspNetCore.Mvc.IActionResult Post(System.String, DCRM.Common.AuthenticateRequest) on controller DCRM.Api.Controllers.AuthenticateController (DCRM.Api).
2023-09-22 10:33:51.855 +05:30  INF  Executed DbCommand (28ms) [Parameters=[@__authenticateRequest_Email_0='?' (Size = 4000), @__authenticateRequest_Password_1='?' (Size = 4000)], CommandType='"Text"', CommandTimeout='30']
SELECT `u`.`Id`, `u`.`About_Me`, `u`.`Account_Type`, `u`.`Address`, `u`.`Available_Days`, `u`.`Bn_Name`, `u`.`City`, `u`.`Country`, `u`.`Created_At`, `u`.`Currency`, `u`.`Degree`, `u`.`Email`, `u`.`Email_Verified`, `u`.`Enable_Appointment`, `u`.`Enable_Rating`, `u`.`Exp_Years`, `u`.`Facebook`, `u`.`Google_Analytics`, `u`.`Image`, `u`.`Instagram`, `u`.`Linkedin`, `u`.`Name`, `u`.`Parent_Id`, `u`.`Password`, `u`.`Paypal_Email`, `u`.`Paypal_Mode`, `u`.`Paypal_Payment`, `u`.`Paystack_Payment`, `u`.`Paystack_Public_Key`, `u`.`Paystack_Secret_Key`, `u`.`Phone`, `u`.`Publish_Key`, `u`.`Qr_Code`, `u`.`Razorpay_Key_Id`, `u`.`Razorpay_Key_Secret`, `u`.`Razorpay_Payment`, `u`.`Role`, `u`.`Secret_Key`, `u`.`Skype`, `u`.`Slug`, `u`.`Specialist`, `u`.`Status`, `u`.`Stripe_Payment`, `u`.`Thumb`, `u`.`Trial_Expire`, `u`.`Twitter`, `u`.`User_Name`, `u`.`User_Type`, `u`.`Verify_Code`, `u`.`Whatsapp`
FROM `Users` AS `u`
WHERE ((`u`.`Status` = 1) AND (`u`.`Email` = @__authenticateRequest_Email_0)) AND (`u`.`Password` = @__authenticateRequest_Password_1)
LIMIT 2
2023-09-22 10:33:52.510 +05:30  INF  Executing OkObjectResult, writing value of type 'DCRM.Common.AuthenticateResponse'.
2023-09-22 10:33:52.534 +05:30  INF  Executed action DCRM.Api.Controllers.AuthenticateController.Post (DCRM.Api) in 2457.9692ms
2023-09-22 10:33:52.535 +05:30  INF  Executed endpoint 'DCRM.Api.Controllers.AuthenticateController.Post (DCRM.Api)'
2023-09-22 10:33:52.557 +05:30  INF  Request finished HTTP/2 POST https://localhost:7069/api/Authenticate/user application/json 48 - 200 - application/json;+charset=utf-8 5246.0605ms
2023-09-22 10:34:18.094 +05:30  INF  Request starting HTTP/2 OPTIONS https://localhost:7069/api/Staff/GetAll - -
2023-09-22 10:34:18.147 +05:30  INF  CORS policy execution successful.
2023-09-22 10:34:18.148 +05:30  INF  Request finished HTTP/2 OPTIONS https://localhost:7069/api/Staff/GetAll - - - 204 - - 53.7244ms
2023-09-22 10:34:18.152 +05:30  INF  Request starting HTTP/2 GET https://localhost:7069/api/Staff/GetAll application/json -
2023-09-22 10:34:18.153 +05:30  INF  CORS policy execution successful.
2023-09-22 10:34:18.556 +05:30  INF  Executed DbCommand (15ms) [Parameters=[@__id_0='?' (DbType = Int32)], CommandType='"Text"', CommandTimeout='30']
SELECT `u`.`Id`, `u`.`About_Me`, `u`.`Account_Type`, `u`.`Address`, `u`.`Available_Days`, `u`.`Bn_Name`, `u`.`City`, `u`.`Country`, `u`.`Created_At`, `u`.`Currency`, `u`.`Degree`, `u`.`Email`, `u`.`Email_Verified`, `u`.`Enable_Appointment`, `u`.`Enable_Rating`, `u`.`Exp_Years`, `u`.`Facebook`, `u`.`Google_Analytics`, `u`.`Image`, `u`.`Instagram`, `u`.`Linkedin`, `u`.`Name`, `u`.`Parent_Id`, `u`.`Password`, `u`.`Paypal_Email`, `u`.`Paypal_Mode`, `u`.`Paypal_Payment`, `u`.`Paystack_Payment`, `u`.`Paystack_Public_Key`, `u`.`Paystack_Secret_Key`, `u`.`Phone`, `u`.`Publish_Key`, `u`.`Qr_Code`, `u`.`Razorpay_Key_Id`, `u`.`Razorpay_Key_Secret`, `u`.`Razorpay_Payment`, `u`.`Role`, `u`.`Secret_Key`, `u`.`Skype`, `u`.`Slug`, `u`.`Specialist`, `u`.`Status`, `u`.`Stripe_Payment`, `u`.`Thumb`, `u`.`Trial_Expire`, `u`.`Twitter`, `u`.`User_Name`, `u`.`User_Type`, `u`.`Verify_Code`, `u`.`Whatsapp`
FROM `Users` AS `u`
WHERE `u`.`Id` = @__id_0
LIMIT 1
2023-09-22 10:34:18.573 +05:30  INF  Executing endpoint 'DCRM.Api.Controllers.StaffController.GetStaffListAsync (DCRM.Api)'
2023-09-22 10:34:18.580 +05:30  INF  Route matched with {action = "GetStaffList", controller = "Staff"}. Executing controller action with signature System.Threading.Tasks.Task`1[System.Collections.Generic.IEnumerable`1[DCRM.Common.Entity.Staff]] GetStaffListAsync() on controller DCRM.Api.Controllers.StaffController (DCRM.Api).
2023-09-22 10:34:19.014 +05:30  INF  Executing ObjectResult, writing value of type 'System.Linq.Enumerable+WhereEnumerableIterator`1[[DCRM.Common.Entity.Staff, DCRM.Common, Version=1.0.0.0, Culture=neutral, PublicKeyToken=null]]'.
2023-09-22 10:34:19.054 +05:30  INF  Executed DbCommand (21ms) [Parameters=[], CommandType='"Text"', CommandTimeout='30']
SELECT `s`.`Id`, `s`.`Blood_Group`, `s`.`Chamber_Id`, `s`.`Created_At`, `s`.`Current_Address`, `s`.`Date_Of_Joining`, `s`.`Department`, `s`.`Designation`, `s`.`Dob`, `s`.`Email`, `s`.`Father`, `s`.`Gender`, `s`.`Gst`, `s`.`Is_Deleted`, `s`.`Marital_Status`, `s`.`Mother`, `s`.`Name`, `s`.`Note`, `s`.`Pan`, `s`.`Password`, `s`.`Permanent_Address`, `s`.`Phone`, `s`.`Qualification`, `s`.`Role`, `s`.`Slug`, `s`.`Specialization`, `s`.`Status`, `s`.`Thumb`, `s`.`User_Id`, `s`.`User_Name`, `s`.`Work_Experience`
FROM `Staffs` AS `s`
WHERE `s`.`Status` = 1
2023-09-22 10:34:19.122 +05:30  INF  Executed action DCRM.Api.Controllers.StaffController.GetStaffListAsync (DCRM.Api) in 541.6958ms
2023-09-22 10:34:19.122 +05:30  INF  Executed endpoint 'DCRM.Api.Controllers.StaffController.GetStaffListAsync (DCRM.Api)'
2023-09-22 10:34:19.122 +05:30  INF  Request finished HTTP/2 GET https://localhost:7069/api/Staff/GetAll application/json - - 200 - application/json;+charset=utf-8 970.6096ms
2023-09-22 10:34:21.852 +05:30  INF  Request starting HTTP/2 OPTIONS https://localhost:7069/api/Staff/Get/1 - -
2023-09-22 10:34:21.852 +05:30  INF  CORS policy execution successful.
2023-09-22 10:34:21.852 +05:30  INF  Request finished HTTP/2 OPTIONS https://localhost:7069/api/Staff/Get/1 - - - 204 - - 0.4811ms
2023-09-22 10:34:21.853 +05:30  INF  Request starting HTTP/2 GET https://localhost:7069/api/Staff/Get/1 application/json -
2023-09-22 10:34:21.853 +05:30  INF  CORS policy execution successful.
2023-09-22 10:34:21.887 +05:30  INF  Executed DbCommand (2ms) [Parameters=[@__id_0='?' (DbType = Int32)], CommandType='"Text"', CommandTimeout='30']
SELECT `u`.`Id`, `u`.`About_Me`, `u`.`Account_Type`, `u`.`Address`, `u`.`Available_Days`, `u`.`Bn_Name`, `u`.`City`, `u`.`Country`, `u`.`Created_At`, `u`.`Currency`, `u`.`Degree`, `u`.`Email`, `u`.`Email_Verified`, `u`.`Enable_Appointment`, `u`.`Enable_Rating`, `u`.`Exp_Years`, `u`.`Facebook`, `u`.`Google_Analytics`, `u`.`Image`, `u`.`Instagram`, `u`.`Linkedin`, `u`.`Name`, `u`.`Parent_Id`, `u`.`Password`, `u`.`Paypal_Email`, `u`.`Paypal_Mode`, `u`.`Paypal_Payment`, `u`.`Paystack_Payment`, `u`.`Paystack_Public_Key`, `u`.`Paystack_Secret_Key`, `u`.`Phone`, `u`.`Publish_Key`, `u`.`Qr_Code`, `u`.`Razorpay_Key_Id`, `u`.`Razorpay_Key_Secret`, `u`.`Razorpay_Payment`, `u`.`Role`, `u`.`Secret_Key`, `u`.`Skype`, `u`.`Slug`, `u`.`Specialist`, `u`.`Status`, `u`.`Stripe_Payment`, `u`.`Thumb`, `u`.`Trial_Expire`, `u`.`Twitter`, `u`.`User_Name`, `u`.`User_Type`, `u`.`Verify_Code`, `u`.`Whatsapp`
FROM `Users` AS `u`
WHERE `u`.`Id` = @__id_0
LIMIT 1
2023-09-22 10:34:21.887 +05:30  INF  Executing endpoint 'DCRM.Api.Controllers.StaffController.GetStaffAsync (DCRM.Api)'
2023-09-22 10:34:21.890 +05:30  INF  Route matched with {action = "GetStaff", controller = "Staff"}. Executing controller action with signature System.Threading.Tasks.Task`1[DCRM.Common.Dto.StaffDto] GetStaffAsync(Int32) on controller DCRM.Api.Controllers.StaffController (DCRM.Api).
2023-09-22 10:34:21.901 +05:30  INF  Executed DbCommand (1ms) [Parameters=[@__id_0='?' (DbType = Int32)], CommandType='"Text"', CommandTimeout='30']
SELECT `s`.`Id`, `s`.`Blood_Group`, `s`.`Chamber_Id`, `s`.`Created_At`, `s`.`Current_Address`, `s`.`Date_Of_Joining`, `s`.`Department`, `s`.`Designation`, `s`.`Dob`, `s`.`Email`, `s`.`Father`, `s`.`Gender`, `s`.`Gst`, `s`.`Is_Deleted`, `s`.`Marital_Status`, `s`.`Mother`, `s`.`Name`, `s`.`Note`, `s`.`Pan`, `s`.`Password`, `s`.`Permanent_Address`, `s`.`Phone`, `s`.`Qualification`, `s`.`Role`, `s`.`Slug`, `s`.`Specialization`, `s`.`Status`, `s`.`Thumb`, `s`.`User_Id`, `s`.`User_Name`, `s`.`Work_Experience`
FROM `Staffs` AS `s`
WHERE `s`.`Id` = @__id_0
LIMIT 1
2023-09-22 10:34:21.917 +05:30  INF  Executed DbCommand (7ms) [Parameters=[@__p_0='?' (DbType = Int64)], CommandType='"Text"', CommandTimeout='30']
SELECT `s`.`Id`, `s`.`Allow_Notifications`, `s`.`Amount_Insured`, `s`.`Amount_Paid`, `s`.`Insurance`, `s`.`Insurance_Date`, `s`.`Remarks`, `s`.`Renewal_Date`, `s`.`Staff_Id`, `s`.`Updated_At`
FROM `Staff_Insurance_Details` AS `s`
WHERE `s`.`Staff_Id` = @__p_0
2023-09-22 10:34:21.956 +05:30  INF  Executed DbCommand (3ms) [Parameters=[@__p_0='?' (DbType = Int64)], CommandType='"Text"', CommandTimeout='30']
SELECT `s`.`Id`, `s`.`Bank_Account_Number`, `s`.`Bank_Name`, `s`.`Ifsc_Code`, `s`.`Remarks`, `s`.`Staff_Id`, `s`.`Updated_At`
FROM `Staff_Bank_Details` AS `s`
WHERE `s`.`Staff_Id` = @__p_0
2023-09-22 10:34:21.971 +05:30  INF  Executed DbCommand (2ms) [Parameters=[@__p_0='?' (DbType = Int64)], CommandType='"Text"', CommandTimeout='30']
SELECT `s`.`Id`, `s`.`Medical_History`, `s`.`Remarks`, `s`.`Reminder_Date_For_Next`, `s`.`Staff_Id`, `s`.`Updated_At`, `s`.`Vaccination_Date`, `s`.`Vaccination_Type`
FROM `Staff_Vaccination` AS `s`
WHERE `s`.`Staff_Id` = @__p_0
2023-09-22 10:34:21.985 +05:30  INF  Executing ObjectResult, writing value of type 'DCRM.Common.Dto.StaffDto'.
2023-09-22 10:34:22.017 +05:30  INF  Executed action DCRM.Api.Controllers.StaffController.GetStaffAsync (DCRM.Api) in 127.2088ms
2023-09-22 10:34:22.018 +05:30  INF  Executed endpoint 'DCRM.Api.Controllers.StaffController.GetStaffAsync (DCRM.Api)'
2023-09-22 10:34:22.019 +05:30  INF  Request finished HTTP/2 GET https://localhost:7069/api/Staff/Get/1 application/json - - 200 - application/json;+charset=utf-8 165.9917ms
2023-09-22 10:34:31.545 +05:30  INF  Request starting HTTP/2 OPTIONS https://localhost:7069/api/Dealer/GetAll - -
2023-09-22 10:34:31.545 +05:30  INF  CORS policy execution successful.
2023-09-22 10:34:31.546 +05:30  INF  Request finished HTTP/2 OPTIONS https://localhost:7069/api/Dealer/GetAll - - - 204 - - 0.6704ms
2023-09-22 10:34:31.546 +05:30  INF  Request starting HTTP/2 GET https://localhost:7069/api/Dealer/GetAll application/json -
2023-09-22 10:34:31.547 +05:30  INF  CORS policy execution successful.
2023-09-22 10:34:31.551 +05:30  INF  Executed DbCommand (1ms) [Parameters=[@__id_0='?' (DbType = Int32)], CommandType='"Text"', CommandTimeout='30']
SELECT `u`.`Id`, `u`.`About_Me`, `u`.`Account_Type`, `u`.`Address`, `u`.`Available_Days`, `u`.`Bn_Name`, `u`.`City`, `u`.`Country`, `u`.`Created_At`, `u`.`Currency`, `u`.`Degree`, `u`.`Email`, `u`.`Email_Verified`, `u`.`Enable_Appointment`, `u`.`Enable_Rating`, `u`.`Exp_Years`, `u`.`Facebook`, `u`.`Google_Analytics`, `u`.`Image`, `u`.`Instagram`, `u`.`Linkedin`, `u`.`Name`, `u`.`Parent_Id`, `u`.`Password`, `u`.`Paypal_Email`, `u`.`Paypal_Mode`, `u`.`Paypal_Payment`, `u`.`Paystack_Payment`, `u`.`Paystack_Public_Key`, `u`.`Paystack_Secret_Key`, `u`.`Phone`, `u`.`Publish_Key`, `u`.`Qr_Code`, `u`.`Razorpay_Key_Id`, `u`.`Razorpay_Key_Secret`, `u`.`Razorpay_Payment`, `u`.`Role`, `u`.`Secret_Key`, `u`.`Skype`, `u`.`Slug`, `u`.`Specialist`, `u`.`Status`, `u`.`Stripe_Payment`, `u`.`Thumb`, `u`.`Trial_Expire`, `u`.`Twitter`, `u`.`User_Name`, `u`.`User_Type`, `u`.`Verify_Code`, `u`.`Whatsapp`
FROM `Users` AS `u`
WHERE `u`.`Id` = @__id_0
LIMIT 1
2023-09-22 10:34:31.552 +05:30  INF  Executing endpoint 'DCRM.Api.Controllers.DealerController.GetAllAsync (DCRM.Api)'
2023-09-22 10:34:31.554 +05:30  INF  Route matched with {action = "GetAll", controller = "Dealer"}. Executing controller action with signature System.Threading.Tasks.Task`1[System.Collections.Generic.IEnumerable`1[DCRM.Common.Dto.DealerDto]] GetAllAsync() on controller DCRM.Api.Controllers.DealerController (DCRM.Api).
2023-09-22 10:34:31.577 +05:30  INF  Executed DbCommand (16ms) [Parameters=[@__userId_0='?' (DbType = Int64)], CommandType='"Text"', CommandTimeout='30']
SELECT `d`.`Id`, `d`.`Address_O`, `d`.`Address_R`, `d`.`City_O`, `d`.`City_R`, `d`.`Company_Name`, `d`.`Country_O`, `d`.`Country_R`, `d`.`Created_At`, `d`.`Email1`, `d`.`Email2`, `d`.`Gst_Number`, `d`.`Image`, `d`.`Is_Deleted`, `d`.`Own_Name_1`, `d`.`Own_Name_2`, `d`.`Pan_Number`, `d`.`Phone1`, `d`.`Phone2`, `d`.`Staff_Email1`, `d`.`Staff_Email2`, `d`.`Staff_Email3`, `d`.`Staff_Email4`, `d`.`Staff_Name1`, `d`.`Staff_Name2`, `d`.`Staff_Name3`, `d`.`Staff_Name4`, `d`.`Staff_Phone1`, `d`.`Staff_Phone2`, `d`.`Staff_Phone3`, `d`.`Staff_Phone4`, `d`.`Updated_At`, `d`.`User_Id`, `d`.`Zip_O`, `d`.`Zip_R`
FROM `Dealers` AS `d`
WHERE (`d`.`Is_Deleted` = 0) AND (`d`.`User_Id` = @__userId_0)
2023-09-22 10:34:31.642 +05:30  INF  Executed DbCommand (6ms) [Parameters=[@__p_0='?' (DbType = Int64)], CommandType='"Text"', CommandTimeout='30']
SELECT `d`.`Id`, `d`.`Bank_Account_Number`, `d`.`Bank_Name`, `d`.`Dealer_Id`, `d`.`Ifsc_Code`, `d`.`Remarks`, `d`.`Updated_At`
FROM `Dealer_Bank_Details` AS `d`
WHERE `d`.`Dealer_Id` = @__p_0
2023-09-22 10:34:31.649 +05:30  INF  Executed DbCommand (2ms) [Parameters=[@__p_0='?' (DbType = Int64)], CommandType='"Text"', CommandTimeout='30']
SELECT `d`.`Id`, `d`.`Dealer_Id`, `d`.`Material_Cost`, `d`.`Material_Date`, `d`.`Material_Name`
FROM `Dealer_Material` AS `d`
WHERE `d`.`Dealer_Id` = @__p_0
2023-09-22 10:34:31.650 +05:30  INF  Executed DbCommand (1ms) [Parameters=[@__p_0='?' (DbType = Int64)], CommandType='"Text"', CommandTimeout='30']
SELECT `d`.`Id`, `d`.`Bank_Account_Number`, `d`.`Bank_Name`, `d`.`Dealer_Id`, `d`.`Ifsc_Code`, `d`.`Remarks`, `d`.`Updated_At`
FROM `Dealer_Bank_Details` AS `d`
WHERE `d`.`Dealer_Id` = @__p_0
2023-09-22 10:34:31.652 +05:30  INF  Executed DbCommand (1ms) [Parameters=[@__p_0='?' (DbType = Int64)], CommandType='"Text"', CommandTimeout='30']
SELECT `d`.`Id`, `d`.`Dealer_Id`, `d`.`Material_Cost`, `d`.`Material_Date`, `d`.`Material_Name`
FROM `Dealer_Material` AS `d`
WHERE `d`.`Dealer_Id` = @__p_0
2023-09-22 10:34:31.654 +05:30  INF  Executed DbCommand (0ms) [Parameters=[@__p_0='?' (DbType = Int64)], CommandType='"Text"', CommandTimeout='30']
SELECT `d`.`Id`, `d`.`Bank_Account_Number`, `d`.`Bank_Name`, `d`.`Dealer_Id`, `d`.`Ifsc_Code`, `d`.`Remarks`, `d`.`Updated_At`
FROM `Dealer_Bank_Details` AS `d`
WHERE `d`.`Dealer_Id` = @__p_0
2023-09-22 10:34:31.664 +05:30  INF  Executed DbCommand (0ms) [Parameters=[@__p_0='?' (DbType = Int64)], CommandType='"Text"', CommandTimeout='30']
SELECT `d`.`Id`, `d`.`Dealer_Id`, `d`.`Material_Cost`, `d`.`Material_Date`, `d`.`Material_Name`
FROM `Dealer_Material` AS `d`
WHERE `d`.`Dealer_Id` = @__p_0
2023-09-22 10:34:31.721 +05:30  INF  Executed DbCommand (0ms) [Parameters=[@__p_0='?' (DbType = Int64)], CommandType='"Text"', CommandTimeout='30']
SELECT `d`.`Id`, `d`.`Bank_Account_Number`, `d`.`Bank_Name`, `d`.`Dealer_Id`, `d`.`Ifsc_Code`, `d`.`Remarks`, `d`.`Updated_At`
FROM `Dealer_Bank_Details` AS `d`
WHERE `d`.`Dealer_Id` = @__p_0
2023-09-22 10:34:31.722 +05:30  INF  Executed DbCommand (0ms) [Parameters=[@__p_0='?' (DbType = Int64)], CommandType='"Text"', CommandTimeout='30']
SELECT `d`.`Id`, `d`.`Dealer_Id`, `d`.`Material_Cost`, `d`.`Material_Date`, `d`.`Material_Name`
FROM `Dealer_Material` AS `d`
WHERE `d`.`Dealer_Id` = @__p_0
2023-09-22 10:34:31.723 +05:30  INF  Executed DbCommand (0ms) [Parameters=[@__p_0='?' (DbType = Int64)], CommandType='"Text"', CommandTimeout='30']
SELECT `d`.`Id`, `d`.`Bank_Account_Number`, `d`.`Bank_Name`, `d`.`Dealer_Id`, `d`.`Ifsc_Code`, `d`.`Remarks`, `d`.`Updated_At`
FROM `Dealer_Bank_Details` AS `d`
WHERE `d`.`Dealer_Id` = @__p_0
2023-09-22 10:34:31.724 +05:30  INF  Executed DbCommand (0ms) [Parameters=[@__p_0='?' (DbType = Int64)], CommandType='"Text"', CommandTimeout='30']
SELECT `d`.`Id`, `d`.`Dealer_Id`, `d`.`Material_Cost`, `d`.`Material_Date`, `d`.`Material_Name`
FROM `Dealer_Material` AS `d`
WHERE `d`.`Dealer_Id` = @__p_0
2023-09-22 10:34:31.726 +05:30  INF  Executed DbCommand (0ms) [Parameters=[@__p_0='?' (DbType = Int64)], CommandType='"Text"', CommandTimeout='30']
SELECT `d`.`Id`, `d`.`Bank_Account_Number`, `d`.`Bank_Name`, `d`.`Dealer_Id`, `d`.`Ifsc_Code`, `d`.`Remarks`, `d`.`Updated_At`
FROM `Dealer_Bank_Details` AS `d`
WHERE `d`.`Dealer_Id` = @__p_0
2023-09-22 10:34:31.727 +05:30  INF  Executed DbCommand (0ms) [Parameters=[@__p_0='?' (DbType = Int64)], CommandType='"Text"', CommandTimeout='30']
SELECT `d`.`Id`, `d`.`Dealer_Id`, `d`.`Material_Cost`, `d`.`Material_Date`, `d`.`Material_Name`
FROM `Dealer_Material` AS `d`
WHERE `d`.`Dealer_Id` = @__p_0
2023-09-22 10:34:31.728 +05:30  INF  Executed DbCommand (0ms) [Parameters=[@__p_0='?' (DbType = Int64)], CommandType='"Text"', CommandTimeout='30']
SELECT `d`.`Id`, `d`.`Bank_Account_Number`, `d`.`Bank_Name`, `d`.`Dealer_Id`, `d`.`Ifsc_Code`, `d`.`Remarks`, `d`.`Updated_At`
FROM `Dealer_Bank_Details` AS `d`
WHERE `d`.`Dealer_Id` = @__p_0
2023-09-22 10:34:31.729 +05:30  INF  Executed DbCommand (0ms) [Parameters=[@__p_0='?' (DbType = Int64)], CommandType='"Text"', CommandTimeout='30']
SELECT `d`.`Id`, `d`.`Dealer_Id`, `d`.`Material_Cost`, `d`.`Material_Date`, `d`.`Material_Name`
FROM `Dealer_Material` AS `d`
WHERE `d`.`Dealer_Id` = @__p_0
2023-09-22 10:34:31.730 +05:30  INF  Executed DbCommand (0ms) [Parameters=[@__p_0='?' (DbType = Int64)], CommandType='"Text"', CommandTimeout='30']
SELECT `d`.`Id`, `d`.`Bank_Account_Number`, `d`.`Bank_Name`, `d`.`Dealer_Id`, `d`.`Ifsc_Code`, `d`.`Remarks`, `d`.`Updated_At`
FROM `Dealer_Bank_Details` AS `d`
WHERE `d`.`Dealer_Id` = @__p_0
2023-09-22 10:34:31.731 +05:30  INF  Executed DbCommand (0ms) [Parameters=[@__p_0='?' (DbType = Int64)], CommandType='"Text"', CommandTimeout='30']
SELECT `d`.`Id`, `d`.`Dealer_Id`, `d`.`Material_Cost`, `d`.`Material_Date`, `d`.`Material_Name`
FROM `Dealer_Material` AS `d`
WHERE `d`.`Dealer_Id` = @__p_0
2023-09-22 10:34:31.732 +05:30  INF  Executed DbCommand (0ms) [Parameters=[@__p_0='?' (DbType = Int64)], CommandType='"Text"', CommandTimeout='30']
SELECT `d`.`Id`, `d`.`Bank_Account_Number`, `d`.`Bank_Name`, `d`.`Dealer_Id`, `d`.`Ifsc_Code`, `d`.`Remarks`, `d`.`Updated_At`
FROM `Dealer_Bank_Details` AS `d`
WHERE `d`.`Dealer_Id` = @__p_0
2023-09-22 10:34:31.733 +05:30  INF  Executed DbCommand (0ms) [Parameters=[@__p_0='?' (DbType = Int64)], CommandType='"Text"', CommandTimeout='30']
SELECT `d`.`Id`, `d`.`Dealer_Id`, `d`.`Material_Cost`, `d`.`Material_Date`, `d`.`Material_Name`
FROM `Dealer_Material` AS `d`
WHERE `d`.`Dealer_Id` = @__p_0
2023-09-22 10:34:31.735 +05:30  INF  Executed DbCommand (0ms) [Parameters=[@__p_0='?' (DbType = Int64)], CommandType='"Text"', CommandTimeout='30']
SELECT `d`.`Id`, `d`.`Bank_Account_Number`, `d`.`Bank_Name`, `d`.`Dealer_Id`, `d`.`Ifsc_Code`, `d`.`Remarks`, `d`.`Updated_At`
FROM `Dealer_Bank_Details` AS `d`
WHERE `d`.`Dealer_Id` = @__p_0
2023-09-22 10:34:31.736 +05:30  INF  Executed DbCommand (0ms) [Parameters=[@__p_0='?' (DbType = Int64)], CommandType='"Text"', CommandTimeout='30']
SELECT `d`.`Id`, `d`.`Dealer_Id`, `d`.`Material_Cost`, `d`.`Material_Date`, `d`.`Material_Name`
FROM `Dealer_Material` AS `d`
WHERE `d`.`Dealer_Id` = @__p_0
2023-09-22 10:34:31.736 +05:30  INF  Executing ObjectResult, writing value of type 'System.Collections.Generic.List`1[[DCRM.Common.Dto.DealerDto, DCRM.Common, Version=1.0.0.0, Culture=neutral, PublicKeyToken=null]]'.
2023-09-22 10:34:31.754 +05:30  INF  Executed action DCRM.Api.Controllers.DealerController.GetAllAsync (DCRM.Api) in 200.4571ms
2023-09-22 10:34:31.754 +05:30  INF  Executed endpoint 'DCRM.Api.Controllers.DealerController.GetAllAsync (DCRM.Api)'
2023-09-22 10:34:31.754 +05:30  INF  Request finished HTTP/2 GET https://localhost:7069/api/Dealer/GetAll application/json - - 200 - application/json;+charset=utf-8 207.9200ms
2023-09-22 10:34:33.649 +05:30  INF  Request starting HTTP/2 OPTIONS https://localhost:7069/api/dealer/Get/22 - -
2023-09-22 10:34:33.649 +05:30  INF  CORS policy execution successful.
2023-09-22 10:34:33.649 +05:30  INF  Request finished HTTP/2 OPTIONS https://localhost:7069/api/dealer/Get/22 - - - 204 - - 0.3143ms
2023-09-22 10:34:33.651 +05:30  INF  Request starting HTTP/2 GET https://localhost:7069/api/dealer/Get/22 application/json -
2023-09-22 10:34:33.651 +05:30  INF  CORS policy execution successful.
2023-09-22 10:34:33.656 +05:30  INF  Executed DbCommand (1ms) [Parameters=[@__id_0='?' (DbType = Int32)], CommandType='"Text"', CommandTimeout='30']
SELECT `u`.`Id`, `u`.`About_Me`, `u`.`Account_Type`, `u`.`Address`, `u`.`Available_Days`, `u`.`Bn_Name`, `u`.`City`, `u`.`Country`, `u`.`Created_At`, `u`.`Currency`, `u`.`Degree`, `u`.`Email`, `u`.`Email_Verified`, `u`.`Enable_Appointment`, `u`.`Enable_Rating`, `u`.`Exp_Years`, `u`.`Facebook`, `u`.`Google_Analytics`, `u`.`Image`, `u`.`Instagram`, `u`.`Linkedin`, `u`.`Name`, `u`.`Parent_Id`, `u`.`Password`, `u`.`Paypal_Email`, `u`.`Paypal_Mode`, `u`.`Paypal_Payment`, `u`.`Paystack_Payment`, `u`.`Paystack_Public_Key`, `u`.`Paystack_Secret_Key`, `u`.`Phone`, `u`.`Publish_Key`, `u`.`Qr_Code`, `u`.`Razorpay_Key_Id`, `u`.`Razorpay_Key_Secret`, `u`.`Razorpay_Payment`, `u`.`Role`, `u`.`Secret_Key`, `u`.`Skype`, `u`.`Slug`, `u`.`Specialist`, `u`.`Status`, `u`.`Stripe_Payment`, `u`.`Thumb`, `u`.`Trial_Expire`, `u`.`Twitter`, `u`.`User_Name`, `u`.`User_Type`, `u`.`Verify_Code`, `u`.`Whatsapp`
FROM `Users` AS `u`
WHERE `u`.`Id` = @__id_0
LIMIT 1
2023-09-22 10:34:33.656 +05:30  INF  Executing endpoint 'DCRM.Api.Controllers.DealerController.GetAsync (DCRM.Api)'
2023-09-22 10:34:33.658 +05:30  INF  Route matched with {action = "Get", controller = "Dealer"}. Executing controller action with signature System.Threading.Tasks.Task`1[DCRM.Common.Dto.DealerDto] GetAsync(Int32) on controller DCRM.Api.Controllers.DealerController (DCRM.Api).
2023-09-22 10:34:33.671 +05:30  INF  Executed DbCommand (2ms) [Parameters=[@__id_0='?' (DbType = Int32), @__userId_1='?' (DbType = Int64)], CommandType='"Text"', CommandTimeout='30']
SELECT `d`.`Id`, `d`.`Address_O`, `d`.`Address_R`, `d`.`City_O`, `d`.`City_R`, `d`.`Company_Name`, `d`.`Country_O`, `d`.`Country_R`, `d`.`Created_At`, `d`.`Email1`, `d`.`Email2`, `d`.`Gst_Number`, `d`.`Image`, `d`.`Is_Deleted`, `d`.`Own_Name_1`, `d`.`Own_Name_2`, `d`.`Pan_Number`, `d`.`Phone1`, `d`.`Phone2`, `d`.`Staff_Email1`, `d`.`Staff_Email2`, `d`.`Staff_Email3`, `d`.`Staff_Email4`, `d`.`Staff_Name1`, `d`.`Staff_Name2`, `d`.`Staff_Name3`, `d`.`Staff_Name4`, `d`.`Staff_Phone1`, `d`.`Staff_Phone2`, `d`.`Staff_Phone3`, `d`.`Staff_Phone4`, `d`.`Updated_At`, `d`.`User_Id`, `d`.`Zip_O`, `d`.`Zip_R`
FROM `Dealers` AS `d`
WHERE ((`d`.`Id` = @__id_0) AND (`d`.`Is_Deleted` = 0)) AND (`d`.`User_Id` = @__userId_1)
LIMIT 1
2023-09-22 10:34:33.672 +05:30  INF  Executed DbCommand (0ms) [Parameters=[@__p_0='?' (DbType = Int64)], CommandType='"Text"', CommandTimeout='30']
SELECT `d`.`Id`, `d`.`Bank_Account_Number`, `d`.`Bank_Name`, `d`.`Dealer_Id`, `d`.`Ifsc_Code`, `d`.`Remarks`, `d`.`Updated_At`
FROM `Dealer_Bank_Details` AS `d`
WHERE `d`.`Dealer_Id` = @__p_0
2023-09-22 10:34:33.673 +05:30  INF  Executed DbCommand (0ms) [Parameters=[@__p_0='?' (DbType = Int64)], CommandType='"Text"', CommandTimeout='30']
SELECT `d`.`Id`, `d`.`Dealer_Id`, `d`.`Material_Cost`, `d`.`Material_Date`, `d`.`Material_Name`
FROM `Dealer_Material` AS `d`
WHERE `d`.`Dealer_Id` = @__p_0
2023-09-22 10:34:33.673 +05:30  INF  Executing ObjectResult, writing value of type 'DCRM.Common.Dto.DealerDto'.
2023-09-22 10:34:33.673 +05:30  INF  Executed action DCRM.Api.Controllers.DealerController.GetAsync (DCRM.Api) in 15.0009ms
2023-09-22 10:34:33.674 +05:30  INF  Executed endpoint 'DCRM.Api.Controllers.DealerController.GetAsync (DCRM.Api)'
2023-09-22 10:34:33.674 +05:30  INF  Request finished HTTP/2 GET https://localhost:7069/api/dealer/Get/22 application/json - - 200 - application/json;+charset=utf-8 22.7898ms
