2023-11-13 12:25:35.805 +05:30  INF  User profile is available. Using 'C:\Users\DELL\AppData\Local\ASP.NET\DataProtection-Keys' as key repository and Windows DPAPI to encrypt keys at rest.

2023-11-13 12:25:36.727 +05:30  INF  Now listening on: https://localhost:7069

2023-11-13 12:25:36.727 +05:30  INF  Now listening on: http://localhost:5069

2023-11-13 12:25:36.731 +05:30  INF  Application started. Press Ctrl+C to shut down.

2023-11-13 12:25:36.731 +05:30  INF  Hosting environment: Development

2023-11-13 12:25:36.731 +05:30  INF  Content root path: D:\Projects\GitHubProjects\virmani_dotnet\DCRM.Api\

2023-11-13 12:25:38.002 +05:30  INF  Request starting HTTP/2 GET https://localhost:7069/swagger - -

2023-11-13 12:25:38.206 +05:30  INF  Request finished HTTP/2 GET https://localhost:7069/swagger - - - 301 0 - 209.6648ms

2023-11-13 12:25:38.226 +05:30  INF  Request starting HTTP/2 GET https://localhost:7069/swagger/index.html - -

2023-11-13 12:25:38.789 +05:30  INF  Request starting HTTP/2 GET https://localhost:7069/swagger/swagger-ui.css - -

2023-11-13 12:25:38.790 +05:30  INF  Request starting HTTP/2 GET https://localhost:7069/swagger/swagger-ui-bundle.js - -

2023-11-13 12:25:38.792 +05:30  INF  Request starting HTTP/2 GET https://localhost:7069/_framework/aspnetcore-browser-refresh.js - -

2023-11-13 12:25:38.792 +05:30  INF  Request starting HTTP/2 GET https://localhost:7069/swagger/swagger-ui-standalone-preset.js - -

2023-11-13 12:25:38.796 +05:30  INF  Request starting HTTP/2 GET https://localhost:7069/_vs/browserLink - -

2023-11-13 12:25:38.811 +05:30  INF  Request finished HTTP/2 GET https://localhost:7069/_framework/aspnetcore-browser-refresh.js - - - 200 12348 application/javascript;+charset=utf-8 18.6258ms

2023-11-13 12:25:38.818 +05:30  INF  Request finished HTTP/2 GET https://localhost:7069/swagger/index.html - - - 200 - text/html;charset=utf-8 592.1178ms

2023-11-13 12:25:38.856 +05:30  INF  Request finished HTTP/2 GET https://localhost:7069/_vs/browserLink - - - 200 - text/javascript;+charset=UTF-8 60.1308ms

2023-11-13 12:25:38.879 +05:30  INF  Sending file. Request path: '/swagger-ui-standalone-preset.js'. Physical path: 'N/A'

2023-11-13 12:25:38.879 +05:30  INF  Sending file. Request path: '/swagger-ui.css'. Physical path: 'N/A'

2023-11-13 12:25:38.879 +05:30  INF  Request finished HTTP/2 GET https://localhost:7069/swagger/swagger-ui-standalone-preset.js - - - 200 337162 application/javascript 86.6353ms

2023-11-13 12:25:38.879 +05:30  INF  Request finished HTTP/2 GET https://localhost:7069/swagger/swagger-ui.css - - - 200 143632 text/css 90.2120ms

2023-11-13 12:25:38.911 +05:30  INF  Sending file. Request path: '/swagger-ui-bundle.js'. Physical path: 'N/A'

2023-11-13 12:25:38.912 +05:30  INF  Request finished HTTP/2 GET https://localhost:7069/swagger/swagger-ui-bundle.js - - - 200 1092889 application/javascript 121.9196ms

2023-11-13 12:25:39.101 +05:30  INF  Request starting HTTP/2 GET https://localhost:7069/swagger/v1/swagger.json - -

2023-11-13 12:25:39.336 +05:30  INF  Request finished HTTP/2 GET https://localhost:7069/swagger/v1/swagger.json - - - 200 - application/json;charset=utf-8 234.7265ms

