2023-09-08 15:08:12.501 +05:30  INF  User profile is available. Using 'C:\Users\DELL\AppData\Local\ASP.NET\DataProtection-Keys' as key repository and Windows DPAPI to encrypt keys at rest.
2023-09-08 15:08:12.968 +05:30  INF  Now listening on: https://localhost:7069
2023-09-08 15:08:12.968 +05:30  INF  Now listening on: http://localhost:5069
2023-09-08 15:08:12.971 +05:30  INF  Application started. Press Ctrl+C to shut down.
2023-09-08 15:08:12.972 +05:30  INF  Hosting environment: Development
2023-09-08 15:08:12.972 +05:30  INF  Content root path: D:\Projects\GitHubProjects\virmani_dotnet\DCRM.Api\
2023-09-08 15:08:14.019 +05:30  INF  Request starting HTTP/2 GET https://localhost:7069/swagger - -
2023-09-08 15:08:14.237 +05:30  INF  Request finished HTTP/2 GET https://localhost:7069/swagger - - - 301 0 - 223.2333ms
2023-09-08 15:08:14.238 +05:30  INF  Request starting HTTP/2 GET https://localhost:7069/swagger/index.html - -
2023-09-08 15:08:14.683 +05:30  INF  Request starting HTTP/2 GET https://localhost:7069/swagger/swagger-ui-bundle.js - -
2023-09-08 15:08:14.684 +05:30  INF  Request starting HTTP/2 GET https://localhost:7069/swagger/swagger-ui.css - -
2023-09-08 15:08:14.688 +05:30  INF  Request starting HTTP/2 GET https://localhost:7069/_framework/aspnetcore-browser-refresh.js - -
2023-09-08 15:08:14.688 +05:30  INF  Request starting HTTP/2 GET https://localhost:7069/_vs/browserLink - -
2023-09-08 15:08:14.689 +05:30  INF  Request starting HTTP/2 GET https://localhost:7069/swagger/swagger-ui-standalone-preset.js - -
2023-09-08 15:08:14.690 +05:30  INF  Request finished HTTP/2 GET https://localhost:7069/swagger/index.html - - - 200 - text/html;charset=utf-8 451.8549ms
2023-09-08 15:08:14.697 +05:30  INF  Request finished HTTP/2 GET https://localhost:7069/_framework/aspnetcore-browser-refresh.js - - - 200 12348 application/javascript;+charset=utf-8 9.4656ms
2023-09-08 15:08:14.756 +05:30  INF  Request finished HTTP/2 GET https://localhost:7069/_vs/browserLink - - - 200 - text/javascript;+charset=UTF-8 68.0521ms
2023-09-08 15:08:14.771 +05:30  INF  Sending file. Request path: '/swagger-ui.css'. Physical path: 'N/A'
2023-09-08 15:08:14.771 +05:30  INF  Sending file. Request path: '/swagger-ui-standalone-preset.js'. Physical path: 'N/A'
2023-09-08 15:08:14.772 +05:30  INF  Request finished HTTP/2 GET https://localhost:7069/swagger/swagger-ui-standalone-preset.js - - - 200 337162 application/javascript 83.7353ms
2023-09-08 15:08:14.772 +05:30  INF  Request finished HTTP/2 GET https://localhost:7069/swagger/swagger-ui.css - - - 200 143632 text/css 87.5116ms
2023-09-08 15:08:14.777 +05:30  INF  Sending file. Request path: '/swagger-ui-bundle.js'. Physical path: 'N/A'
2023-09-08 15:08:14.777 +05:30  INF  Request finished HTTP/2 GET https://localhost:7069/swagger/swagger-ui-bundle.js - - - 200 1092889 application/javascript 93.3423ms
2023-09-08 15:08:14.954 +05:30  INF  Request starting HTTP/2 GET https://localhost:7069/swagger/v1/swagger.json - -
2023-09-08 15:08:15.146 +05:30  INF  Request finished HTTP/2 GET https://localhost:7069/swagger/v1/swagger.json - - - 200 - application/json;charset=utf-8 191.1631ms
2023-09-08 15:08:24.070 +05:30  INF  Request starting HTTP/2 POST https://localhost:7069/api/Notification/SendMail application/json 171
2023-09-08 15:08:24.081 +05:30  INF  CORS policy execution successful.
2023-09-08 15:08:25.410 +05:30  INF  Executing endpoint 'DCRM.Api.Controllers.NotificationController.SendMail (DCRM.Api)'
2023-09-08 15:08:25.458 +05:30  INF  Route matched with {action = "SendMail", controller = "Notification"}. Executing controller action with signature Microsoft.AspNetCore.Mvc.IActionResult SendMail(DCRM.Common.RequestModel.NotificationRequest) on controller DCRM.Api.Controllers.NotificationController (DCRM.Api).
2023-09-08 15:08:28.765 +05:30  INF  Seri Log is Working
2023-09-08 15:08:32.538 +05:30  INF  Executed action DCRM.Api.Controllers.NotificationController.SendMail (DCRM.Api) in 7071.429ms
2023-09-08 15:08:32.542 +05:30  INF  Executed endpoint 'DCRM.Api.Controllers.NotificationController.SendMail (DCRM.Api)'
2023-09-08 15:08:32.627 +05:30  INF  Request finished HTTP/2 POST https://localhost:7069/api/Notification/SendMail application/json 171 - 500 - application/json 8557.1878ms
2023-09-08 15:10:50.069 +05:30  INF  User profile is available. Using 'C:\Users\DELL\AppData\Local\ASP.NET\DataProtection-Keys' as key repository and Windows DPAPI to encrypt keys at rest.
2023-09-08 15:10:50.366 +05:30  INF  Now listening on: https://localhost:7069
2023-09-08 15:10:50.366 +05:30  INF  Now listening on: http://localhost:5069
2023-09-08 15:10:50.371 +05:30  INF  Application started. Press Ctrl+C to shut down.
2023-09-08 15:10:50.371 +05:30  INF  Hosting environment: Development
2023-09-08 15:10:50.371 +05:30  INF  Content root path: D:\Projects\GitHubProjects\virmani_dotnet\DCRM.Api\
2023-09-08 15:10:51.036 +05:30  INF  Request starting HTTP/2 GET https://localhost:7069/swagger - -
2023-09-08 15:10:51.168 +05:30  INF  Request finished HTTP/2 GET https://localhost:7069/swagger - - - 301 0 - 135.3488ms
2023-09-08 15:10:51.169 +05:30  INF  Request starting HTTP/2 GET https://localhost:7069/swagger/index.html - -
2023-09-08 15:10:51.560 +05:30  INF  Request starting HTTP/2 GET https://localhost:7069/_framework/aspnetcore-browser-refresh.js - -
2023-09-08 15:10:51.560 +05:30  INF  Request starting HTTP/2 GET https://localhost:7069/swagger/swagger-ui-bundle.js - -
2023-09-08 15:10:51.560 +05:30  INF  Request starting HTTP/2 GET https://localhost:7069/swagger/swagger-ui-standalone-preset.js - -
2023-09-08 15:10:51.560 +05:30  INF  Request starting HTTP/2 GET https://localhost:7069/_vs/browserLink - -
2023-09-08 15:10:51.561 +05:30  INF  Request starting HTTP/2 GET https://localhost:7069/swagger/swagger-ui.css - -
2023-09-08 15:10:51.566 +05:30  INF  Request finished HTTP/2 GET https://localhost:7069/swagger/index.html - - - 200 - text/html;charset=utf-8 396.8387ms
2023-09-08 15:10:51.567 +05:30  INF  Request finished HTTP/2 GET https://localhost:7069/_framework/aspnetcore-browser-refresh.js - - - 200 12348 application/javascript;+charset=utf-8 6.8159ms
2023-09-08 15:10:51.600 +05:30  INF  Sending file. Request path: '/swagger-ui.css'. Physical path: 'N/A'
2023-09-08 15:10:51.602 +05:30  INF  Sending file. Request path: '/swagger-ui-standalone-preset.js'. Physical path: 'N/A'
2023-09-08 15:10:51.630 +05:30  INF  Request finished HTTP/2 GET https://localhost:7069/swagger/swagger-ui.css - - - 200 143632 text/css 69.8246ms
2023-09-08 15:10:51.630 +05:30  INF  Request finished HTTP/2 GET https://localhost:7069/swagger/swagger-ui-standalone-preset.js - - - 200 337162 application/javascript 70.4201ms
2023-09-08 15:10:51.635 +05:30  INF  Request finished HTTP/2 GET https://localhost:7069/_vs/browserLink - - - 200 - text/javascript;+charset=UTF-8 74.6750ms
2023-09-08 15:10:51.642 +05:30  INF  Sending file. Request path: '/swagger-ui-bundle.js'. Physical path: 'N/A'
2023-09-08 15:10:51.643 +05:30  INF  Request finished HTTP/2 GET https://localhost:7069/swagger/swagger-ui-bundle.js - - - 200 1092889 application/javascript 82.1071ms
2023-09-08 15:10:51.810 +05:30  INF  Request starting HTTP/2 GET https://localhost:7069/swagger/v1/swagger.json - -
2023-09-08 15:10:51.986 +05:30  INF  Request finished HTTP/2 GET https://localhost:7069/swagger/v1/swagger.json - - - 200 - application/json;charset=utf-8 175.4097ms
2023-09-08 15:11:04.383 +05:30  INF  Request starting HTTP/2 POST https://localhost:7069/api/Notification/SendMail application/json 171
2023-09-08 15:11:04.394 +05:30  INF  CORS policy execution successful.
2023-09-08 15:11:05.536 +05:30  INF  Executing endpoint 'DCRM.Api.Controllers.NotificationController.SendMail (DCRM.Api)'
2023-09-08 15:11:05.566 +05:30  INF  Route matched with {action = "SendMail", controller = "Notification"}. Executing controller action with signature Microsoft.AspNetCore.Mvc.IActionResult SendMail(DCRM.Common.RequestModel.NotificationRequest) on controller DCRM.Api.Controllers.NotificationController (DCRM.Api).
2023-09-08 15:11:05.713 +05:30  INF  The specified string is not in the form required for an e-mail address.
2023-09-08 15:11:11.009 +05:30  INF  Executed action DCRM.Api.Controllers.NotificationController.SendMail (DCRM.Api) in 5437.1646ms
2023-09-08 15:11:11.013 +05:30  INF  Executed endpoint 'DCRM.Api.Controllers.NotificationController.SendMail (DCRM.Api)'
2023-09-08 15:11:11.084 +05:30  INF  Request finished HTTP/2 POST https://localhost:7069/api/Notification/SendMail application/json 171 - 500 - application/json 6701.1053ms
2023-09-08 15:34:48.003 +05:30  INF  User profile is available. Using 'C:\Users\DELL\AppData\Local\ASP.NET\DataProtection-Keys' as key repository and Windows DPAPI to encrypt keys at rest.
2023-09-08 15:34:48.493 +05:30  INF  Now listening on: https://localhost:7069
2023-09-08 15:34:48.493 +05:30  INF  Now listening on: http://localhost:5069
2023-09-08 15:34:48.496 +05:30  INF  Application started. Press Ctrl+C to shut down.
2023-09-08 15:34:48.497 +05:30  INF  Hosting environment: Development
2023-09-08 15:34:48.497 +05:30  INF  Content root path: D:\Projects\GitHubProjects\virmani_dotnet\DCRM.Api\
2023-09-08 15:34:49.964 +05:30  INF  Request starting HTTP/2 GET https://localhost:7069/swagger - -
2023-09-08 15:34:50.145 +05:30  INF  Request finished HTTP/2 GET https://localhost:7069/swagger - - - 301 0 - 186.4002ms
2023-09-08 15:34:50.146 +05:30  INF  Request starting HTTP/2 GET https://localhost:7069/swagger/index.html - -
2023-09-08 15:34:50.544 +05:30  INF  Request starting HTTP/2 GET https://localhost:7069/swagger/swagger-ui-standalone-preset.js - -
2023-09-08 15:34:50.544 +05:30  INF  Request starting HTTP/2 GET https://localhost:7069/swagger/swagger-ui-bundle.js - -
2023-09-08 15:34:50.544 +05:30  INF  Request starting HTTP/2 GET https://localhost:7069/_framework/aspnetcore-browser-refresh.js - -
2023-09-08 15:34:50.546 +05:30  INF  Request starting HTTP/2 GET https://localhost:7069/swagger/swagger-ui.css - -
2023-09-08 15:34:50.557 +05:30  INF  Request starting HTTP/2 GET https://localhost:7069/_vs/browserLink - -
2023-09-08 15:34:50.564 +05:30  INF  Request finished HTTP/2 GET https://localhost:7069/swagger/index.html - - - 200 - text/html;charset=utf-8 417.6588ms
2023-09-08 15:34:50.565 +05:30  INF  Request finished HTTP/2 GET https://localhost:7069/_framework/aspnetcore-browser-refresh.js - - - 200 12348 application/javascript;+charset=utf-8 20.6063ms
2023-09-08 15:34:50.585 +05:30  INF  Request finished HTTP/2 GET https://localhost:7069/_vs/browserLink - - - 200 - text/javascript;+charset=UTF-8 29.4780ms
2023-09-08 15:34:50.613 +05:30  INF  Sending file. Request path: '/swagger-ui.css'. Physical path: 'N/A'
2023-09-08 15:34:50.614 +05:30  INF  Request finished HTTP/2 GET https://localhost:7069/swagger/swagger-ui.css - - - 200 143632 text/css 67.6171ms
2023-09-08 15:34:50.629 +05:30  INF  Sending file. Request path: '/swagger-ui-standalone-preset.js'. Physical path: 'N/A'
2023-09-08 15:34:50.629 +05:30  INF  Request finished HTTP/2 GET https://localhost:7069/swagger/swagger-ui-standalone-preset.js - - - 200 337162 application/javascript 85.2808ms
2023-09-08 15:34:50.640 +05:30  INF  Sending file. Request path: '/swagger-ui-bundle.js'. Physical path: 'N/A'
2023-09-08 15:34:50.640 +05:30  INF  Request finished HTTP/2 GET https://localhost:7069/swagger/swagger-ui-bundle.js - - - 200 1092889 application/javascript 96.5825ms
2023-09-08 15:34:50.792 +05:30  INF  Request starting HTTP/2 GET https://localhost:7069/swagger/v1/swagger.json - -
2023-09-08 15:34:50.974 +05:30  INF  Request finished HTTP/2 GET https://localhost:7069/swagger/v1/swagger.json - - - 200 - application/json;charset=utf-8 182.0939ms
2023-09-08 15:35:11.922 +05:30  INF  Request starting HTTP/2 POST https://localhost:7069/api/Notification/SendMail application/json 184
2023-09-08 15:35:11.932 +05:30  INF  CORS policy execution successful.
2023-09-08 15:35:13.268 +05:30  INF  Executing endpoint 'DCRM.Api.Controllers.NotificationController.SendMail (DCRM.Api)'
2023-09-08 15:35:13.310 +05:30  INF  Route matched with {action = "SendMail", controller = "Notification"}. Executing controller action with signature Microsoft.AspNetCore.Mvc.IActionResult SendMail(DCRM.Common.RequestModel.NotificationRequest) on controller DCRM.Api.Controllers.NotificationController (DCRM.Api).
2023-09-08 15:38:33.676 +05:30  INF  The specified string is not in the form required for an e-mail address.
2023-09-08 15:38:34.987 +05:30  INF  Executed action DCRM.Api.Controllers.NotificationController.SendMail (DCRM.Api) in 201669.5457ms
2023-09-08 15:38:34.993 +05:30  INF  Executed endpoint 'DCRM.Api.Controllers.NotificationController.SendMail (DCRM.Api)'
2023-09-08 15:38:35.080 +05:30  INF  Request finished HTTP/2 POST https://localhost:7069/api/Notification/SendMail application/json 184 - 500 - application/json 203158.0365ms
2023-09-08 15:41:54.207 +05:30  INF  Request starting HTTP/2 POST https://localhost:7069/api/Notification/SendMail application/json 184
2023-09-08 15:41:54.209 +05:30  INF  CORS policy execution successful.
2023-09-08 15:41:54.262 +05:30  INF  Executing endpoint 'DCRM.Api.Controllers.NotificationController.SendMail (DCRM.Api)'
2023-09-08 15:41:54.262 +05:30  INF  Route matched with {action = "SendMail", controller = "Notification"}. Executing controller action with signature Microsoft.AspNetCore.Mvc.IActionResult SendMail(DCRM.Common.RequestModel.NotificationRequest) on controller DCRM.Api.Controllers.NotificationController (DCRM.Api).
2023-09-08 15:41:54.322 +05:30  INF  The specified string is not in the form required for an e-mail address.
2023-09-08 15:43:48.744 +05:30  INF  User profile is available. Using 'C:\Users\DELL\AppData\Local\ASP.NET\DataProtection-Keys' as key repository and Windows DPAPI to encrypt keys at rest.
2023-09-08 15:43:49.036 +05:30  INF  Now listening on: https://localhost:7069
2023-09-08 15:43:49.036 +05:30  INF  Now listening on: http://localhost:5069
2023-09-08 15:43:49.040 +05:30  INF  Application started. Press Ctrl+C to shut down.
2023-09-08 15:43:49.040 +05:30  INF  Hosting environment: Development
2023-09-08 15:43:49.040 +05:30  INF  Content root path: D:\Projects\GitHubProjects\virmani_dotnet\DCRM.Api\
2023-09-08 15:43:50.010 +05:30  INF  Request starting HTTP/2 GET https://localhost:7069/swagger - -
2023-09-08 15:43:50.141 +05:30  INF  Request finished HTTP/2 GET https://localhost:7069/swagger - - - 301 0 - 134.9535ms
2023-09-08 15:43:50.142 +05:30  INF  Request starting HTTP/2 GET https://localhost:7069/swagger/index.html - -
2023-09-08 15:43:50.499 +05:30  INF  Request starting HTTP/2 GET https://localhost:7069/swagger/swagger-ui-standalone-preset.js - -
2023-09-08 15:43:50.499 +05:30  INF  Request starting HTTP/2 GET https://localhost:7069/_framework/aspnetcore-browser-refresh.js - -
2023-09-08 15:43:50.499 +05:30  INF  Request starting HTTP/2 GET https://localhost:7069/_vs/browserLink - -
2023-09-08 15:43:50.499 +05:30  INF  Request starting HTTP/2 GET https://localhost:7069/swagger/swagger-ui.css - -
2023-09-08 15:43:50.499 +05:30  INF  Request starting HTTP/2 GET https://localhost:7069/swagger/swagger-ui-bundle.js - -
2023-09-08 15:43:50.506 +05:30  INF  Request finished HTTP/2 GET https://localhost:7069/swagger/index.html - - - 200 - text/html;charset=utf-8 363.5537ms
2023-09-08 15:43:50.510 +05:30  INF  Request finished HTTP/2 GET https://localhost:7069/_framework/aspnetcore-browser-refresh.js - - - 200 12348 application/javascript;+charset=utf-8 8.4842ms
2023-09-08 15:43:50.547 +05:30  INF  Sending file. Request path: '/swagger-ui.css'. Physical path: 'N/A'
2023-09-08 15:43:50.566 +05:30  INF  Request finished HTTP/2 GET https://localhost:7069/swagger/swagger-ui.css - - - 200 143632 text/css 66.4470ms
2023-09-08 15:43:50.588 +05:30  INF  Request finished HTTP/2 GET https://localhost:7069/_vs/browserLink - - - 200 - text/javascript;+charset=UTF-8 89.1534ms
2023-09-08 15:43:50.589 +05:30  INF  Sending file. Request path: '/swagger-ui-bundle.js'. Physical path: 'N/A'
2023-09-08 15:43:50.589 +05:30  INF  Sending file. Request path: '/swagger-ui-standalone-preset.js'. Physical path: 'N/A'
2023-09-08 15:43:50.589 +05:30  INF  Request finished HTTP/2 GET https://localhost:7069/swagger/swagger-ui-standalone-preset.js - - - 200 337162 application/javascript 90.8091ms
2023-09-08 15:43:50.589 +05:30  INF  Request finished HTTP/2 GET https://localhost:7069/swagger/swagger-ui-bundle.js - - - 200 1092889 application/javascript 90.9267ms
2023-09-08 15:43:50.749 +05:30  INF  Request starting HTTP/2 GET https://localhost:7069/swagger/v1/swagger.json - -
2023-09-08 15:43:50.924 +05:30  INF  Request finished HTTP/2 GET https://localhost:7069/swagger/v1/swagger.json - - - 200 - application/json;charset=utf-8 174.8010ms
2023-09-08 15:44:12.130 +05:30  INF  Request starting HTTP/2 POST https://localhost:7069/api/Notification/SendMail application/json 184
2023-09-08 15:44:12.139 +05:30  INF  CORS policy execution successful.
2023-09-08 15:44:13.213 +05:30  INF  Executing endpoint 'DCRM.Api.Controllers.NotificationController.SendMail (DCRM.Api)'
2023-09-08 15:44:13.242 +05:30  INF  Route matched with {action = "SendMail", controller = "Notification"}. Executing controller action with signature Microsoft.AspNetCore.Mvc.IActionResult SendMail(DCRM.Common.RequestModel.NotificationRequest) on controller DCRM.Api.Controllers.NotificationController (DCRM.Api).
2023-09-08 15:45:20.851 +05:30  INF  Failure sending mail.
2023-09-08 15:45:23.049 +05:30  INF  Executed action DCRM.Api.Controllers.NotificationController.SendMail (DCRM.Api) in 69800.478ms
2023-09-08 15:45:23.053 +05:30  INF  Executed endpoint 'DCRM.Api.Controllers.NotificationController.SendMail (DCRM.Api)'
2023-09-08 15:45:23.128 +05:30  INF  Request finished HTTP/2 POST https://localhost:7069/api/Notification/SendMail application/json 184 - 500 - application/json 70996.9739ms
2023-09-08 15:47:08.281 +05:30  INF  Request starting HTTP/2 POST https://localhost:7069/api/Notification/SendMail application/json 184
2023-09-08 15:47:08.284 +05:30  INF  CORS policy execution successful.
2023-09-08 15:47:08.324 +05:30  INF  Executing endpoint 'DCRM.Api.Controllers.NotificationController.SendMail (DCRM.Api)'
2023-09-08 15:47:08.324 +05:30  INF  Route matched with {action = "SendMail", controller = "Notification"}. Executing controller action with signature Microsoft.AspNetCore.Mvc.IActionResult SendMail(DCRM.Common.RequestModel.NotificationRequest) on controller DCRM.Api.Controllers.NotificationController (DCRM.Api).
2023-09-08 15:47:08.366 +05:30  INF  The specified string is not in the form required for an e-mail address.
2023-09-08 15:47:20.260 +05:30  INF  Executed action DCRM.Api.Controllers.NotificationController.SendMail (DCRM.Api) in 11935.5419ms
2023-09-08 15:47:20.260 +05:30  INF  Executed endpoint 'DCRM.Api.Controllers.NotificationController.SendMail (DCRM.Api)'
2023-09-08 15:47:20.313 +05:30  INF  Request finished HTTP/2 POST https://localhost:7069/api/Notification/SendMail application/json 184 - 500 - application/json 12032.0481ms
2023-09-08 15:47:32.363 +05:30  INF  Request starting HTTP/2 POST https://localhost:7069/api/Notification/SendMail application/json 184
2023-09-08 15:47:32.364 +05:30  INF  CORS policy execution successful.
2023-09-08 15:47:32.387 +05:30  INF  Executing endpoint 'DCRM.Api.Controllers.NotificationController.SendMail (DCRM.Api)'
2023-09-08 15:47:32.389 +05:30  INF  Route matched with {action = "SendMail", controller = "Notification"}. Executing controller action with signature Microsoft.AspNetCore.Mvc.IActionResult SendMail(DCRM.Common.RequestModel.NotificationRequest) on controller DCRM.Api.Controllers.NotificationController (DCRM.Api).
2023-09-08 15:49:33.916 +05:30  INF  The specified string is not in the form required for an e-mail address.
2023-09-08 15:49:34.720 +05:30  INF  Executed action DCRM.Api.Controllers.NotificationController.SendMail (DCRM.Api) in 122331.778ms
2023-09-08 15:49:34.721 +05:30  INF  Executed endpoint 'DCRM.Api.Controllers.NotificationController.SendMail (DCRM.Api)'
2023-09-08 15:49:34.775 +05:30  INF  Request finished HTTP/2 POST https://localhost:7069/api/Notification/SendMail application/json 184 - 500 - application/json 122412.7214ms
2023-09-08 15:49:45.676 +05:30  INF  Request starting HTTP/2 POST https://localhost:7069/api/Notification/SendMail application/json 184
2023-09-08 15:49:45.676 +05:30  INF  CORS policy execution successful.
2023-09-08 15:49:45.677 +05:30  INF  Executing endpoint 'DCRM.Api.Controllers.NotificationController.SendMail (DCRM.Api)'
2023-09-08 15:49:45.678 +05:30  INF  Route matched with {action = "SendMail", controller = "Notification"}. Executing controller action with signature Microsoft.AspNetCore.Mvc.IActionResult SendMail(DCRM.Common.RequestModel.NotificationRequest) on controller DCRM.Api.Controllers.NotificationController (DCRM.Api).
2023-09-08 15:50:28.434 +05:30  INF  Failure sending mail.
2023-09-08 15:50:29.807 +05:30  INF  Executed action DCRM.Api.Controllers.NotificationController.SendMail (DCRM.Api) in 44128.1407ms
2023-09-08 15:50:29.807 +05:30  INF  Executed endpoint 'DCRM.Api.Controllers.NotificationController.SendMail (DCRM.Api)'
2023-09-08 15:50:29.864 +05:30  INF  Request finished HTTP/2 POST https://localhost:7069/api/Notification/SendMail application/json 184 - 500 - application/json 44189.3823ms
2023-09-08 15:52:55.174 +05:30  INF  User profile is available. Using 'C:\Users\DELL\AppData\Local\ASP.NET\DataProtection-Keys' as key repository and Windows DPAPI to encrypt keys at rest.
2023-09-08 15:52:55.472 +05:30  INF  Now listening on: https://localhost:7069
2023-09-08 15:52:55.472 +05:30  INF  Now listening on: http://localhost:5069
2023-09-08 15:52:55.477 +05:30  INF  Application started. Press Ctrl+C to shut down.
2023-09-08 15:52:55.478 +05:30  INF  Hosting environment: Development
2023-09-08 15:52:55.478 +05:30  INF  Content root path: D:\Projects\GitHubProjects\virmani_dotnet\DCRM.Api\
2023-09-08 15:52:57.129 +05:30  INF  Request starting HTTP/2 GET https://localhost:7069/swagger - -
2023-09-08 15:52:57.401 +05:30  INF  Request finished HTTP/2 GET https://localhost:7069/swagger - - - 301 0 - 275.8981ms
2023-09-08 15:52:57.402 +05:30  INF  Request starting HTTP/2 GET https://localhost:7069/swagger/index.html - -
2023-09-08 15:52:57.760 +05:30  INF  Request starting HTTP/2 GET https://localhost:7069/swagger/swagger-ui-bundle.js - -
2023-09-08 15:52:57.760 +05:30  INF  Request starting HTTP/2 GET https://localhost:7069/_framework/aspnetcore-browser-refresh.js - -
2023-09-08 15:52:57.760 +05:30  INF  Request starting HTTP/2 GET https://localhost:7069/swagger/swagger-ui-standalone-preset.js - -
2023-09-08 15:52:57.760 +05:30  INF  Request starting HTTP/2 GET https://localhost:7069/_vs/browserLink - -
2023-09-08 15:52:57.760 +05:30  INF  Request starting HTTP/2 GET https://localhost:7069/swagger/swagger-ui.css - -
2023-09-08 15:52:57.765 +05:30  INF  Request finished HTTP/2 GET https://localhost:7069/swagger/index.html - - - 200 - text/html;charset=utf-8 362.8773ms
2023-09-08 15:52:57.774 +05:30  INF  Request finished HTTP/2 GET https://localhost:7069/_framework/aspnetcore-browser-refresh.js - - - 200 12348 application/javascript;+charset=utf-8 14.6350ms
2023-09-08 15:52:57.794 +05:30  INF  Sending file. Request path: '/swagger-ui.css'. Physical path: 'N/A'
2023-09-08 15:52:57.828 +05:30  INF  Request finished HTTP/2 GET https://localhost:7069/swagger/swagger-ui.css - - - 200 143632 text/css 67.9821ms
2023-09-08 15:52:57.831 +05:30  INF  Sending file. Request path: '/swagger-ui-standalone-preset.js'. Physical path: 'N/A'
2023-09-08 15:52:57.832 +05:30  INF  Request finished HTTP/2 GET https://localhost:7069/swagger/swagger-ui-standalone-preset.js - - - 200 337162 application/javascript 72.3919ms
2023-09-08 15:52:57.839 +05:30  INF  Request finished HTTP/2 GET https://localhost:7069/_vs/browserLink - - - 200 - text/javascript;+charset=UTF-8 78.8899ms
2023-09-08 15:52:57.842 +05:30  INF  Sending file. Request path: '/swagger-ui-bundle.js'. Physical path: 'N/A'
2023-09-08 15:52:57.842 +05:30  INF  Request finished HTTP/2 GET https://localhost:7069/swagger/swagger-ui-bundle.js - - - 200 1092889 application/javascript 82.8702ms
2023-09-08 15:52:57.995 +05:30  INF  Request starting HTTP/2 GET https://localhost:7069/swagger/v1/swagger.json - -
2023-09-08 15:52:58.174 +05:30  INF  Request finished HTTP/2 GET https://localhost:7069/swagger/v1/swagger.json - - - 200 - application/json;charset=utf-8 179.5792ms
2023-09-08 15:53:16.469 +05:30  INF  Request starting HTTP/2 POST https://localhost:7069/api/Notification/SendMail application/json 184
2023-09-08 15:53:16.479 +05:30  INF  CORS policy execution successful.
2023-09-08 15:53:17.550 +05:30  INF  Executing endpoint 'DCRM.Api.Controllers.NotificationController.SendMail (DCRM.Api)'
2023-09-08 15:53:17.579 +05:30  INF  Route matched with {action = "SendMail", controller = "Notification"}. Executing controller action with signature Microsoft.AspNetCore.Mvc.IActionResult SendMail(DCRM.Common.RequestModel.NotificationRequest) on controller DCRM.Api.Controllers.NotificationController (DCRM.Api).
2023-09-08 15:54:40.028 +05:30  INF  The SMTP server requires a secure connection or the client was not authenticated. The server response was: 5.7.0 Must issue a STARTTLS command first. y7-20020a1709029b8700b001bdbe6c86a9sm1240463plp.225 - gsmtp
2023-09-08 15:54:40.957 +05:30  INF  Executed action DCRM.Api.Controllers.NotificationController.SendMail (DCRM.Api) in 83372.4586ms
2023-09-08 15:54:40.961 +05:30  INF  Executed endpoint 'DCRM.Api.Controllers.NotificationController.SendMail (DCRM.Api)'
2023-09-08 15:54:41.038 +05:30  INF  Request finished HTTP/2 POST https://localhost:7069/api/Notification/SendMail application/json 184 - 500 - application/json 84568.8344ms
2023-09-08 15:56:16.181 +05:30  INF  Request starting HTTP/2 POST https://localhost:7069/api/Notification/SendMail application/json 184
2023-09-08 15:56:16.182 +05:30  INF  CORS policy execution successful.
2023-09-08 15:56:16.225 +05:30  INF  Executing endpoint 'DCRM.Api.Controllers.NotificationController.SendMail (DCRM.Api)'
2023-09-08 15:56:16.226 +05:30  INF  Route matched with {action = "SendMail", controller = "Notification"}. Executing controller action with signature Microsoft.AspNetCore.Mvc.IActionResult SendMail(DCRM.Common.RequestModel.NotificationRequest) on controller DCRM.Api.Controllers.NotificationController (DCRM.Api).
2023-09-08 15:57:39.691 +05:30  INF  The SMTP server requires a secure connection or the client was not authenticated. The server response was: 5.7.0 Authentication Required. Learn more at
2023-09-08 15:57:41.511 +05:30  INF  Executed action DCRM.Api.Controllers.NotificationController.SendMail (DCRM.Api) in 85284.4699ms
2023-09-08 15:57:41.511 +05:30  INF  Executed endpoint 'DCRM.Api.Controllers.NotificationController.SendMail (DCRM.Api)'
2023-09-08 15:57:41.564 +05:30  INF  Request finished HTTP/2 POST https://localhost:7069/api/Notification/SendMail application/json 184 - 500 - application/json 85382.8821ms
2023-09-08 15:57:45.669 +05:30  INF  Request starting HTTP/2 POST https://localhost:7069/api/Notification/SendMail application/json 184
2023-09-08 15:57:45.670 +05:30  INF  CORS policy execution successful.
2023-09-08 15:57:45.698 +05:30  INF  Executing endpoint 'DCRM.Api.Controllers.NotificationController.SendMail (DCRM.Api)'
2023-09-08 15:57:45.699 +05:30  INF  Route matched with {action = "SendMail", controller = "Notification"}. Executing controller action with signature Microsoft.AspNetCore.Mvc.IActionResult SendMail(DCRM.Common.RequestModel.NotificationRequest) on controller DCRM.Api.Controllers.NotificationController (DCRM.Api).
2023-09-08 15:58:17.937 +05:30  INF  The SMTP server requires a secure connection or the client was not authenticated. The server response was: 5.7.0 Authentication Required. Learn more at
2023-09-08 15:58:20.048 +05:30  INF  Executed action DCRM.Api.Controllers.NotificationController.SendMail (DCRM.Api) in 34349.1037ms
2023-09-08 15:58:20.049 +05:30  INF  Executed endpoint 'DCRM.Api.Controllers.NotificationController.SendMail (DCRM.Api)'
2023-09-08 15:58:20.106 +05:30  INF  Request finished HTTP/2 POST https://localhost:7069/api/Notification/SendMail application/json 184 - 500 - application/json 34436.3720ms
2023-09-08 15:58:46.567 +05:30  INF  Request starting HTTP/2 POST https://localhost:7069/api/Notification/SendMail application/json 184
2023-09-08 15:58:46.568 +05:30  INF  CORS policy execution successful.
2023-09-08 15:58:46.568 +05:30  INF  Executing endpoint 'DCRM.Api.Controllers.NotificationController.SendMail (DCRM.Api)'
2023-09-08 15:58:46.569 +05:30  INF  Route matched with {action = "SendMail", controller = "Notification"}. Executing controller action with signature Microsoft.AspNetCore.Mvc.IActionResult SendMail(DCRM.Common.RequestModel.NotificationRequest) on controller DCRM.Api.Controllers.NotificationController (DCRM.Api).
2023-09-08 15:59:25.256 +05:30  INF  Failure sending mail.
2023-09-08 15:59:27.907 +05:30  INF  Executed action DCRM.Api.Controllers.NotificationController.SendMail (DCRM.Api) in 41337.2339ms
2023-09-08 15:59:27.907 +05:30  INF  Executed endpoint 'DCRM.Api.Controllers.NotificationController.SendMail (DCRM.Api)'
2023-09-08 15:59:27.960 +05:30  INF  Request finished HTTP/2 POST https://localhost:7069/api/Notification/SendMail application/json 184 - 500 - application/json 41392.8499ms
2023-09-08 15:59:32.289 +05:30  INF  Request starting HTTP/2 POST https://localhost:7069/api/Notification/SendMail application/json 184
2023-09-08 15:59:32.289 +05:30  INF  CORS policy execution successful.
2023-09-08 15:59:32.290 +05:30  INF  Executing endpoint 'DCRM.Api.Controllers.NotificationController.SendMail (DCRM.Api)'
2023-09-08 15:59:32.291 +05:30  INF  Route matched with {action = "SendMail", controller = "Notification"}. Executing controller action with signature Microsoft.AspNetCore.Mvc.IActionResult SendMail(DCRM.Common.RequestModel.NotificationRequest) on controller DCRM.Api.Controllers.NotificationController (DCRM.Api).
2023-09-08 16:00:10.760 +05:30  INF  Failure sending mail.
2023-09-08 16:00:12.198 +05:30  INF  Executed action DCRM.Api.Controllers.NotificationController.SendMail (DCRM.Api) in 39907.3821ms
2023-09-08 16:00:12.198 +05:30  INF  Executed endpoint 'DCRM.Api.Controllers.NotificationController.SendMail (DCRM.Api)'
2023-09-08 16:00:12.254 +05:30  INF  Request finished HTTP/2 POST https://localhost:7069/api/Notification/SendMail application/json 184 - 500 - application/json 39964.9764ms
2023-09-08 16:04:54.982 +05:30  INF  Request starting HTTP/2 POST https://localhost:7069/api/Notification/SendMail application/json 184
2023-09-08 16:04:54.987 +05:30  INF  CORS policy execution successful.
2023-09-08 16:04:54.988 +05:30  INF  Executing endpoint 'DCRM.Api.Controllers.NotificationController.SendMail (DCRM.Api)'
2023-09-08 16:04:54.989 +05:30  INF  Route matched with {action = "SendMail", controller = "Notification"}. Executing controller action with signature Microsoft.AspNetCore.Mvc.IActionResult SendMail(DCRM.Common.RequestModel.NotificationRequest) on controller DCRM.Api.Controllers.NotificationController (DCRM.Api).
2023-09-08 16:05:28.660 +05:30  INF  Failure sending mail.
2023-09-08 16:05:29.387 +05:30  INF  Executed action DCRM.Api.Controllers.NotificationController.SendMail (DCRM.Api) in 34398.8442ms
2023-09-08 16:05:29.388 +05:30  INF  Executed endpoint 'DCRM.Api.Controllers.NotificationController.SendMail (DCRM.Api)'
2023-09-08 16:05:29.444 +05:30  INF  Request finished HTTP/2 POST https://localhost:7069/api/Notification/SendMail application/json 184 - 500 - application/json 34462.2639ms
2023-09-08 16:05:47.823 +05:30  INF  Request starting HTTP/2 POST https://localhost:7069/api/Notification/SendMail application/json 184
2023-09-08 16:05:47.825 +05:30  INF  CORS policy execution successful.
2023-09-08 16:05:47.825 +05:30  INF  Executing endpoint 'DCRM.Api.Controllers.NotificationController.SendMail (DCRM.Api)'
2023-09-08 16:05:47.825 +05:30  INF  Route matched with {action = "SendMail", controller = "Notification"}. Executing controller action with signature Microsoft.AspNetCore.Mvc.IActionResult SendMail(DCRM.Common.RequestModel.NotificationRequest) on controller DCRM.Api.Controllers.NotificationController (DCRM.Api).
2023-09-08 16:06:21.495 +05:30  INF  Failure sending mail.
2023-09-08 16:06:22.290 +05:30  INF  Executed action DCRM.Api.Controllers.NotificationController.SendMail (DCRM.Api) in 34465.2882ms
2023-09-08 16:06:22.291 +05:30  INF  Executed endpoint 'DCRM.Api.Controllers.NotificationController.SendMail (DCRM.Api)'
2023-09-08 16:06:22.348 +05:30  INF  Request finished HTTP/2 POST https://localhost:7069/api/Notification/SendMail application/json 184 - 500 - application/json 34525.4868ms
2023-09-08 16:18:42.002 +05:30  INF  Request starting HTTP/2 POST https://localhost:7069/api/Notification/SendMail application/json 184
2023-09-08 16:18:42.003 +05:30  INF  CORS policy execution successful.
2023-09-08 16:18:42.003 +05:30  INF  Executing endpoint 'DCRM.Api.Controllers.NotificationController.SendMail (DCRM.Api)'
2023-09-08 16:18:42.004 +05:30  INF  Route matched with {action = "SendMail", controller = "Notification"}. Executing controller action with signature Microsoft.AspNetCore.Mvc.IActionResult SendMail(DCRM.Common.RequestModel.NotificationRequest) on controller DCRM.Api.Controllers.NotificationController (DCRM.Api).
2023-09-08 16:21:09.430 +05:30  INF  Failure sending mail.
2023-09-08 16:21:10.054 +05:30  INF  Executed action DCRM.Api.Controllers.NotificationController.SendMail (DCRM.Api) in 148049.457ms
2023-09-08 16:21:10.055 +05:30  INF  Executed endpoint 'DCRM.Api.Controllers.NotificationController.SendMail (DCRM.Api)'
2023-09-08 16:21:10.114 +05:30  INF  Request finished HTTP/2 POST https://localhost:7069/api/Notification/SendMail application/json 184 - 500 - application/json 148111.3164ms
2023-09-08 16:21:20.144 +05:30  INF  Request starting HTTP/2 POST https://localhost:7069/api/Notification/SendMail application/json 184
2023-09-08 16:21:20.151 +05:30  INF  CORS policy execution successful.
2023-09-08 16:21:20.152 +05:30  INF  Executing endpoint 'DCRM.Api.Controllers.NotificationController.SendMail (DCRM.Api)'
2023-09-08 16:21:20.153 +05:30  INF  Route matched with {action = "SendMail", controller = "Notification"}. Executing controller action with signature Microsoft.AspNetCore.Mvc.IActionResult SendMail(DCRM.Common.RequestModel.NotificationRequest) on controller DCRM.Api.Controllers.NotificationController (DCRM.Api).
2023-09-08 16:21:50.656 +05:30  INF  Failure sending mail.
2023-09-08 16:21:51.303 +05:30  INF  Executed action DCRM.Api.Controllers.NotificationController.SendMail (DCRM.Api) in 31149.2643ms
2023-09-08 16:21:51.303 +05:30  INF  Executed endpoint 'DCRM.Api.Controllers.NotificationController.SendMail (DCRM.Api)'
2023-09-08 16:21:51.360 +05:30  INF  Request finished HTTP/2 POST https://localhost:7069/api/Notification/SendMail application/json 184 - 500 - application/json 31215.7500ms
2023-09-08 16:29:51.657 +05:30  INF  Request starting HTTP/2 POST https://localhost:7069/api/Notification/SendMail application/json 184
2023-09-08 16:29:51.659 +05:30  INF  CORS policy execution successful.
2023-09-08 16:29:51.659 +05:30  INF  Executing endpoint 'DCRM.Api.Controllers.NotificationController.SendMail (DCRM.Api)'
2023-09-08 16:29:51.660 +05:30  INF  Route matched with {action = "SendMail", controller = "Notification"}. Executing controller action with signature Microsoft.AspNetCore.Mvc.IActionResult SendMail(DCRM.Common.RequestModel.NotificationRequest) on controller DCRM.Api.Controllers.NotificationController (DCRM.Api).
2023-09-08 16:30:16.348 +05:30  INF  Failure sending mail.
2023-09-08 16:30:26.554 +05:30  INF  Executed action DCRM.Api.Controllers.NotificationController.SendMail (DCRM.Api) in 34894.6789ms
2023-09-08 16:30:26.555 +05:30  INF  Executed endpoint 'DCRM.Api.Controllers.NotificationController.SendMail (DCRM.Api)'
2023-09-08 16:30:26.610 +05:30  INF  Request finished HTTP/2 POST https://localhost:7069/api/Notification/SendMail application/json 184 - 500 - application/json 34953.2068ms
2023-09-08 16:31:34.692 +05:30  INF  Request starting HTTP/2 POST https://localhost:7069/api/Notification/SendMail application/json 184
2023-09-08 16:31:34.692 +05:30  INF  CORS policy execution successful.
2023-09-08 16:31:34.693 +05:30  INF  Executing endpoint 'DCRM.Api.Controllers.NotificationController.SendMail (DCRM.Api)'
2023-09-08 16:31:34.693 +05:30  INF  Route matched with {action = "SendMail", controller = "Notification"}. Executing controller action with signature Microsoft.AspNetCore.Mvc.IActionResult SendMail(DCRM.Common.RequestModel.NotificationRequest) on controller DCRM.Api.Controllers.NotificationController (DCRM.Api).
2023-09-08 16:32:27.235 +05:30  INF  User profile is available. Using 'C:\Users\DELL\AppData\Local\ASP.NET\DataProtection-Keys' as key repository and Windows DPAPI to encrypt keys at rest.
2023-09-08 16:32:27.817 +05:30  INF  Now listening on: https://localhost:7069
2023-09-08 16:32:27.817 +05:30  INF  Now listening on: http://localhost:5069
2023-09-08 16:32:27.820 +05:30  INF  Application started. Press Ctrl+C to shut down.
2023-09-08 16:32:27.821 +05:30  INF  Hosting environment: Development
2023-09-08 16:32:27.821 +05:30  INF  Content root path: D:\Projects\GitHubProjects\virmani_dotnet\DCRM.Api\
2023-09-08 16:32:30.614 +05:30  INF  Request starting HTTP/2 GET https://localhost:7069/swagger - -
2023-09-08 16:32:30.918 +05:30  INF  Request finished HTTP/2 GET https://localhost:7069/swagger - - - 301 0 - 312.9861ms
2023-09-08 16:32:30.919 +05:30  INF  Request starting HTTP/2 GET https://localhost:7069/swagger/index.html - -
2023-09-08 16:32:31.335 +05:30  INF  Request starting HTTP/2 GET https://localhost:7069/swagger/swagger-ui-bundle.js - -
2023-09-08 16:32:31.335 +05:30  INF  Request starting HTTP/2 GET https://localhost:7069/swagger/swagger-ui-standalone-preset.js - -
2023-09-08 16:32:31.336 +05:30  INF  Request starting HTTP/2 GET https://localhost:7069/_framework/aspnetcore-browser-refresh.js - -
2023-09-08 16:32:31.336 +05:30  INF  Request starting HTTP/2 GET https://localhost:7069/swagger/swagger-ui.css - -
2023-09-08 16:32:31.336 +05:30  INF  Request starting HTTP/2 GET https://localhost:7069/_vs/browserLink - -
2023-09-08 16:32:31.352 +05:30  INF  Request finished HTTP/2 GET https://localhost:7069/swagger/index.html - - - 200 - text/html;charset=utf-8 433.4772ms
2023-09-08 16:32:31.352 +05:30  INF  Request finished HTTP/2 GET https://localhost:7069/_framework/aspnetcore-browser-refresh.js - - - 200 12348 application/javascript;+charset=utf-8 16.7171ms
2023-09-08 16:32:31.370 +05:30  INF  Request finished HTTP/2 GET https://localhost:7069/_vs/browserLink - - - 200 - text/javascript;+charset=UTF-8 33.8205ms
2023-09-08 16:32:31.382 +05:30  INF  Sending file. Request path: '/swagger-ui.css'. Physical path: 'N/A'
2023-09-08 16:32:31.404 +05:30  INF  Request finished HTTP/2 GET https://localhost:7069/swagger/swagger-ui.css - - - 200 143632 text/css 67.9552ms
2023-09-08 16:32:31.409 +05:30  INF  Sending file. Request path: '/swagger-ui-standalone-preset.js'. Physical path: 'N/A'
2023-09-08 16:32:31.410 +05:30  INF  Request finished HTTP/2 GET https://localhost:7069/swagger/swagger-ui-standalone-preset.js - - - 200 337162 application/javascript 74.4236ms
2023-09-08 16:32:31.423 +05:30  INF  Sending file. Request path: '/swagger-ui-bundle.js'. Physical path: 'N/A'
2023-09-08 16:32:31.423 +05:30  INF  Request finished HTTP/2 GET https://localhost:7069/swagger/swagger-ui-bundle.js - - - 200 1092889 application/javascript 87.8175ms
2023-09-08 16:32:31.608 +05:30  INF  Request starting HTTP/2 GET https://localhost:7069/swagger/v1/swagger.json - -
2023-09-08 16:32:31.812 +05:30  INF  Request finished HTTP/2 GET https://localhost:7069/swagger/v1/swagger.json - - - 200 - application/json;charset=utf-8 203.5881ms
2023-09-08 16:33:20.385 +05:30  INF  Request starting HTTP/2 POST https://localhost:7069/api/Notification/SendMail application/json 184
2023-09-08 16:33:20.393 +05:30  INF  CORS policy execution successful.
2023-09-08 16:33:21.698 +05:30  INF  Executing endpoint 'DCRM.Api.Controllers.NotificationController.SendMail (DCRM.Api)'
2023-09-08 16:33:21.741 +05:30  INF  Route matched with {action = "SendMail", controller = "Notification"}. Executing controller action with signature Microsoft.AspNetCore.Mvc.IActionResult SendMail(DCRM.Common.RequestModel.NotificationRequest) on controller DCRM.Api.Controllers.NotificationController (DCRM.Api).
2023-09-08 16:33:44.568 +05:30  INF  The SMTP server requires a secure connection or the client was not authenticated. The server response was: 5.7.0 Authentication Required. Learn more at
2023-09-08 16:33:45.368 +05:30  INF  Executed action DCRM.Api.Controllers.NotificationController.SendMail (DCRM.Api) in 23619.8735ms
2023-09-08 16:33:45.374 +05:30  INF  Executed endpoint 'DCRM.Api.Controllers.NotificationController.SendMail (DCRM.Api)'
2023-09-08 16:33:45.451 +05:30  INF  Request finished HTTP/2 POST https://localhost:7069/api/Notification/SendMail application/json 184 - 500 - application/json 25065.7535ms
2023-09-08 16:33:47.843 +05:30  INF  Request starting HTTP/2 POST https://localhost:7069/api/Notification/SendMail application/json 184
2023-09-08 16:33:47.844 +05:30  INF  CORS policy execution successful.
2023-09-08 16:33:47.894 +05:30  INF  Executing endpoint 'DCRM.Api.Controllers.NotificationController.SendMail (DCRM.Api)'
2023-09-08 16:33:47.894 +05:30  INF  Route matched with {action = "SendMail", controller = "Notification"}. Executing controller action with signature Microsoft.AspNetCore.Mvc.IActionResult SendMail(DCRM.Common.RequestModel.NotificationRequest) on controller DCRM.Api.Controllers.NotificationController (DCRM.Api).
2023-09-08 16:34:03.266 +05:30  INF  The SMTP server requires a secure connection or the client was not authenticated. The server response was: 5.7.0 Must issue a STARTTLS command first. e5-20020a63aa05000000b00553d42a7cb5sm960403pgf.68 - gsmtp
2023-09-08 16:34:03.267 +05:30  INF  Request starting HTTP/2 GET https://localhost:7069/swagger/index.html - -
2023-09-08 16:34:05.728 +05:30  INF  Executed action DCRM.Api.Controllers.NotificationController.SendMail (DCRM.Api) in 17834.3172ms
2023-09-08 16:34:05.729 +05:30  INF  Executed endpoint 'DCRM.Api.Controllers.NotificationController.SendMail (DCRM.Api)'
2023-09-08 16:34:05.800 +05:30  INF  Request finished HTTP/2 POST https://localhost:7069/api/Notification/SendMail application/json 184 - 500 - application/json 17957.5451ms
2023-09-08 16:34:05.816 +05:30  INF  Request finished HTTP/2 GET https://localhost:7069/swagger/index.html - - - 200 - text/html;charset=utf-8 2549.3493ms
2023-09-08 16:34:05.904 +05:30  INF  Request starting HTTP/2 GET https://localhost:7069/swagger/swagger-ui.css - -
2023-09-08 16:34:05.912 +05:30  INF  Request starting HTTP/2 GET https://localhost:7069/_vs/browserLink - -
2023-09-08 16:34:05.931 +05:30  INF  Request starting HTTP/2 GET https://localhost:7069/_framework/aspnetcore-browser-refresh.js - -
2023-09-08 16:34:05.934 +05:30  INF  Request finished HTTP/2 GET https://localhost:7069/_framework/aspnetcore-browser-refresh.js - - - 200 12348 application/javascript;+charset=utf-8 2.5853ms
2023-09-08 16:34:05.940 +05:30  INF  Sending file. Request path: '/swagger-ui.css'. Physical path: 'N/A'
2023-09-08 16:34:05.941 +05:30  INF  Request finished HTTP/2 GET https://localhost:7069/swagger/swagger-ui.css - - - 200 143632 text/css 36.1595ms
2023-09-08 16:34:05.942 +05:30  INF  Request finished HTTP/2 GET https://localhost:7069/_vs/browserLink - - - 200 - text/javascript;+charset=UTF-8 30.3307ms
2023-09-08 16:34:06.179 +05:30  INF  Request starting HTTP/2 GET https://localhost:7069/swagger/v1/swagger.json - -
2023-09-08 16:34:06.186 +05:30  INF  Request starting HTTP/2 GET https://localhost:7069/swagger/favicon-32x32.png - -
2023-09-08 16:34:06.186 +05:30  INF  Sending file. Request path: '/favicon-32x32.png'. Physical path: 'N/A'
2023-09-08 16:34:06.186 +05:30  INF  Request finished HTTP/2 GET https://localhost:7069/swagger/favicon-32x32.png - - - 200 628 image/png 0.9282ms
2023-09-08 16:34:06.222 +05:30  INF  Request finished HTTP/2 GET https://localhost:7069/swagger/v1/swagger.json - - - 200 - application/json;charset=utf-8 42.6364ms
2023-09-08 16:34:23.776 +05:30  INF  Request starting HTTP/2 POST https://localhost:7069/api/Notification/SendMail application/json 184
2023-09-08 16:34:23.778 +05:30  INF  CORS policy execution successful.
2023-09-08 16:34:23.801 +05:30  INF  Executing endpoint 'DCRM.Api.Controllers.NotificationController.SendMail (DCRM.Api)'
2023-09-08 16:34:23.803 +05:30  INF  Route matched with {action = "SendMail", controller = "Notification"}. Executing controller action with signature Microsoft.AspNetCore.Mvc.IActionResult SendMail(DCRM.Common.RequestModel.NotificationRequest) on controller DCRM.Api.Controllers.NotificationController (DCRM.Api).
2023-09-08 16:34:38.456 +05:30  INF  Request starting HTTP/2 GET https://localhost:7069/swagger/index.html - -
2023-09-08 16:34:38.493 +05:30  INF  Request finished HTTP/2 GET https://localhost:7069/swagger/index.html - - - 200 - text/html;charset=utf-8 37.4684ms
2023-09-08 16:34:38.621 +05:30  INF  Request starting HTTP/2 GET https://localhost:7069/swagger/swagger-ui.css - -
2023-09-08 16:34:38.622 +05:30  INF  Request starting HTTP/2 GET https://localhost:7069/_framework/aspnetcore-browser-refresh.js - -
2023-09-08 16:34:38.622 +05:30  INF  Request starting HTTP/2 GET https://localhost:7069/_vs/browserLink - -
2023-09-08 16:34:38.629 +05:30  INF  Sending file. Request path: '/swagger-ui.css'. Physical path: 'N/A'
2023-09-08 16:34:38.629 +05:30  INF  Request finished HTTP/2 GET https://localhost:7069/swagger/swagger-ui.css - - - 200 143632 text/css 9.1204ms
2023-09-08 16:34:38.634 +05:30  INF  Request finished HTTP/2 GET https://localhost:7069/_framework/aspnetcore-browser-refresh.js - - - 200 12348 application/javascript;+charset=utf-8 11.5282ms
2023-09-08 16:34:38.639 +05:30  INF  Request finished HTTP/2 GET https://localhost:7069/_vs/browserLink - - - 200 - text/javascript;+charset=UTF-8 17.0959ms
2023-09-08 16:34:38.720 +05:30  INF  Request starting HTTP/2 GET https://localhost:7069/swagger/v1/swagger.json - -
2023-09-08 16:34:38.729 +05:30  INF  Request starting HTTP/2 GET https://localhost:7069/swagger/favicon-32x32.png - -
2023-09-08 16:34:38.729 +05:30  INF  Sending file. Request path: '/favicon-32x32.png'. Physical path: 'N/A'
2023-09-08 16:34:38.729 +05:30  INF  Request finished HTTP/2 GET https://localhost:7069/swagger/favicon-32x32.png - - - 200 628 image/png 0.5517ms
2023-09-08 16:34:38.768 +05:30  INF  Request finished HTTP/2 GET https://localhost:7069/swagger/v1/swagger.json - - - 200 - application/json;charset=utf-8 47.4253ms
2023-09-08 16:34:39.393 +05:30  INF  The SMTP server requires a secure connection or the client was not authenticated. The server response was: 5.7.0 Authentication Required. Learn more at
2023-09-08 16:34:46.838 +05:30  INF  Executed action DCRM.Api.Controllers.NotificationController.SendMail (DCRM.Api) in 23034.5611ms
2023-09-08 16:34:46.838 +05:30  INF  Executed endpoint 'DCRM.Api.Controllers.NotificationController.SendMail (DCRM.Api)'
2023-09-08 16:34:46.894 +05:30  INF  Request finished HTTP/2 POST https://localhost:7069/api/Notification/SendMail application/json 184 - 500 - application/json 23117.8752ms
2023-09-08 16:35:07.357 +05:30  INF  Request starting HTTP/2 POST https://localhost:7069/api/Notification/SendMail application/json 184
2023-09-08 16:35:07.357 +05:30  INF  CORS policy execution successful.
2023-09-08 16:35:07.358 +05:30  INF  Executing endpoint 'DCRM.Api.Controllers.NotificationController.SendMail (DCRM.Api)'
2023-09-08 16:35:07.359 +05:30  INF  Route matched with {action = "SendMail", controller = "Notification"}. Executing controller action with signature Microsoft.AspNetCore.Mvc.IActionResult SendMail(DCRM.Common.RequestModel.NotificationRequest) on controller DCRM.Api.Controllers.NotificationController (DCRM.Api).
2023-09-08 16:35:07.403 +05:30  INF  The specified string is not in the form required for an e-mail address.
2023-09-08 16:35:19.680 +05:30  INF  Executed action DCRM.Api.Controllers.NotificationController.SendMail (DCRM.Api) in 12320.715ms
2023-09-08 16:35:19.680 +05:30  INF  Executed endpoint 'DCRM.Api.Controllers.NotificationController.SendMail (DCRM.Api)'
2023-09-08 16:35:19.733 +05:30  INF  Request finished HTTP/2 POST https://localhost:7069/api/Notification/SendMail application/json 184 - 500 - application/json 12376.5933ms
2023-09-08 16:35:41.311 +05:30  INF  Request starting HTTP/2 POST https://localhost:7069/api/Notification/SendMail application/json 182
2023-09-08 16:35:41.314 +05:30  INF  CORS policy execution successful.
2023-09-08 16:35:41.315 +05:30  INF  Executing endpoint 'DCRM.Api.Controllers.NotificationController.SendMail (DCRM.Api)'
2023-09-08 16:35:41.315 +05:30  INF  Route matched with {action = "SendMail", controller = "Notification"}. Executing controller action with signature Microsoft.AspNetCore.Mvc.IActionResult SendMail(DCRM.Common.RequestModel.NotificationRequest) on controller DCRM.Api.Controllers.NotificationController (DCRM.Api).
2023-09-08 16:35:53.438 +05:30  INF  The SMTP server requires a secure connection or the client was not authenticated. The server response was: 5.7.0 Authentication Required. Learn more at
2023-09-08 16:35:54.127 +05:30  INF  Executed action DCRM.Api.Controllers.NotificationController.SendMail (DCRM.Api) in 12812.1452ms
2023-09-08 16:35:54.127 +05:30  INF  Executed endpoint 'DCRM.Api.Controllers.NotificationController.SendMail (DCRM.Api)'
2023-09-08 16:35:54.182 +05:30  INF  Request finished HTTP/2 POST https://localhost:7069/api/Notification/SendMail application/json 182 - 500 - application/json 12871.2257ms
2023-09-08 16:36:50.186 +05:30  INF  Request starting HTTP/2 POST https://localhost:7069/api/Notification/SendMail application/json 182
2023-09-08 16:36:50.187 +05:30  INF  CORS policy execution successful.
2023-09-08 16:36:50.187 +05:30  INF  Executing endpoint 'DCRM.Api.Controllers.NotificationController.SendMail (DCRM.Api)'
2023-09-08 16:36:50.187 +05:30  INF  Route matched with {action = "SendMail", controller = "Notification"}. Executing controller action with signature Microsoft.AspNetCore.Mvc.IActionResult SendMail(DCRM.Common.RequestModel.NotificationRequest) on controller DCRM.Api.Controllers.NotificationController (DCRM.Api).
2023-09-08 16:37:23.617 +05:30  INF  Failure sending mail.
2023-09-08 16:37:24.348 +05:30  INF  Executed action DCRM.Api.Controllers.NotificationController.SendMail (DCRM.Api) in 34160.625ms
2023-09-08 16:37:24.349 +05:30  INF  Executed endpoint 'DCRM.Api.Controllers.NotificationController.SendMail (DCRM.Api)'
2023-09-08 16:37:24.405 +05:30  INF  Request finished HTTP/2 POST https://localhost:7069/api/Notification/SendMail application/json 182 - 500 - application/json 34219.5002ms
2023-09-08 16:41:57.737 +05:30  INF  Request starting HTTP/2 POST https://localhost:7069/api/Notification/SendMessage application/json 175
2023-09-08 16:41:57.739 +05:30  INF  CORS policy execution successful.
2023-09-08 16:41:57.740 +05:30  INF  Executing endpoint 'DCRM.Api.Controllers.NotificationController.SendMessage (DCRM.Api)'
2023-09-08 16:41:57.742 +05:30  INF  Route matched with {action = "SendMessage", controller = "Notification"}. Executing controller action with signature Microsoft.AspNetCore.Mvc.IActionResult SendMessage(DCRM.Common.RequestModel.NotificationRequest) on controller DCRM.Api.Controllers.NotificationController (DCRM.Api).
2023-09-08 16:42:09.440 +05:30  INF  No such host is known. (foxxsms.com:443)
2023-09-08 16:42:20.951 +05:30  INF  Executed action DCRM.Api.Controllers.NotificationController.SendMessage (DCRM.Api) in 23208.3659ms
2023-09-08 16:42:20.951 +05:30  INF  Executed endpoint 'DCRM.Api.Controllers.NotificationController.SendMessage (DCRM.Api)'
2023-09-08 16:42:21.008 +05:30  INF  Request finished HTTP/2 POST https://localhost:7069/api/Notification/SendMessage application/json 175 - 500 - application/json 23272.1042ms
2023-09-08 16:42:25.892 +05:30  INF  Request starting HTTP/2 POST https://localhost:7069/api/Notification/SendMessage application/json 175
2023-09-08 16:42:25.893 +05:30  INF  CORS policy execution successful.
2023-09-08 16:42:25.895 +05:30  INF  Executing endpoint 'DCRM.Api.Controllers.NotificationController.SendMessage (DCRM.Api)'
2023-09-08 16:42:25.899 +05:30  INF  Route matched with {action = "SendMessage", controller = "Notification"}. Executing controller action with signature Microsoft.AspNetCore.Mvc.IActionResult SendMessage(DCRM.Common.RequestModel.NotificationRequest) on controller DCRM.Api.Controllers.NotificationController (DCRM.Api).
2023-09-08 16:44:01.040 +05:30  INF  No such host is known. (foxxsms.com:443)
2023-09-08 16:44:01.823 +05:30  INF  Executed action DCRM.Api.Controllers.NotificationController.SendMessage (DCRM.Api) in 95923.8766ms
2023-09-08 16:44:01.823 +05:30  INF  Executed endpoint 'DCRM.Api.Controllers.NotificationController.SendMessage (DCRM.Api)'
2023-09-08 16:44:01.881 +05:30  INF  Request finished HTTP/2 POST https://localhost:7069/api/Notification/SendMessage application/json 175 - 500 - application/json 95989.2751ms
2023-09-08 16:51:39.041 +05:30  INF  User profile is available. Using 'C:\Users\DELL\AppData\Local\ASP.NET\DataProtection-Keys' as key repository and Windows DPAPI to encrypt keys at rest.
2023-09-08 16:51:39.933 +05:30  INF  Now listening on: https://localhost:7069
2023-09-08 16:51:39.933 +05:30  INF  Now listening on: http://localhost:5069
2023-09-08 16:51:39.937 +05:30  INF  Application started. Press Ctrl+C to shut down.
2023-09-08 16:51:39.938 +05:30  INF  Hosting environment: Development
2023-09-08 16:51:39.938 +05:30  INF  Content root path: D:\Projects\GitHubProjects\virmani_dotnet\DCRM.Api\
2023-09-08 16:51:41.729 +05:30  INF  Request starting HTTP/2 GET https://localhost:7069/swagger - -
2023-09-08 16:51:41.974 +05:30  INF  Request finished HTTP/2 GET https://localhost:7069/swagger - - - 301 0 - 255.7484ms
2023-09-08 16:51:41.976 +05:30  INF  Request starting HTTP/2 GET https://localhost:7069/swagger/index.html - -
2023-09-08 16:51:42.503 +05:30  INF  Request starting HTTP/2 GET https://localhost:7069/swagger/swagger-ui-bundle.js - -
2023-09-08 16:51:42.503 +05:30  INF  Request starting HTTP/2 GET https://localhost:7069/swagger/swagger-ui-standalone-preset.js - -
2023-09-08 16:51:42.503 +05:30  INF  Request starting HTTP/2 GET https://localhost:7069/_framework/aspnetcore-browser-refresh.js - -
2023-09-08 16:51:42.504 +05:30  INF  Request starting HTTP/2 GET https://localhost:7069/_vs/browserLink - -
2023-09-08 16:51:42.504 +05:30  INF  Request starting HTTP/2 GET https://localhost:7069/swagger/swagger-ui.css - -
2023-09-08 16:51:42.565 +05:30  INF  Request finished HTTP/2 GET https://localhost:7069/_framework/aspnetcore-browser-refresh.js - - - 200 12348 application/javascript;+charset=utf-8 62.3250ms
2023-09-08 16:51:42.565 +05:30  INF  Request finished HTTP/2 GET https://localhost:7069/swagger/index.html - - - 200 - text/html;charset=utf-8 589.4212ms
2023-09-08 16:51:42.579 +05:30  INF  Request finished HTTP/2 GET https://localhost:7069/_vs/browserLink - - - 200 - text/javascript;+charset=UTF-8 75.7699ms
2023-09-08 16:51:42.603 +05:30  INF  Sending file. Request path: '/swagger-ui.css'. Physical path: 'N/A'
2023-09-08 16:51:42.603 +05:30  INF  Request finished HTTP/2 GET https://localhost:7069/swagger/swagger-ui.css - - - 200 143632 text/css 99.1137ms
2023-09-08 16:51:42.612 +05:30  INF  Sending file. Request path: '/swagger-ui-standalone-preset.js'. Physical path: 'N/A'
2023-09-08 16:51:42.612 +05:30  INF  Request finished HTTP/2 GET https://localhost:7069/swagger/swagger-ui-standalone-preset.js - - - 200 337162 application/javascript 109.3354ms
2023-09-08 16:51:42.629 +05:30  INF  Sending file. Request path: '/swagger-ui-bundle.js'. Physical path: 'N/A'
2023-09-08 16:51:42.629 +05:30  INF  Request finished HTTP/2 GET https://localhost:7069/swagger/swagger-ui-bundle.js - - - 200 1092889 application/javascript 126.5088ms
2023-09-08 16:51:42.812 +05:30  INF  Request starting HTTP/2 GET https://localhost:7069/swagger/v1/swagger.json - -
2023-09-08 16:51:42.998 +05:30  INF  Request finished HTTP/2 GET https://localhost:7069/swagger/v1/swagger.json - - - 200 - application/json;charset=utf-8 186.1546ms
2023-09-08 16:51:52.141 +05:30  INF  Request starting HTTP/2 POST https://localhost:7069/api/Notification/SendMail application/json 171
2023-09-08 16:51:52.151 +05:30  INF  CORS policy execution successful.
2023-09-08 16:51:53.842 +05:30  INF  Executing endpoint 'DCRM.Api.Controllers.NotificationController.SendMail (DCRM.Api)'
2023-09-08 16:51:53.885 +05:30  INF  Route matched with {action = "SendMail", controller = "Notification"}. Executing controller action with signature Microsoft.AspNetCore.Mvc.IActionResult SendMail(DCRM.Common.RequestModel.NotificationRequest) on controller DCRM.Api.Controllers.NotificationController (DCRM.Api).
2023-09-08 16:51:54.245 +05:30  INF  The specified string is not in the form required for an e-mail address.
2023-09-08 16:52:05.325 +05:30  INF  Executed action DCRM.Api.Controllers.NotificationController.SendMail (DCRM.Api) in 11434.0958ms
2023-09-08 16:52:05.330 +05:30  INF  Executed endpoint 'DCRM.Api.Controllers.NotificationController.SendMail (DCRM.Api)'
2023-09-08 16:52:05.405 +05:30  INF  Request finished HTTP/2 POST https://localhost:7069/api/Notification/SendMail application/json 171 - 500 - application/json 13263.8727ms
2023-09-08 16:52:09.305 +05:30  INF  Request starting HTTP/2 POST https://localhost:7069/api/Notification/SendMail application/json 171
2023-09-08 16:52:09.306 +05:30  INF  CORS policy execution successful.
2023-09-08 16:52:09.360 +05:30  INF  Executing endpoint 'DCRM.Api.Controllers.NotificationController.SendMail (DCRM.Api)'
2023-09-08 16:52:09.360 +05:30  INF  Route matched with {action = "SendMail", controller = "Notification"}. Executing controller action with signature Microsoft.AspNetCore.Mvc.IActionResult SendMail(DCRM.Common.RequestModel.NotificationRequest) on controller DCRM.Api.Controllers.NotificationController (DCRM.Api).
2023-09-08 16:52:15.127 +05:30  INF  The specified string is not in the form required for an e-mail address.
2023-09-08 16:52:15.948 +05:30  INF  Executed action DCRM.Api.Controllers.NotificationController.SendMail (DCRM.Api) in 6588.1872ms
2023-09-08 16:52:15.949 +05:30  INF  Executed endpoint 'DCRM.Api.Controllers.NotificationController.SendMail (DCRM.Api)'
2023-09-08 16:52:15.997 +05:30  INF  Request finished HTTP/2 POST https://localhost:7069/api/Notification/SendMail application/json 171 - 500 - application/json 6692.5713ms
2023-09-08 16:52:23.360 +05:30  INF  Request starting HTTP/2 POST https://localhost:7069/api/Notification/SendMessage application/json 171
2023-09-08 16:52:23.361 +05:30  INF  CORS policy execution successful.
2023-09-08 16:52:23.382 +05:30  INF  Executing endpoint 'DCRM.Api.Controllers.NotificationController.SendMessage (DCRM.Api)'
2023-09-08 16:52:23.383 +05:30  INF  Route matched with {action = "SendMessage", controller = "Notification"}. Executing controller action with signature Microsoft.AspNetCore.Mvc.IActionResult SendMessage(DCRM.Common.RequestModel.NotificationRequest) on controller DCRM.Api.Controllers.NotificationController (DCRM.Api).
2023-09-08 16:54:23.418 +05:30  INF  User profile is available. Using 'C:\Users\DELL\AppData\Local\ASP.NET\DataProtection-Keys' as key repository and Windows DPAPI to encrypt keys at rest.
2023-09-08 16:54:23.772 +05:30  INF  Now listening on: https://localhost:7069
2023-09-08 16:54:23.773 +05:30  INF  Now listening on: http://localhost:5069
2023-09-08 16:54:23.777 +05:30  INF  Application started. Press Ctrl+C to shut down.
2023-09-08 16:54:23.778 +05:30  INF  Hosting environment: Development
2023-09-08 16:54:23.778 +05:30  INF  Content root path: D:\Projects\GitHubProjects\virmani_dotnet\DCRM.Api\
2023-09-08 16:54:25.317 +05:30  INF  Request starting HTTP/2 GET https://localhost:7069/swagger - -
2023-09-08 16:54:25.579 +05:30  INF  Request finished HTTP/2 GET https://localhost:7069/swagger - - - 301 0 - 265.3479ms
2023-09-08 16:54:25.581 +05:30  INF  Request starting HTTP/2 GET https://localhost:7069/swagger/index.html - -
2023-09-08 16:54:26.053 +05:30  INF  Request starting HTTP/2 GET https://localhost:7069/swagger/swagger-ui-bundle.js - -
2023-09-08 16:54:26.053 +05:30  INF  Request starting HTTP/2 GET https://localhost:7069/swagger/swagger-ui-standalone-preset.js - -
2023-09-08 16:54:26.053 +05:30  INF  Request starting HTTP/2 GET https://localhost:7069/_framework/aspnetcore-browser-refresh.js - -
2023-09-08 16:54:26.054 +05:30  INF  Request starting HTTP/2 GET https://localhost:7069/swagger/swagger-ui.css - -
2023-09-08 16:54:26.054 +05:30  INF  Request starting HTTP/2 GET https://localhost:7069/_vs/browserLink - -
2023-09-08 16:54:26.067 +05:30  INF  Request finished HTTP/2 GET https://localhost:7069/swagger/index.html - - - 200 - text/html;charset=utf-8 485.9425ms
2023-09-08 16:54:26.069 +05:30  INF  Request finished HTTP/2 GET https://localhost:7069/_framework/aspnetcore-browser-refresh.js - - - 200 12348 application/javascript;+charset=utf-8 15.3475ms
2023-09-08 16:54:26.127 +05:30  INF  Request finished HTTP/2 GET https://localhost:7069/_vs/browserLink - - - 200 - text/javascript;+charset=UTF-8 72.6476ms
2023-09-08 16:54:26.132 +05:30  INF  Sending file. Request path: '/swagger-ui-bundle.js'. Physical path: 'N/A'
2023-09-08 16:54:26.132 +05:30  INF  Sending file. Request path: '/swagger-ui.css'. Physical path: 'N/A'
2023-09-08 16:54:26.132 +05:30  INF  Sending file. Request path: '/swagger-ui-standalone-preset.js'. Physical path: 'N/A'
2023-09-08 16:54:26.132 +05:30  INF  Request finished HTTP/2 GET https://localhost:7069/swagger/swagger-ui-bundle.js - - - 200 1092889 application/javascript 78.7974ms
2023-09-08 16:54:26.132 +05:30  INF  Request finished HTTP/2 GET https://localhost:7069/swagger/swagger-ui.css - - - 200 143632 text/css 77.9763ms
2023-09-08 16:54:26.132 +05:30  INF  Request finished HTTP/2 GET https://localhost:7069/swagger/swagger-ui-standalone-preset.js - - - 200 337162 application/javascript 78.7300ms
2023-09-08 16:54:26.280 +05:30  INF  Request starting HTTP/2 GET https://localhost:7069/swagger/v1/swagger.json - -
2023-09-08 16:54:26.455 +05:30  INF  Request finished HTTP/2 GET https://localhost:7069/swagger/v1/swagger.json - - - 200 - application/json;charset=utf-8 175.4975ms
2023-09-08 16:56:08.494 +05:30  INF  Request starting HTTP/2 POST https://localhost:7069/api/Notification/SendMessage application/json 171
2023-09-08 16:56:08.501 +05:30  INF  CORS policy execution successful.
2023-09-08 16:56:09.594 +05:30  INF  Executing endpoint 'DCRM.Api.Controllers.NotificationController.SendMessage (DCRM.Api)'
2023-09-08 16:56:09.624 +05:30  INF  Route matched with {action = "SendMessage", controller = "Notification"}. Executing controller action with signature Microsoft.AspNetCore.Mvc.IActionResult SendMessage(DCRM.Common.RequestModel.NotificationRequest) on controller DCRM.Api.Controllers.NotificationController (DCRM.Api).
2023-09-08 16:56:23.426 +05:30  INF  Executing OkObjectResult, writing value of type 'System.String'.
2023-09-08 16:56:23.438 +05:30  INF  Executed action DCRM.Api.Controllers.NotificationController.SendMessage (DCRM.Api) in 13805.7064ms
2023-09-08 16:56:23.441 +05:30  INF  Executed endpoint 'DCRM.Api.Controllers.NotificationController.SendMessage (DCRM.Api)'
2023-09-08 16:56:23.450 +05:30  INF  Request finished HTTP/2 POST https://localhost:7069/api/Notification/SendMessage application/json 171 - 200 - text/plain;+charset=utf-8 14956.1712ms
2023-09-08 17:21:25.588 +05:30  INF  Request starting HTTP/2 POST https://localhost:7069/api/Notification/SendMail application/json 184
2023-09-08 17:21:25.591 +05:30  INF  CORS policy execution successful.
2023-09-08 17:21:25.683 +05:30  INF  Executing endpoint 'DCRM.Api.Controllers.NotificationController.SendMail (DCRM.Api)'
2023-09-08 17:21:25.686 +05:30  INF  Route matched with {action = "SendMail", controller = "Notification"}. Executing controller action with signature Microsoft.AspNetCore.Mvc.IActionResult SendMail(DCRM.Common.RequestModel.NotificationRequest) on controller DCRM.Api.Controllers.NotificationController (DCRM.Api).
2023-09-08 17:22:03.595 +05:30  INF  Failure sending mail.
2023-09-08 17:22:04.390 +05:30  INF  Executed action DCRM.Api.Controllers.NotificationController.SendMail (DCRM.Api) in 38704.0881ms
2023-09-08 17:22:04.393 +05:30  INF  Executed endpoint 'DCRM.Api.Controllers.NotificationController.SendMail (DCRM.Api)'
2023-09-08 17:22:04.462 +05:30  INF  Request finished HTTP/2 POST https://localhost:7069/api/Notification/SendMail application/json 184 - 500 - application/json 38874.6226ms
2023-09-08 17:47:35.331 +05:30  INF  User profile is available. Using 'C:\Users\DELL\AppData\Local\ASP.NET\DataProtection-Keys' as key repository and Windows DPAPI to encrypt keys at rest.
2023-09-08 17:47:35.931 +05:30  INF  Now listening on: https://localhost:7069
2023-09-08 17:47:35.932 +05:30  INF  Now listening on: http://localhost:5069
2023-09-08 17:47:35.935 +05:30  INF  Application started. Press Ctrl+C to shut down.
2023-09-08 17:47:35.936 +05:30  INF  Hosting environment: Development
2023-09-08 17:47:35.936 +05:30  INF  Content root path: D:\Projects\GitHubProjects\virmani_dotnet\DCRM.Api\
2023-09-08 17:47:37.421 +05:30  INF  Request starting HTTP/2 GET https://localhost:7069/swagger - -
2023-09-08 17:47:37.637 +05:30  INF  Request finished HTTP/2 GET https://localhost:7069/swagger - - - 301 0 - 223.5012ms
2023-09-08 17:47:37.638 +05:30  INF  Request starting HTTP/2 GET https://localhost:7069/swagger/index.html - -
2023-09-08 17:47:38.044 +05:30  INF  Request starting HTTP/2 GET https://localhost:7069/_framework/aspnetcore-browser-refresh.js - -
2023-09-08 17:47:38.044 +05:30  INF  Request starting HTTP/2 GET https://localhost:7069/_vs/browserLink - -
2023-09-08 17:47:38.044 +05:30  INF  Request starting HTTP/2 GET https://localhost:7069/swagger/swagger-ui.css - -
2023-09-08 17:47:38.052 +05:30  INF  Request finished HTTP/2 GET https://localhost:7069/swagger/index.html - - - 200 - text/html;charset=utf-8 413.1037ms
2023-09-08 17:47:38.088 +05:30  INF  Request finished HTTP/2 GET https://localhost:7069/_framework/aspnetcore-browser-refresh.js - - - 200 12348 application/javascript;+charset=utf-8 44.2946ms
2023-09-08 17:47:38.106 +05:30  INF  Request finished HTTP/2 GET https://localhost:7069/_vs/browserLink - - - 200 - text/javascript;+charset=UTF-8 62.4654ms
2023-09-08 17:47:38.110 +05:30  INF  Sending file. Request path: '/swagger-ui.css'. Physical path: 'N/A'
2023-09-08 17:47:38.110 +05:30  INF  Request finished HTTP/2 GET https://localhost:7069/swagger/swagger-ui.css - - - 200 143632 text/css 65.8384ms
2023-09-08 17:47:38.317 +05:30  INF  Request starting HTTP/2 GET https://localhost:7069/swagger/v1/swagger.json - -
2023-09-08 17:47:38.505 +05:30  INF  Request finished HTTP/2 GET https://localhost:7069/swagger/v1/swagger.json - - - 200 - application/json;charset=utf-8 187.5678ms
2023-09-08 17:48:24.432 +05:30  INF  Request starting HTTP/2 POST https://localhost:7069/api/Notification/SendMail application/json 184
2023-09-08 17:48:24.443 +05:30  INF  CORS policy execution successful.
2023-09-08 17:48:26.260 +05:30  INF  Executing endpoint 'DCRM.Api.Controllers.NotificationController.SendMail (DCRM.Api)'
2023-09-08 17:48:26.314 +05:30  INF  Route matched with {action = "SendMail", controller = "Notification"}. Executing controller action with signature Microsoft.AspNetCore.Mvc.IActionResult SendMail(DCRM.Common.RequestModel.NotificationRequest) on controller DCRM.Api.Controllers.NotificationController (DCRM.Api).
2023-09-08 17:48:54.660 +05:30  INF  Failure sending mail.
2023-09-08 17:48:56.731 +05:30  INF  Executed action DCRM.Api.Controllers.NotificationController.SendMail (DCRM.Api) in 30410.6931ms
2023-09-08 17:48:56.737 +05:30  INF  Executed endpoint 'DCRM.Api.Controllers.NotificationController.SendMail (DCRM.Api)'
2023-09-08 17:48:56.814 +05:30  INF  Request finished HTTP/2 POST https://localhost:7069/api/Notification/SendMail application/json 184 - 500 - application/json 32382.1729ms
2023-09-08 17:58:30.628 +05:30  INF  Request starting HTTP/2 POST https://localhost:7069/api/Notification/SendMail application/json 184
2023-09-08 17:58:30.631 +05:30  INF  CORS policy execution successful.
2023-09-08 17:58:30.670 +05:30  INF  Executing endpoint 'DCRM.Api.Controllers.NotificationController.SendMail (DCRM.Api)'
2023-09-08 17:58:30.671 +05:30  INF  Route matched with {action = "SendMail", controller = "Notification"}. Executing controller action with signature Microsoft.AspNetCore.Mvc.IActionResult SendMail(DCRM.Common.RequestModel.NotificationRequest) on controller DCRM.Api.Controllers.NotificationController (DCRM.Api).
2023-09-08 17:58:40.896 +05:30  INF  Failure sending mail.
2023-09-08 17:58:49.815 +05:30  INF  Executed action DCRM.Api.Controllers.NotificationController.SendMail (DCRM.Api) in 19143.2992ms
2023-09-08 17:58:49.815 +05:30  INF  Executed endpoint 'DCRM.Api.Controllers.NotificationController.SendMail (DCRM.Api)'
2023-09-08 17:58:49.868 +05:30  INF  Request finished HTTP/2 POST https://localhost:7069/api/Notification/SendMail application/json 184 - 500 - application/json 19239.3515ms
2023-09-08 17:58:50.859 +05:30  INF  Request starting HTTP/2 GET https://localhost:7069/swagger/index.html - -
2023-09-08 17:58:50.882 +05:30  INF  Request finished HTTP/2 GET https://localhost:7069/swagger/index.html - - - 200 - text/html;charset=utf-8 22.7551ms
2023-09-08 17:58:50.916 +05:30  INF  Request starting HTTP/2 GET https://localhost:7069/swagger/swagger-ui.css - -
2023-09-08 17:58:50.917 +05:30  INF  Request starting HTTP/2 GET https://localhost:7069/_vs/browserLink - -
2023-09-08 17:58:50.917 +05:30  INF  Request starting HTTP/2 GET https://localhost:7069/_framework/aspnetcore-browser-refresh.js - -
2023-09-08 17:58:50.931 +05:30  INF  Request finished HTTP/2 GET https://localhost:7069/_framework/aspnetcore-browser-refresh.js - - - 200 12348 application/javascript;+charset=utf-8 14.1151ms
2023-09-08 17:58:50.932 +05:30  INF  Sending file. Request path: '/swagger-ui.css'. Physical path: 'N/A'
2023-09-08 17:58:50.932 +05:30  INF  Request finished HTTP/2 GET https://localhost:7069/swagger/swagger-ui.css - - - 200 143632 text/css 15.8708ms
2023-09-08 17:58:50.933 +05:30  INF  Request finished HTTP/2 GET https://localhost:7069/_vs/browserLink - - - 200 - text/javascript;+charset=UTF-8 15.8816ms
2023-09-08 17:58:51.133 +05:30  INF  Request starting HTTP/2 GET https://localhost:7069/swagger/v1/swagger.json - -
2023-09-08 17:58:51.137 +05:30  INF  Request starting HTTP/2 GET https://localhost:7069/swagger/favicon-32x32.png - -
2023-09-08 17:58:51.138 +05:30  INF  Sending file. Request path: '/favicon-32x32.png'. Physical path: 'N/A'
2023-09-08 17:58:51.138 +05:30  INF  Request finished HTTP/2 GET https://localhost:7069/swagger/favicon-32x32.png - - - 200 628 image/png 0.8527ms
2023-09-08 17:58:51.178 +05:30  INF  Request finished HTTP/2 GET https://localhost:7069/swagger/v1/swagger.json - - - 200 - application/json;charset=utf-8 45.1323ms
2023-09-08 17:59:34.778 +05:30  INF  Request starting HTTP/2 POST https://localhost:7069/api/Notification/SendMail application/json 184
2023-09-08 17:59:34.780 +05:30  INF  CORS policy execution successful.
2023-09-08 17:59:34.799 +05:30  INF  Executing endpoint 'DCRM.Api.Controllers.NotificationController.SendMail (DCRM.Api)'
2023-09-08 17:59:34.800 +05:30  INF  Route matched with {action = "SendMail", controller = "Notification"}. Executing controller action with signature Microsoft.AspNetCore.Mvc.IActionResult SendMail(DCRM.Common.RequestModel.NotificationRequest) on controller DCRM.Api.Controllers.NotificationController (DCRM.Api).
2023-09-08 18:00:08.632 +05:30  INF  The SMTP server requires a secure connection or the client was not authenticated. The server response was: 5.7.0 Authentication Required. Learn more at
2023-09-08 18:00:09.423 +05:30  INF  Executed action DCRM.Api.Controllers.NotificationController.SendMail (DCRM.Api) in 34623.8749ms
2023-09-08 18:00:09.424 +05:30  INF  Executed endpoint 'DCRM.Api.Controllers.NotificationController.SendMail (DCRM.Api)'
2023-09-08 18:00:09.478 +05:30  INF  Request finished HTTP/2 POST https://localhost:7069/api/Notification/SendMail application/json 184 - 500 - application/json 34700.4294ms
2023-09-08 18:00:36.611 +05:30  INF  Request starting HTTP/2 POST https://localhost:7069/api/Notification/SendMail application/json 184
2023-09-08 18:00:36.613 +05:30  INF  CORS policy execution successful.
2023-09-08 18:00:36.614 +05:30  INF  Executing endpoint 'DCRM.Api.Controllers.NotificationController.SendMail (DCRM.Api)'
2023-09-08 18:00:36.614 +05:30  INF  Route matched with {action = "SendMail", controller = "Notification"}. Executing controller action with signature Microsoft.AspNetCore.Mvc.IActionResult SendMail(DCRM.Common.RequestModel.NotificationRequest) on controller DCRM.Api.Controllers.NotificationController (DCRM.Api).
2023-09-08 18:00:57.452 +05:30  INF  The SMTP server requires a secure connection or the client was not authenticated. The server response was: 5.7.0 Authentication Required. Learn more at
2023-09-08 18:00:58.437 +05:30  INF  Executed action DCRM.Api.Controllers.NotificationController.SendMail (DCRM.Api) in 21823.0674ms
2023-09-08 18:00:58.437 +05:30  INF  Executed endpoint 'DCRM.Api.Controllers.NotificationController.SendMail (DCRM.Api)'
2023-09-08 18:00:58.493 +05:30  INF  Request finished HTTP/2 POST https://localhost:7069/api/Notification/SendMail application/json 184 - 500 - application/json 21881.6673ms
2023-09-08 18:01:26.099 +05:30  INF  Request starting HTTP/2 POST https://localhost:7069/api/Notification/SendMail application/json 184
2023-09-08 18:01:26.099 +05:30  INF  CORS policy execution successful.
2023-09-08 18:01:26.100 +05:30  INF  Executing endpoint 'DCRM.Api.Controllers.NotificationController.SendMail (DCRM.Api)'
2023-09-08 18:01:26.100 +05:30  INF  Route matched with {action = "SendMail", controller = "Notification"}. Executing controller action with signature Microsoft.AspNetCore.Mvc.IActionResult SendMail(DCRM.Common.RequestModel.NotificationRequest) on controller DCRM.Api.Controllers.NotificationController (DCRM.Api).
2023-09-08 18:01:38.053 +05:30  INF  The SMTP server requires a secure connection or the client was not authenticated. The server response was: 5.7.0 Authentication Required. Learn more at
2023-09-08 18:01:39.046 +05:30  INF  Executed action DCRM.Api.Controllers.NotificationController.SendMail (DCRM.Api) in 12946.5343ms
2023-09-08 18:01:39.047 +05:30  INF  Executed endpoint 'DCRM.Api.Controllers.NotificationController.SendMail (DCRM.Api)'
2023-09-08 18:01:39.104 +05:30  INF  Request finished HTTP/2 POST https://localhost:7069/api/Notification/SendMail application/json 184 - 500 - application/json 13005.1484ms
2023-09-08 18:02:54.297 +05:30  INF  User profile is available. Using 'C:\Users\DELL\AppData\Local\ASP.NET\DataProtection-Keys' as key repository and Windows DPAPI to encrypt keys at rest.
2023-09-08 18:02:54.797 +05:30  INF  Now listening on: https://localhost:7069
2023-09-08 18:02:54.797 +05:30  INF  Now listening on: http://localhost:5069
2023-09-08 18:02:54.800 +05:30  INF  Application started. Press Ctrl+C to shut down.
2023-09-08 18:02:54.801 +05:30  INF  Hosting environment: Development
2023-09-08 18:02:54.801 +05:30  INF  Content root path: D:\Projects\GitHubProjects\virmani_dotnet\DCRM.Api\
2023-09-08 18:02:56.113 +05:30  INF  Request starting HTTP/2 GET https://localhost:7069/swagger - -
2023-09-08 18:02:56.294 +05:30  INF  Request finished HTTP/2 GET https://localhost:7069/swagger - - - 301 0 - 187.6614ms
2023-09-08 18:02:56.295 +05:30  INF  Request starting HTTP/2 GET https://localhost:7069/swagger/index.html - -
2023-09-08 18:02:56.678 +05:30  INF  Request starting HTTP/2 GET https://localhost:7069/swagger/swagger-ui-bundle.js - -
2023-09-08 18:02:56.678 +05:30  INF  Request starting HTTP/2 GET https://localhost:7069/_framework/aspnetcore-browser-refresh.js - -
2023-09-08 18:02:56.678 +05:30  INF  Request starting HTTP/2 GET https://localhost:7069/_vs/browserLink - -
2023-09-08 18:02:56.678 +05:30  INF  Request starting HTTP/2 GET https://localhost:7069/swagger/swagger-ui.css - -
2023-09-08 18:02:56.678 +05:30  INF  Request starting HTTP/2 GET https://localhost:7069/swagger/swagger-ui-standalone-preset.js - -
2023-09-08 18:02:56.686 +05:30  INF  Request finished HTTP/2 GET https://localhost:7069/swagger/index.html - - - 200 - text/html;charset=utf-8 389.9488ms
2023-09-08 18:02:56.688 +05:30  INF  Request finished HTTP/2 GET https://localhost:7069/_framework/aspnetcore-browser-refresh.js - - - 200 12348 application/javascript;+charset=utf-8 10.3610ms
2023-09-08 18:02:56.707 +05:30  INF  Request finished HTTP/2 GET https://localhost:7069/_vs/browserLink - - - 200 - text/javascript;+charset=UTF-8 28.9275ms
2023-09-08 18:02:56.718 +05:30  INF  Sending file. Request path: '/swagger-ui.css'. Physical path: 'N/A'
2023-09-08 18:02:56.740 +05:30  INF  Request finished HTTP/2 GET https://localhost:7069/swagger/swagger-ui.css - - - 200 143632 text/css 61.3903ms
2023-09-08 18:02:56.747 +05:30  INF  Sending file. Request path: '/swagger-ui-standalone-preset.js'. Physical path: 'N/A'
2023-09-08 18:02:56.748 +05:30  INF  Request finished HTTP/2 GET https://localhost:7069/swagger/swagger-ui-standalone-preset.js - - - 200 337162 application/javascript 70.3224ms
2023-09-08 18:02:56.758 +05:30  INF  Sending file. Request path: '/swagger-ui-bundle.js'. Physical path: 'N/A'
2023-09-08 18:02:56.758 +05:30  INF  Request finished HTTP/2 GET https://localhost:7069/swagger/swagger-ui-bundle.js - - - 200 1092889 application/javascript 80.1057ms
2023-09-08 18:02:56.906 +05:30  INF  Request starting HTTP/2 GET https://localhost:7069/swagger/v1/swagger.json - -
2023-09-08 18:02:57.103 +05:30  INF  Request finished HTTP/2 GET https://localhost:7069/swagger/v1/swagger.json - - - 200 - application/json;charset=utf-8 197.3183ms
2023-09-08 18:03:17.963 +05:30  INF  Request starting HTTP/2 POST https://localhost:7069/api/Notification/SendMail application/json 184
2023-09-08 18:03:17.971 +05:30  INF  CORS policy execution successful.
2023-09-08 18:03:19.276 +05:30  INF  Executing endpoint 'DCRM.Api.Controllers.NotificationController.SendMail (DCRM.Api)'
2023-09-08 18:03:19.317 +05:30  INF  Route matched with {action = "SendMail", controller = "Notification"}. Executing controller action with signature Microsoft.AspNetCore.Mvc.IActionResult SendMail(DCRM.Common.RequestModel.NotificationRequest) on controller DCRM.Api.Controllers.NotificationController (DCRM.Api).
2023-09-08 18:03:43.028 +05:30  INF  The SMTP server requires a secure connection or the client was not authenticated. The server response was: 5.7.0 Authentication Required. Learn more at
2023-09-08 18:03:43.974 +05:30  INF  Executed action DCRM.Api.Controllers.NotificationController.SendMail (DCRM.Api) in 24651.1434ms
2023-09-08 18:03:43.980 +05:30  INF  Executed endpoint 'DCRM.Api.Controllers.NotificationController.SendMail (DCRM.Api)'
2023-09-08 18:03:44.057 +05:30  INF  Request finished HTTP/2 POST https://localhost:7069/api/Notification/SendMail application/json 184 - 500 - application/json 26094.4339ms
