2023-09-11 09:41:14.751 +05:30  INF  User profile is available. Using 'C:\Users\DELL\AppData\Local\ASP.NET\DataProtection-Keys' as key repository and Windows DPAPI to encrypt keys at rest.
2023-09-11 09:41:15.305 +05:30  INF  Now listening on: https://localhost:7069
2023-09-11 09:41:15.305 +05:30  INF  Now listening on: http://localhost:5069
2023-09-11 09:41:15.309 +05:30  INF  Application started. Press Ctrl+C to shut down.
2023-09-11 09:41:15.309 +05:30  INF  Hosting environment: Development
2023-09-11 09:41:15.309 +05:30  INF  Content root path: D:\Projects\GitHubProjects\virmani_dotnet\DCRM.Api\
2023-09-11 09:41:17.704 +05:30  INF  Request starting HTTP/2 GET https://localhost:7069/swagger - -
2023-09-11 09:41:17.895 +05:30  INF  Request finished HTTP/2 GET https://localhost:7069/swagger - - - 301 0 - 193.9760ms
2023-09-11 09:41:17.896 +05:30  INF  Request starting HTTP/2 GET https://localhost:7069/swagger/index.html - -
2023-09-11 09:41:18.336 +05:30  INF  Request starting HTTP/2 GET https://localhost:7069/swagger/swagger-ui-bundle.js - -
2023-09-11 09:41:18.336 +05:30  INF  Request starting HTTP/2 GET https://localhost:7069/swagger/swagger-ui-standalone-preset.js - -
2023-09-11 09:41:18.336 +05:30  INF  Request starting HTTP/2 GET https://localhost:7069/_framework/aspnetcore-browser-refresh.js - -
2023-09-11 09:41:18.336 +05:30  INF  Request starting HTTP/2 GET https://localhost:7069/_vs/browserLink - -
2023-09-11 09:41:18.336 +05:30  INF  Request starting HTTP/2 GET https://localhost:7069/swagger/swagger-ui.css - -
2023-09-11 09:41:18.338 +05:30  INF  Request finished HTTP/2 GET https://localhost:7069/swagger/index.html - - - 200 - text/html;charset=utf-8 442.3558ms
2023-09-11 09:41:18.350 +05:30  INF  Request finished HTTP/2 GET https://localhost:7069/_framework/aspnetcore-browser-refresh.js - - - 200 12348 application/javascript;+charset=utf-8 13.4976ms
2023-09-11 09:41:18.374 +05:30  INF  Sending file. Request path: '/swagger-ui.css'. Physical path: 'N/A'
2023-09-11 09:41:18.380 +05:30  INF  Request finished HTTP/2 GET https://localhost:7069/swagger/swagger-ui.css - - - 200 143632 text/css 43.2434ms
2023-09-11 09:41:18.399 +05:30  INF  Request finished HTTP/2 GET https://localhost:7069/_vs/browserLink - - - 200 - text/javascript;+charset=UTF-8 63.1693ms
2023-09-11 09:41:18.401 +05:30  INF  Sending file. Request path: '/swagger-ui-standalone-preset.js'. Physical path: 'N/A'
2023-09-11 09:41:18.401 +05:30  INF  Request finished HTTP/2 GET https://localhost:7069/swagger/swagger-ui-standalone-preset.js - - - 200 337162 application/javascript 65.2468ms
2023-09-11 09:41:18.448 +05:30  INF  Sending file. Request path: '/swagger-ui-bundle.js'. Physical path: 'N/A'
2023-09-11 09:41:18.448 +05:30  INF  Request finished HTTP/2 GET https://localhost:7069/swagger/swagger-ui-bundle.js - - - 200 1092889 application/javascript 112.3347ms
2023-09-11 09:41:18.614 +05:30  INF  Request starting HTTP/2 GET https://localhost:7069/swagger/v1/swagger.json - -
2023-09-11 09:41:18.888 +05:30  INF  Request finished HTTP/2 GET https://localhost:7069/swagger/v1/swagger.json - - - 200 - application/json;charset=utf-8 274.1219ms
2023-09-11 09:41:56.375 +05:30  INF  Request starting HTTP/2 POST https://localhost:7069/api/Notification/SendMail application/json 184
2023-09-11 09:41:56.383 +05:30  INF  CORS policy execution successful.
2023-09-11 09:41:58.597 +05:30  INF  Executing endpoint 'DCRM.Api.Controllers.NotificationController.SendMail (DCRM.Api)'
2023-09-11 09:41:58.641 +05:30  INF  Route matched with {action = "SendMail", controller = "Notification"}. Executing controller action with signature Microsoft.AspNetCore.Mvc.IActionResult SendMail(DCRM.Common.RequestModel.NotificationRequest) on controller DCRM.Api.Controllers.NotificationController (DCRM.Api).
2023-09-11 09:42:33.082 +05:30  INF  The SMTP server requires a secure connection or the client was not authenticated. The server response was: 5.7.0 Authentication Required. Learn more at
2023-09-11 09:42:33.810 +05:30  INF  Executed action DCRM.Api.Controllers.NotificationController.SendMail (DCRM.Api) in 35162.5551ms
2023-09-11 09:42:33.815 +05:30  INF  Executed endpoint 'DCRM.Api.Controllers.NotificationController.SendMail (DCRM.Api)'
2023-09-11 09:42:33.896 +05:30  INF  Request finished HTTP/2 POST https://localhost:7069/api/Notification/SendMail application/json 184 - 500 - application/json 37520.9487ms
2023-09-11 12:06:47.089 +05:30  INF  User profile is available. Using 'C:\Users\DELL\AppData\Local\ASP.NET\DataProtection-Keys' as key repository and Windows DPAPI to encrypt keys at rest.
2023-09-11 12:06:47.627 +05:30  INF  Now listening on: https://localhost:7069
2023-09-11 12:06:47.627 +05:30  INF  Now listening on: http://localhost:5069
2023-09-11 12:06:47.631 +05:30  INF  Application started. Press Ctrl+C to shut down.
2023-09-11 12:06:47.632 +05:30  INF  Hosting environment: Development
2023-09-11 12:06:47.632 +05:30  INF  Content root path: D:\Projects\GitHubProjects\virmani_dotnet\DCRM.Api\
2023-09-11 12:06:48.961 +05:30  INF  Request starting HTTP/2 GET https://localhost:7069/swagger - -
2023-09-11 12:06:49.173 +05:30  INF  Request finished HTTP/2 GET https://localhost:7069/swagger - - - 301 0 - 219.0581ms
2023-09-11 12:06:49.174 +05:30  INF  Request starting HTTP/2 GET https://localhost:7069/swagger/index.html - -
2023-09-11 12:06:49.589 +05:30  INF  Request starting HTTP/2 GET https://localhost:7069/swagger/swagger-ui-standalone-preset.js - -
2023-09-11 12:06:49.589 +05:30  INF  Request starting HTTP/2 GET https://localhost:7069/swagger/swagger-ui-bundle.js - -
2023-09-11 12:06:49.589 +05:30  INF  Request starting HTTP/2 GET https://localhost:7069/_vs/browserLink - -
2023-09-11 12:06:49.589 +05:30  INF  Request starting HTTP/2 GET https://localhost:7069/swagger/swagger-ui.css - -
2023-09-11 12:06:49.589 +05:30  INF  Request starting HTTP/2 GET https://localhost:7069/_framework/aspnetcore-browser-refresh.js - -
2023-09-11 12:06:49.602 +05:30  INF  Request finished HTTP/2 GET https://localhost:7069/_framework/aspnetcore-browser-refresh.js - - - 200 12348 application/javascript;+charset=utf-8 12.6492ms
2023-09-11 12:06:49.602 +05:30  INF  Request finished HTTP/2 GET https://localhost:7069/swagger/index.html - - - 200 - text/html;charset=utf-8 427.2649ms
2023-09-11 12:06:49.662 +05:30  INF  Request finished HTTP/2 GET https://localhost:7069/_vs/browserLink - - - 200 - text/javascript;+charset=UTF-8 72.5216ms
2023-09-11 12:06:49.675 +05:30  INF  Sending file. Request path: '/swagger-ui.css'. Physical path: 'N/A'
2023-09-11 12:06:49.675 +05:30  INF  Sending file. Request path: '/swagger-ui-standalone-preset.js'. Physical path: 'N/A'
2023-09-11 12:06:49.676 +05:30  INF  Request finished HTTP/2 GET https://localhost:7069/swagger/swagger-ui-standalone-preset.js - - - 200 337162 application/javascript 86.8930ms
2023-09-11 12:06:49.676 +05:30  INF  Request finished HTTP/2 GET https://localhost:7069/swagger/swagger-ui.css - - - 200 143632 text/css 86.4465ms
2023-09-11 12:06:49.687 +05:30  INF  Sending file. Request path: '/swagger-ui-bundle.js'. Physical path: 'N/A'
2023-09-11 12:06:49.687 +05:30  INF  Request finished HTTP/2 GET https://localhost:7069/swagger/swagger-ui-bundle.js - - - 200 1092889 application/javascript 98.4804ms
2023-09-11 12:06:49.853 +05:30  INF  Request starting HTTP/2 GET https://localhost:7069/swagger/v1/swagger.json - -
2023-09-11 12:06:50.039 +05:30  INF  Request finished HTTP/2 GET https://localhost:7069/swagger/v1/swagger.json - - - 200 - application/json;charset=utf-8 186.5667ms
2023-09-11 12:24:18.525 +05:30  INF  User profile is available. Using 'C:\Users\DELL\AppData\Local\ASP.NET\DataProtection-Keys' as key repository and Windows DPAPI to encrypt keys at rest.
2023-09-11 12:24:19.010 +05:30  INF  Now listening on: https://localhost:7069
2023-09-11 12:24:19.011 +05:30  INF  Now listening on: http://localhost:5069
2023-09-11 12:24:19.015 +05:30  INF  Application started. Press Ctrl+C to shut down.
2023-09-11 12:24:19.016 +05:30  INF  Hosting environment: Development
2023-09-11 12:24:19.016 +05:30  INF  Content root path: D:\Projects\GitHubProjects\virmani_dotnet\DCRM.Api\
2023-09-11 12:24:19.882 +05:30  INF  Request starting HTTP/2 GET https://localhost:7069/swagger - -
2023-09-11 12:24:20.013 +05:30  INF  Request finished HTTP/2 GET https://localhost:7069/swagger - - - 301 0 - 134.0287ms
2023-09-11 12:24:20.015 +05:30  INF  Request starting HTTP/2 GET https://localhost:7069/swagger/index.html - -
2023-09-11 12:24:20.380 +05:30  INF  Request starting HTTP/2 GET https://localhost:7069/swagger/swagger-ui-bundle.js - -
2023-09-11 12:24:20.380 +05:30  INF  Request starting HTTP/2 GET https://localhost:7069/swagger/swagger-ui-standalone-preset.js - -
2023-09-11 12:24:20.380 +05:30  INF  Request starting HTTP/2 GET https://localhost:7069/_framework/aspnetcore-browser-refresh.js - -
2023-09-11 12:24:20.380 +05:30  INF  Request starting HTTP/2 GET https://localhost:7069/_vs/browserLink - -
2023-09-11 12:24:20.381 +05:30  INF  Request starting HTTP/2 GET https://localhost:7069/swagger/swagger-ui.css - -
2023-09-11 12:24:20.401 +05:30  INF  Request finished HTTP/2 GET https://localhost:7069/swagger/index.html - - - 200 - text/html;charset=utf-8 385.7813ms
2023-09-11 12:24:20.425 +05:30  INF  Request finished HTTP/2 GET https://localhost:7069/_framework/aspnetcore-browser-refresh.js - - - 200 12348 application/javascript;+charset=utf-8 45.2454ms
2023-09-11 12:24:20.451 +05:30  INF  Sending file. Request path: '/swagger-ui.css'. Physical path: 'N/A'
2023-09-11 12:24:20.452 +05:30  INF  Request finished HTTP/2 GET https://localhost:7069/swagger/swagger-ui.css - - - 200 143632 text/css 71.0964ms
2023-09-11 12:24:20.501 +05:30  INF  Request finished HTTP/2 GET https://localhost:7069/_vs/browserLink - - - 200 - text/javascript;+charset=UTF-8 120.8321ms
2023-09-11 12:24:20.511 +05:30  INF  Sending file. Request path: '/swagger-ui-standalone-preset.js'. Physical path: 'N/A'
2023-09-11 12:24:20.511 +05:30  INF  Sending file. Request path: '/swagger-ui-bundle.js'. Physical path: 'N/A'
2023-09-11 12:24:20.512 +05:30  INF  Request finished HTTP/2 GET https://localhost:7069/swagger/swagger-ui-bundle.js - - - 200 1092889 application/javascript 131.7385ms
2023-09-11 12:24:20.512 +05:30  INF  Request finished HTTP/2 GET https://localhost:7069/swagger/swagger-ui-standalone-preset.js - - - 200 337162 application/javascript 131.4755ms
2023-09-11 12:24:20.716 +05:30  INF  Request starting HTTP/2 GET https://localhost:7069/swagger/v1/swagger.json - -
2023-09-11 12:24:20.909 +05:30  INF  Request finished HTTP/2 GET https://localhost:7069/swagger/v1/swagger.json - - - 200 - application/json;charset=utf-8 193.1582ms
2023-09-11 13:13:04.475 +05:30  INF  User profile is available. Using 'C:\Users\DELL\AppData\Local\ASP.NET\DataProtection-Keys' as key repository and Windows DPAPI to encrypt keys at rest.
2023-09-11 13:13:04.979 +05:30  INF  Now listening on: https://localhost:7069
2023-09-11 13:13:04.980 +05:30  INF  Now listening on: http://localhost:5069
2023-09-11 13:13:04.985 +05:30  INF  Application started. Press Ctrl+C to shut down.
2023-09-11 13:13:04.986 +05:30  INF  Hosting environment: Development
2023-09-11 13:13:04.986 +05:30  INF  Content root path: D:\Projects\GitHubProjects\virmani_dotnet\DCRM.Api\
2023-09-11 13:13:06.442 +05:30  INF  Request starting HTTP/2 GET https://localhost:7069/swagger - -
2023-09-11 13:13:06.813 +05:30  INF  Request starting HTTP/2 GET https://localhost:7069/swagger/index.html - -
2023-09-11 13:13:06.816 +05:30  INF  Request finished HTTP/2 GET https://localhost:7069/swagger - - - 301 0 - 378.2880ms
2023-09-11 13:13:07.279 +05:30  INF  Request starting HTTP/2 GET https://localhost:7069/swagger/swagger-ui-standalone-preset.js - -
2023-09-11 13:13:07.279 +05:30  INF  Request starting HTTP/2 GET https://localhost:7069/_framework/aspnetcore-browser-refresh.js - -
2023-09-11 13:13:07.279 +05:30  INF  Request starting HTTP/2 GET https://localhost:7069/_vs/browserLink - -
2023-09-11 13:13:07.279 +05:30  INF  Request starting HTTP/2 GET https://localhost:7069/swagger/swagger-ui-bundle.js - -
2023-09-11 13:13:07.279 +05:30  INF  Request starting HTTP/2 GET https://localhost:7069/swagger/swagger-ui.css - -
2023-09-11 13:13:07.282 +05:30  INF  Request finished HTTP/2 GET https://localhost:7069/swagger/index.html - - - 200 - text/html;charset=utf-8 469.4186ms
2023-09-11 13:13:07.293 +05:30  INF  Request finished HTTP/2 GET https://localhost:7069/_framework/aspnetcore-browser-refresh.js - - - 200 12348 application/javascript;+charset=utf-8 13.6753ms
2023-09-11 13:13:07.327 +05:30  INF  Request finished HTTP/2 GET https://localhost:7069/_vs/browserLink - - - 200 - text/javascript;+charset=UTF-8 47.9289ms
2023-09-11 13:13:07.333 +05:30  INF  Sending file. Request path: '/swagger-ui.css'. Physical path: 'N/A'
2023-09-11 13:13:07.334 +05:30  INF  Request finished HTTP/2 GET https://localhost:7069/swagger/swagger-ui.css - - - 200 143632 text/css 54.2693ms
2023-09-11 13:13:07.345 +05:30  INF  Sending file. Request path: '/swagger-ui-standalone-preset.js'. Physical path: 'N/A'
2023-09-11 13:13:07.346 +05:30  INF  Request finished HTTP/2 GET https://localhost:7069/swagger/swagger-ui-standalone-preset.js - - - 200 337162 application/javascript 67.3012ms
2023-09-11 13:13:07.355 +05:30  INF  Sending file. Request path: '/swagger-ui-bundle.js'. Physical path: 'N/A'
2023-09-11 13:13:07.356 +05:30  INF  Request finished HTTP/2 GET https://localhost:7069/swagger/swagger-ui-bundle.js - - - 200 1092889 application/javascript 76.9820ms
2023-09-11 13:13:07.531 +05:30  INF  Request starting HTTP/2 GET https://localhost:7069/swagger/v1/swagger.json - -
2023-09-11 13:13:07.755 +05:30  INF  Request finished HTTP/2 GET https://localhost:7069/swagger/v1/swagger.json - - - 200 - application/json;charset=utf-8 223.9164ms
2023-09-11 13:40:23.831 +05:30  INF  User profile is available. Using 'C:\Users\DELL\AppData\Local\ASP.NET\DataProtection-Keys' as key repository and Windows DPAPI to encrypt keys at rest.
2023-09-11 13:40:24.382 +05:30  INF  Now listening on: https://localhost:7069
2023-09-11 13:40:24.382 +05:30  INF  Now listening on: http://localhost:5069
2023-09-11 13:40:24.385 +05:30  INF  Application started. Press Ctrl+C to shut down.
2023-09-11 13:40:24.385 +05:30  INF  Hosting environment: Development
2023-09-11 13:40:24.386 +05:30  INF  Content root path: D:\Projects\GitHubProjects\virmani_dotnet\DCRM.Api\
2023-09-11 13:40:25.279 +05:30  INF  Request starting HTTP/2 GET https://localhost:7069/swagger - -
2023-09-11 13:40:25.467 +05:30  INF  Request finished HTTP/2 GET https://localhost:7069/swagger - - - 301 0 - 194.0283ms
2023-09-11 13:40:25.471 +05:30  INF  Request starting HTTP/2 GET https://localhost:7069/swagger/index.html - -
2023-09-11 13:40:25.890 +05:30  INF  Request starting HTTP/2 GET https://localhost:7069/swagger/swagger-ui-bundle.js - -
2023-09-11 13:40:25.890 +05:30  INF  Request starting HTTP/2 GET https://localhost:7069/swagger/swagger-ui-standalone-preset.js - -
2023-09-11 13:40:25.890 +05:30  INF  Request starting HTTP/2 GET https://localhost:7069/_framework/aspnetcore-browser-refresh.js - -
2023-09-11 13:40:25.890 +05:30  INF  Request starting HTTP/2 GET https://localhost:7069/swagger/swagger-ui.css - -
2023-09-11 13:40:25.892 +05:30  INF  Request starting HTTP/2 GET https://localhost:7069/_vs/browserLink - -
2023-09-11 13:40:25.895 +05:30  INF  Request finished HTTP/2 GET https://localhost:7069/swagger/index.html - - - 200 - text/html;charset=utf-8 423.8047ms
2023-09-11 13:40:25.897 +05:30  INF  Request finished HTTP/2 GET https://localhost:7069/_framework/aspnetcore-browser-refresh.js - - - 200 12348 application/javascript;+charset=utf-8 6.8758ms
2023-09-11 13:40:25.926 +05:30  INF  Sending file. Request path: '/swagger-ui.css'. Physical path: 'N/A'
2023-09-11 13:40:25.965 +05:30  INF  Request finished HTTP/2 GET https://localhost:7069/swagger/swagger-ui.css - - - 200 143632 text/css 75.0161ms
2023-09-11 13:40:25.967 +05:30  INF  Request finished HTTP/2 GET https://localhost:7069/_vs/browserLink - - - 200 - text/javascript;+charset=UTF-8 75.0717ms
2023-09-11 13:40:25.971 +05:30  INF  Sending file. Request path: '/swagger-ui-standalone-preset.js'. Physical path: 'N/A'
2023-09-11 13:40:25.973 +05:30  INF  Request finished HTTP/2 GET https://localhost:7069/swagger/swagger-ui-standalone-preset.js - - - 200 337162 application/javascript 82.5066ms
2023-09-11 13:40:25.983 +05:30  INF  Sending file. Request path: '/swagger-ui-bundle.js'. Physical path: 'N/A'
2023-09-11 13:40:25.983 +05:30  INF  Request finished HTTP/2 GET https://localhost:7069/swagger/swagger-ui-bundle.js - - - 200 1092889 application/javascript 92.9837ms
2023-09-11 13:40:26.155 +05:30  INF  Request starting HTTP/2 GET https://localhost:7069/swagger/v1/swagger.json - -
2023-09-11 13:40:26.333 +05:30  INF  Request finished HTTP/2 GET https://localhost:7069/swagger/v1/swagger.json - - - 200 - application/json;charset=utf-8 178.3844ms
2023-09-11 13:41:53.347 +05:30  INF  User profile is available. Using 'C:\Users\DELL\AppData\Local\ASP.NET\DataProtection-Keys' as key repository and Windows DPAPI to encrypt keys at rest.
2023-09-11 13:41:53.664 +05:30  INF  Now listening on: https://localhost:7069
2023-09-11 13:41:53.665 +05:30  INF  Now listening on: http://localhost:5069
2023-09-11 13:41:53.668 +05:30  INF  Application started. Press Ctrl+C to shut down.
2023-09-11 13:41:53.669 +05:30  INF  Hosting environment: Development
2023-09-11 13:41:53.669 +05:30  INF  Content root path: D:\Projects\GitHubProjects\virmani_dotnet\DCRM.Api\
2023-09-11 13:41:54.646 +05:30  INF  Request starting HTTP/2 GET https://localhost:7069/swagger - -
2023-09-11 13:41:54.793 +05:30  INF  Request finished HTTP/2 GET https://localhost:7069/swagger - - - 301 0 - 151.1104ms
2023-09-11 13:41:54.798 +05:30  INF  Request starting HTTP/2 GET https://localhost:7069/swagger/index.html - -
2023-09-11 13:41:55.146 +05:30  INF  Request starting HTTP/2 GET https://localhost:7069/swagger/swagger-ui-standalone-preset.js - -
2023-09-11 13:41:55.146 +05:30  INF  Request starting HTTP/2 GET https://localhost:7069/swagger/swagger-ui-bundle.js - -
2023-09-11 13:41:55.146 +05:30  INF  Request starting HTTP/2 GET https://localhost:7069/_framework/aspnetcore-browser-refresh.js - -
2023-09-11 13:41:55.147 +05:30  INF  Request starting HTTP/2 GET https://localhost:7069/swagger/swagger-ui.css - -
2023-09-11 13:41:55.153 +05:30  INF  Request finished HTTP/2 GET https://localhost:7069/swagger/index.html - - - 200 - text/html;charset=utf-8 354.8268ms
2023-09-11 13:41:55.155 +05:30  INF  Request finished HTTP/2 GET https://localhost:7069/_framework/aspnetcore-browser-refresh.js - - - 200 12348 application/javascript;+charset=utf-8 8.9941ms
2023-09-11 13:41:55.222 +05:30  INF  Sending file. Request path: '/swagger-ui.css'. Physical path: 'N/A'
2023-09-11 13:41:55.222 +05:30  INF  Request finished HTTP/2 GET https://localhost:7069/swagger/swagger-ui.css - - - 200 143632 text/css 75.7624ms
2023-09-11 13:41:55.225 +05:30  INF  Request starting HTTP/2 GET https://localhost:7069/_vs/browserLink - -
2023-09-11 13:41:55.229 +05:30  INF  Sending file. Request path: '/swagger-ui-standalone-preset.js'. Physical path: 'N/A'
2023-09-11 13:41:55.234 +05:30  INF  Request finished HTTP/2 GET https://localhost:7069/swagger/swagger-ui-standalone-preset.js - - - 200 337162 application/javascript 87.8216ms
2023-09-11 13:41:55.238 +05:30  INF  Sending file. Request path: '/swagger-ui-bundle.js'. Physical path: 'N/A'
2023-09-11 13:41:55.238 +05:30  INF  Request finished HTTP/2 GET https://localhost:7069/swagger/swagger-ui-bundle.js - - - 200 1092889 application/javascript 91.5256ms
2023-09-11 13:41:55.257 +05:30  INF  Request finished HTTP/2 GET https://localhost:7069/_vs/browserLink - - - 200 - text/javascript;+charset=UTF-8 32.1669ms
2023-09-11 13:41:55.409 +05:30  INF  Request starting HTTP/2 GET https://localhost:7069/swagger/v1/swagger.json - -
2023-09-11 13:41:55.590 +05:30  INF  Request finished HTTP/2 GET https://localhost:7069/swagger/v1/swagger.json - - - 200 - application/json;charset=utf-8 180.8675ms
2023-09-11 13:42:14.668 +05:30  INF  Request starting HTTP/2 POST https://localhost:7069/api/WorkDone/Create application/json 249
2023-09-11 13:42:14.676 +05:30  INF  CORS policy execution successful.
2023-09-11 13:42:16.073 +05:30  INF  Executing endpoint 'DCRM.Api.Controllers.WorkDoneController.Post (DCRM.Api)'
2023-09-11 13:42:16.119 +05:30  INF  Route matched with {action = "Post", controller = "WorkDone"}. Executing controller action with signature Microsoft.AspNetCore.Mvc.IActionResult Post(DCRM.Common.Entity.Workdone_New) on controller DCRM.Api.Controllers.WorkDoneController (DCRM.Api).
2023-09-11 13:42:16.131 +05:30  INF  Authorization failed for the request at filter 'DCRM.Common.Authorization.AuthorizeAttribute'.
2023-09-11 13:42:16.133 +05:30  INF  Executing JsonResult, writing value of type '<>f__AnonymousType0`1[[System.String, System.Private.CoreLib, Version=6.0.0.0, Culture=neutral, PublicKeyToken=7cec85d7bea7798e]]'.
2023-09-11 13:42:16.161 +05:30  INF  Executed action DCRM.Api.Controllers.WorkDoneController.Post (DCRM.Api) in 31.6825ms
2023-09-11 13:42:16.164 +05:30  INF  Executed endpoint 'DCRM.Api.Controllers.WorkDoneController.Post (DCRM.Api)'
2023-09-11 13:42:16.175 +05:30  INF  Request finished HTTP/2 POST https://localhost:7069/api/WorkDone/Create application/json 249 - 401 - application/json;+charset=utf-8 1507.0865ms
2023-09-11 13:48:23.486 +05:30  INF  User profile is available. Using 'C:\Users\DELL\AppData\Local\ASP.NET\DataProtection-Keys' as key repository and Windows DPAPI to encrypt keys at rest.
2023-09-11 13:48:23.865 +05:30  INF  Now listening on: https://localhost:7069
2023-09-11 13:48:23.865 +05:30  INF  Now listening on: http://localhost:5069
2023-09-11 13:48:23.868 +05:30  INF  Application started. Press Ctrl+C to shut down.
2023-09-11 13:48:23.869 +05:30  INF  Hosting environment: Development
2023-09-11 13:48:23.869 +05:30  INF  Content root path: D:\Projects\GitHubProjects\virmani_dotnet\DCRM.Api\
2023-09-11 13:48:25.892 +05:30  INF  Request starting HTTP/2 GET https://localhost:7069/swagger - -
2023-09-11 13:48:26.037 +05:30  INF  Request finished HTTP/2 GET https://localhost:7069/swagger - - - 301 0 - 150.0033ms
2023-09-11 13:48:26.038 +05:30  INF  Request starting HTTP/2 GET https://localhost:7069/swagger/index.html - -
2023-09-11 13:48:26.487 +05:30  INF  Request starting HTTP/2 GET https://localhost:7069/swagger/swagger-ui-bundle.js - -
2023-09-11 13:48:26.488 +05:30  INF  Request starting HTTP/2 GET https://localhost:7069/swagger/swagger-ui-standalone-preset.js - -
2023-09-11 13:48:26.488 +05:30  INF  Request starting HTTP/2 GET https://localhost:7069/_framework/aspnetcore-browser-refresh.js - -
2023-09-11 13:48:26.488 +05:30  INF  Request starting HTTP/2 GET https://localhost:7069/swagger/swagger-ui.css - -
2023-09-11 13:48:26.488 +05:30  INF  Request starting HTTP/2 GET https://localhost:7069/_vs/browserLink - -
2023-09-11 13:48:26.500 +05:30  INF  Request finished HTTP/2 GET https://localhost:7069/swagger/index.html - - - 200 - text/html;charset=utf-8 461.8949ms
2023-09-11 13:48:26.501 +05:30  INF  Request finished HTTP/2 GET https://localhost:7069/_framework/aspnetcore-browser-refresh.js - - - 200 12348 application/javascript;+charset=utf-8 13.5465ms
2023-09-11 13:48:26.557 +05:30  INF  Sending file. Request path: '/swagger-ui.css'. Physical path: 'N/A'
2023-09-11 13:48:26.581 +05:30  INF  Sending file. Request path: '/swagger-ui-standalone-preset.js'. Physical path: 'N/A'
2023-09-11 13:48:26.583 +05:30  INF  Request finished HTTP/2 GET https://localhost:7069/swagger/swagger-ui.css - - - 200 143632 text/css 93.9738ms
2023-09-11 13:48:26.584 +05:30  INF  Request finished HTTP/2 GET https://localhost:7069/swagger/swagger-ui-standalone-preset.js - - - 200 337162 application/javascript 96.0054ms
2023-09-11 13:48:26.584 +05:30  INF  Request finished HTTP/2 GET https://localhost:7069/_vs/browserLink - - - 200 - text/javascript;+charset=UTF-8 95.6739ms
2023-09-11 13:48:26.590 +05:30  INF  Sending file. Request path: '/swagger-ui-bundle.js'. Physical path: 'N/A'
2023-09-11 13:48:26.591 +05:30  INF  Request finished HTTP/2 GET https://localhost:7069/swagger/swagger-ui-bundle.js - - - 200 1092889 application/javascript 103.2395ms
2023-09-11 13:48:26.763 +05:30  INF  Request starting HTTP/2 GET https://localhost:7069/swagger/v1/swagger.json - -
2023-09-11 13:48:26.949 +05:30  INF  Request finished HTTP/2 GET https://localhost:7069/swagger/v1/swagger.json - - - 200 - application/json;charset=utf-8 185.7626ms
2023-09-11 14:02:24.705 +05:30  INF  Request starting HTTP/2 POST https://localhost:7069/api/User/Authenticate application/json 57
2023-09-11 14:02:24.750 +05:30  INF  CORS policy execution successful.
2023-09-11 14:02:26.241 +05:30  INF  Executing endpoint 'DCRM.Api.Controllers.UserController.AuthenticateAsync (DCRM.Api)'
2023-09-11 14:02:26.345 +05:30  INF  Route matched with {action = "Authenticate", controller = "User"}. Executing controller action with signature System.Threading.Tasks.Task`1[Microsoft.AspNetCore.Mvc.IActionResult] AuthenticateAsync(DCRM.Common.AuthenticateRequest) on controller DCRM.Api.Controllers.UserController (DCRM.Api).
2023-09-11 14:02:28.858 +05:30  INF  Executed DbCommand (31ms) [Parameters=[@__authenticateRequest_Email_0='?' (Size = 4000), @__authenticateRequest_Password_1='?' (Size = 4000)], CommandType='"Text"', CommandTimeout='30']
SELECT `u`.`Id`, `u`.`About_Me`, `u`.`Account_Type`, `u`.`Address`, `u`.`Available_Days`, `u`.`Bn_Name`, `u`.`City`, `u`.`Country`, `u`.`Created_At`, `u`.`Currency`, `u`.`Degree`, `u`.`Email`, `u`.`Email_Verified`, `u`.`Enable_Appointment`, `u`.`Enable_Rating`, `u`.`Exp_Years`, `u`.`Facebook`, `u`.`Google_Analytics`, `u`.`Image`, `u`.`Instagram`, `u`.`Linkedin`, `u`.`Name`, `u`.`Parent_Id`, `u`.`Password`, `u`.`Paypal_Email`, `u`.`Paypal_Mode`, `u`.`Paypal_Payment`, `u`.`Paystack_Payment`, `u`.`Paystack_Public_Key`, `u`.`Paystack_Secret_Key`, `u`.`Phone`, `u`.`Publish_Key`, `u`.`Qr_Code`, `u`.`Razorpay_Key_Id`, `u`.`Razorpay_Key_Secret`, `u`.`Razorpay_Payment`, `u`.`Role`, `u`.`Secret_Key`, `u`.`Skype`, `u`.`Slug`, `u`.`Specialist`, `u`.`Status`, `u`.`Stripe_Payment`, `u`.`Thumb`, `u`.`Trial_Expire`, `u`.`Twitter`, `u`.`User_Name`, `u`.`User_Type`, `u`.`Verify_Code`, `u`.`Whatsapp`
FROM `Users` AS `u`
WHERE ((`u`.`Status` = 1) AND (`u`.`Email` = @__authenticateRequest_Email_0)) AND (`u`.`Password` = @__authenticateRequest_Password_1)
LIMIT 2
2023-09-11 14:02:29.632 +05:30  INF  Executing OkObjectResult, writing value of type 'DCRM.Common.AuthenticateResponse'.
2023-09-11 14:02:29.660 +05:30  INF  Executed action DCRM.Api.Controllers.UserController.AuthenticateAsync (DCRM.Api) in 3306.3348ms
2023-09-11 14:02:29.662 +05:30  INF  Executed endpoint 'DCRM.Api.Controllers.UserController.AuthenticateAsync (DCRM.Api)'
2023-09-11 14:02:29.682 +05:30  INF  Request finished HTTP/2 POST https://localhost:7069/api/User/Authenticate application/json 57 - 200 - application/json;+charset=utf-8 4978.4678ms
2023-09-11 14:03:46.762 +05:30  INF  Request starting HTTP/2 POST https://localhost:7069/api/WorkDone/Create application/json 260
2023-09-11 14:03:46.773 +05:30  INF  CORS policy execution successful.
2023-09-11 14:03:46.941 +05:30  INF  Executed DbCommand (4ms) [Parameters=[@__id_0='?' (DbType = Int32)], CommandType='"Text"', CommandTimeout='30']
SELECT `u`.`Id`, `u`.`About_Me`, `u`.`Account_Type`, `u`.`Address`, `u`.`Available_Days`, `u`.`Bn_Name`, `u`.`City`, `u`.`Country`, `u`.`Created_At`, `u`.`Currency`, `u`.`Degree`, `u`.`Email`, `u`.`Email_Verified`, `u`.`Enable_Appointment`, `u`.`Enable_Rating`, `u`.`Exp_Years`, `u`.`Facebook`, `u`.`Google_Analytics`, `u`.`Image`, `u`.`Instagram`, `u`.`Linkedin`, `u`.`Name`, `u`.`Parent_Id`, `u`.`Password`, `u`.`Paypal_Email`, `u`.`Paypal_Mode`, `u`.`Paypal_Payment`, `u`.`Paystack_Payment`, `u`.`Paystack_Public_Key`, `u`.`Paystack_Secret_Key`, `u`.`Phone`, `u`.`Publish_Key`, `u`.`Qr_Code`, `u`.`Razorpay_Key_Id`, `u`.`Razorpay_Key_Secret`, `u`.`Razorpay_Payment`, `u`.`Role`, `u`.`Secret_Key`, `u`.`Skype`, `u`.`Slug`, `u`.`Specialist`, `u`.`Status`, `u`.`Stripe_Payment`, `u`.`Thumb`, `u`.`Trial_Expire`, `u`.`Twitter`, `u`.`User_Name`, `u`.`User_Type`, `u`.`Verify_Code`, `u`.`Whatsapp`
FROM `Users` AS `u`
WHERE `u`.`Id` = @__id_0
LIMIT 1
2023-09-11 14:03:46.942 +05:30  INF  Executing endpoint 'DCRM.Api.Controllers.WorkDoneController.Post (DCRM.Api)'
2023-09-11 14:03:46.943 +05:30  INF  Route matched with {action = "Post", controller = "WorkDone"}. Executing controller action with signature Microsoft.AspNetCore.Mvc.IActionResult Post(DCRM.Common.Entity.Workdone_New) on controller DCRM.Api.Controllers.WorkDoneController (DCRM.Api).
2023-09-11 14:04:12.159 +05:30  INF  Executed DbCommand (88ms) [Parameters=[@p0='?' (DbType = DateTime), @p1='?' (DbType = Double), @p2='?' (DbType = Double), @p3='?' (DbType = Int32), @p4='?' (DbType = Double), @p5='?' (DbType = Double), @p6='?' (DbType = Int64), @p7='?' (DbType = DateTime), @p8='?' (DbType = Int32)], CommandType='"Text"', CommandTimeout='30']
INSERT INTO `Workdone_New` (`Created_At`, `Current_Work_Amt`, `Discount`, `Doctor_Id`, `Estimated_Amount`, `Total_Amt`, `Treatment_Id`, `Updated_At`, `Workdone_Status`)
VALUES (@p0, @p1, @p2, @p3, @p4, @p5, @p6, @p7, @p8);
SELECT `Id`
FROM `Workdone_New`
WHERE ROW_COUNT() = 1 AND `Id` = LAST_INSERT_ID();
2023-09-11 14:04:14.432 +05:30  INF  Executing OkObjectResult, writing value of type 'System.String'.
2023-09-11 14:04:14.432 +05:30  INF  Executed action DCRM.Api.Controllers.WorkDoneController.Post (DCRM.Api) in 27488.8495ms
2023-09-11 14:04:14.432 +05:30  INF  Executed endpoint 'DCRM.Api.Controllers.WorkDoneController.Post (DCRM.Api)'
2023-09-11 14:04:14.433 +05:30  INF  Request finished HTTP/2 POST https://localhost:7069/api/WorkDone/Create application/json 260 - 200 - text/plain;+charset=utf-8 27672.6170ms
2023-09-11 17:25:30.569 +05:30  INF  User profile is available. Using 'C:\Users\DELL\AppData\Local\ASP.NET\DataProtection-Keys' as key repository and Windows DPAPI to encrypt keys at rest.
2023-09-11 17:25:31.138 +05:30  INF  Now listening on: https://localhost:7069
2023-09-11 17:25:31.138 +05:30  INF  Now listening on: http://localhost:5069
2023-09-11 17:25:31.141 +05:30  INF  Application started. Press Ctrl+C to shut down.
2023-09-11 17:25:31.142 +05:30  INF  Hosting environment: Development
2023-09-11 17:25:31.142 +05:30  INF  Content root path: D:\Projects\GitHubProjects\virmani_dotnet\DCRM.Api\
2023-09-11 17:25:32.490 +05:30  INF  Request starting HTTP/2 GET https://localhost:7069/swagger - -
2023-09-11 17:25:32.701 +05:30  INF  Request finished HTTP/2 GET https://localhost:7069/swagger - - - 301 0 - 217.7702ms
2023-09-11 17:25:32.702 +05:30  INF  Request starting HTTP/2 GET https://localhost:7069/swagger/index.html - -
2023-09-11 17:25:33.302 +05:30  INF  Request starting HTTP/2 GET https://localhost:7069/swagger/swagger-ui-standalone-preset.js - -
2023-09-11 17:25:33.302 +05:30  INF  Request starting HTTP/2 GET https://localhost:7069/_vs/browserLink - -
2023-09-11 17:25:33.303 +05:30  INF  Request starting HTTP/2 GET https://localhost:7069/swagger/swagger-ui-bundle.js - -
2023-09-11 17:25:33.303 +05:30  INF  Request starting HTTP/2 GET https://localhost:7069/swagger/swagger-ui.css - -
2023-09-11 17:25:33.304 +05:30  INF  Request starting HTTP/2 GET https://localhost:7069/_framework/aspnetcore-browser-refresh.js - -
2023-09-11 17:25:33.319 +05:30  INF  Request finished HTTP/2 GET https://localhost:7069/swagger/index.html - - - 200 - text/html;charset=utf-8 616.6205ms
2023-09-11 17:25:33.322 +05:30  INF  Request finished HTTP/2 GET https://localhost:7069/_framework/aspnetcore-browser-refresh.js - - - 200 12348 application/javascript;+charset=utf-8 18.2282ms
2023-09-11 17:25:33.370 +05:30  INF  Request finished HTTP/2 GET https://localhost:7069/_vs/browserLink - - - 200 - text/javascript;+charset=UTF-8 67.9200ms
2023-09-11 17:25:33.383 +05:30  INF  Sending file. Request path: '/swagger-ui-standalone-preset.js'. Physical path: 'N/A'
2023-09-11 17:25:33.383 +05:30  INF  Sending file. Request path: '/swagger-ui.css'. Physical path: 'N/A'
2023-09-11 17:25:33.383 +05:30  INF  Request finished HTTP/2 GET https://localhost:7069/swagger/swagger-ui.css - - - 200 143632 text/css 79.6642ms
2023-09-11 17:25:33.383 +05:30  INF  Request finished HTTP/2 GET https://localhost:7069/swagger/swagger-ui-standalone-preset.js - - - 200 337162 application/javascript 80.8325ms
2023-09-11 17:25:33.408 +05:30  INF  Sending file. Request path: '/swagger-ui-bundle.js'. Physical path: 'N/A'
2023-09-11 17:25:33.408 +05:30  INF  Request finished HTTP/2 GET https://localhost:7069/swagger/swagger-ui-bundle.js - - - 200 1092889 application/javascript 105.3624ms
2023-09-11 17:25:33.599 +05:30  INF  Request starting HTTP/2 GET https://localhost:7069/swagger/v1/swagger.json - -
2023-09-11 17:25:33.781 +05:30  INF  Request finished HTTP/2 GET https://localhost:7069/swagger/v1/swagger.json - - - 200 - application/json;charset=utf-8 181.6953ms
2023-09-11 17:28:57.759 +05:30  INF  User profile is available. Using 'C:\Users\DELL\AppData\Local\ASP.NET\DataProtection-Keys' as key repository and Windows DPAPI to encrypt keys at rest.
2023-09-11 17:28:58.334 +05:30  INF  Now listening on: https://localhost:7069
2023-09-11 17:28:58.334 +05:30  INF  Now listening on: http://localhost:5069
2023-09-11 17:28:58.344 +05:30  INF  Application started. Press Ctrl+C to shut down.
2023-09-11 17:28:58.345 +05:30  INF  Hosting environment: Development
2023-09-11 17:28:58.345 +05:30  INF  Content root path: D:\Projects\GitHubProjects\virmani_dotnet\DCRM.Api\
2023-09-11 17:28:59.206 +05:30  INF  Request starting HTTP/2 GET https://localhost:7069/swagger - -
2023-09-11 17:28:59.351 +05:30  INF  Request finished HTTP/2 GET https://localhost:7069/swagger - - - 301 0 - 150.0082ms
2023-09-11 17:28:59.352 +05:30  INF  Request starting HTTP/2 GET https://localhost:7069/swagger/index.html - -
2023-09-11 17:28:59.712 +05:30  INF  Request starting HTTP/2 GET https://localhost:7069/swagger/swagger-ui-bundle.js - -
2023-09-11 17:28:59.712 +05:30  INF  Request starting HTTP/2 GET https://localhost:7069/swagger/swagger-ui-standalone-preset.js - -
2023-09-11 17:28:59.713 +05:30  INF  Request starting HTTP/2 GET https://localhost:7069/_vs/browserLink - -
2023-09-11 17:28:59.713 +05:30  INF  Request starting HTTP/2 GET https://localhost:7069/_framework/aspnetcore-browser-refresh.js - -
2023-09-11 17:28:59.713 +05:30  INF  Request starting HTTP/2 GET https://localhost:7069/swagger/swagger-ui.css - -
2023-09-11 17:28:59.719 +05:30  INF  Request finished HTTP/2 GET https://localhost:7069/swagger/index.html - - - 200 - text/html;charset=utf-8 366.5604ms
2023-09-11 17:28:59.724 +05:30  INF  Request finished HTTP/2 GET https://localhost:7069/_framework/aspnetcore-browser-refresh.js - - - 200 12348 application/javascript;+charset=utf-8 11.4126ms
2023-09-11 17:28:59.746 +05:30  INF  Sending file. Request path: '/swagger-ui.css'. Physical path: 'N/A'
2023-09-11 17:28:59.791 +05:30  INF  Request finished HTTP/2 GET https://localhost:7069/swagger/swagger-ui.css - - - 200 143632 text/css 77.5339ms
2023-09-11 17:28:59.799 +05:30  INF  Sending file. Request path: '/swagger-ui-standalone-preset.js'. Physical path: 'N/A'
2023-09-11 17:28:59.801 +05:30  INF  Request finished HTTP/2 GET https://localhost:7069/_vs/browserLink - - - 200 - text/javascript;+charset=UTF-8 88.1097ms
2023-09-11 17:28:59.801 +05:30  INF  Request finished HTTP/2 GET https://localhost:7069/swagger/swagger-ui-standalone-preset.js - - - 200 337162 application/javascript 88.9990ms
2023-09-11 17:28:59.806 +05:30  INF  Sending file. Request path: '/swagger-ui-bundle.js'. Physical path: 'N/A'
2023-09-11 17:28:59.806 +05:30  INF  Request finished HTTP/2 GET https://localhost:7069/swagger/swagger-ui-bundle.js - - - 200 1092889 application/javascript 94.6384ms
2023-09-11 17:28:59.972 +05:30  INF  Request starting HTTP/2 GET https://localhost:7069/swagger/v1/swagger.json - -
2023-09-11 17:29:00.174 +05:30  INF  Request finished HTTP/2 GET https://localhost:7069/swagger/v1/swagger.json - - - 200 - application/json;charset=utf-8 201.3510ms
2023-09-11 17:44:36.504 +05:30  INF  User profile is available. Using 'C:\Users\DELL\AppData\Local\ASP.NET\DataProtection-Keys' as key repository and Windows DPAPI to encrypt keys at rest.
2023-09-11 17:44:37.381 +05:30  INF  Now listening on: https://localhost:7069
2023-09-11 17:44:37.381 +05:30  INF  Now listening on: http://localhost:5069
2023-09-11 17:44:37.384 +05:30  INF  Application started. Press Ctrl+C to shut down.
2023-09-11 17:44:37.385 +05:30  INF  Hosting environment: Development
2023-09-11 17:44:37.385 +05:30  INF  Content root path: D:\Projects\GitHubProjects\virmani_dotnet\DCRM.Api\
2023-09-11 17:44:38.857 +05:30  INF  Request starting HTTP/2 GET https://localhost:7069/swagger - -
2023-09-11 17:44:39.190 +05:30  INF  Request finished HTTP/2 GET https://localhost:7069/swagger - - - 301 0 - 354.0402ms
2023-09-11 17:44:39.191 +05:30  INF  Request starting HTTP/2 GET https://localhost:7069/swagger/index.html - -
2023-09-11 17:44:39.758 +05:30  INF  Request starting HTTP/2 GET https://localhost:7069/swagger/swagger-ui-bundle.js - -
2023-09-11 17:44:39.758 +05:30  INF  Request starting HTTP/2 GET https://localhost:7069/swagger/swagger-ui-standalone-preset.js - -
2023-09-11 17:44:39.758 +05:30  INF  Request starting HTTP/2 GET https://localhost:7069/_framework/aspnetcore-browser-refresh.js - -
2023-09-11 17:44:39.759 +05:30  INF  Request starting HTTP/2 GET https://localhost:7069/swagger/swagger-ui.css - -
2023-09-11 17:44:39.759 +05:30  INF  Request starting HTTP/2 GET https://localhost:7069/_vs/browserLink - -
2023-09-11 17:44:39.767 +05:30  INF  Request finished HTTP/2 GET https://localhost:7069/swagger/index.html - - - 200 - text/html;charset=utf-8 576.4464ms
2023-09-11 17:44:39.814 +05:30  INF  Request finished HTTP/2 GET https://localhost:7069/_framework/aspnetcore-browser-refresh.js - - - 200 12348 application/javascript;+charset=utf-8 55.3360ms
2023-09-11 17:44:39.866 +05:30  INF  Request finished HTTP/2 GET https://localhost:7069/_vs/browserLink - - - 200 - text/javascript;+charset=UTF-8 106.6857ms
2023-09-11 17:44:39.874 +05:30  INF  Sending file. Request path: '/swagger-ui-standalone-preset.js'. Physical path: 'N/A'
2023-09-11 17:44:39.874 +05:30  INF  Sending file. Request path: '/swagger-ui.css'. Physical path: 'N/A'
2023-09-11 17:44:39.874 +05:30  INF  Request finished HTTP/2 GET https://localhost:7069/swagger/swagger-ui.css - - - 200 143632 text/css 115.4837ms
2023-09-11 17:44:39.874 +05:30  INF  Request finished HTTP/2 GET https://localhost:7069/swagger/swagger-ui-standalone-preset.js - - - 200 337162 application/javascript 116.1182ms
2023-09-11 17:44:40.047 +05:30  INF  Sending file. Request path: '/swagger-ui-bundle.js'. Physical path: 'N/A'
2023-09-11 17:44:40.047 +05:30  INF  Request finished HTTP/2 GET https://localhost:7069/swagger/swagger-ui-bundle.js - - - 200 1092889 application/javascript 289.4703ms
2023-09-11 17:44:40.426 +05:30  INF  Request starting HTTP/2 GET https://localhost:7069/swagger/v1/swagger.json - -
2023-09-11 17:44:40.745 +05:30  INF  Request finished HTTP/2 GET https://localhost:7069/swagger/v1/swagger.json - - - 200 - application/json;charset=utf-8 319.0748ms
2023-09-11 18:01:41.886 +05:30  INF  User profile is available. Using 'C:\Users\DELL\AppData\Local\ASP.NET\DataProtection-Keys' as key repository and Windows DPAPI to encrypt keys at rest.
2023-09-11 18:01:42.439 +05:30  INF  Now listening on: https://localhost:7069
2023-09-11 18:01:42.439 +05:30  INF  Now listening on: http://localhost:5069
2023-09-11 18:01:42.445 +05:30  INF  Application started. Press Ctrl+C to shut down.
2023-09-11 18:01:42.446 +05:30  INF  Hosting environment: Development
2023-09-11 18:01:42.446 +05:30  INF  Content root path: D:\Projects\GitHubProjects\virmani_dotnet\DCRM.Api\
2023-09-11 18:01:43.793 +05:30  INF  Request starting HTTP/2 GET https://localhost:7069/swagger - -
2023-09-11 18:01:44.018 +05:30  INF  Request finished HTTP/2 GET https://localhost:7069/swagger - - - 301 0 - 231.5343ms
2023-09-11 18:01:44.021 +05:30  INF  Request starting HTTP/2 GET https://localhost:7069/swagger/index.html - -
2023-09-11 18:01:44.488 +05:30  INF  Request starting HTTP/2 GET https://localhost:7069/swagger/swagger-ui-bundle.js - -
2023-09-11 18:01:44.489 +05:30  INF  Request starting HTTP/2 GET https://localhost:7069/swagger/swagger-ui-standalone-preset.js - -
2023-09-11 18:01:44.489 +05:30  INF  Request starting HTTP/2 GET https://localhost:7069/_framework/aspnetcore-browser-refresh.js - -
2023-09-11 18:01:44.490 +05:30  INF  Request starting HTTP/2 GET https://localhost:7069/swagger/swagger-ui.css - -
2023-09-11 18:01:44.492 +05:30  INF  Request starting HTTP/2 GET https://localhost:7069/_vs/browserLink - -
2023-09-11 18:01:44.503 +05:30  INF  Request finished HTTP/2 GET https://localhost:7069/swagger/index.html - - - 200 - text/html;charset=utf-8 481.6999ms
2023-09-11 18:01:44.510 +05:30  INF  Request finished HTTP/2 GET https://localhost:7069/_framework/aspnetcore-browser-refresh.js - - - 200 12348 application/javascript;+charset=utf-8 20.5597ms
2023-09-11 18:01:44.555 +05:30  INF  Request finished HTTP/2 GET https://localhost:7069/_vs/browserLink - - - 200 - text/javascript;+charset=UTF-8 64.6308ms
2023-09-11 18:01:44.569 +05:30  INF  Sending file. Request path: '/swagger-ui.css'. Physical path: 'N/A'
2023-09-11 18:01:44.569 +05:30  INF  Sending file. Request path: '/swagger-ui-standalone-preset.js'. Physical path: 'N/A'
2023-09-11 18:01:44.570 +05:30  INF  Sending file. Request path: '/swagger-ui-bundle.js'. Physical path: 'N/A'
2023-09-11 18:01:44.570 +05:30  INF  Request finished HTTP/2 GET https://localhost:7069/swagger/swagger-ui.css - - - 200 143632 text/css 79.4798ms
2023-09-11 18:01:44.570 +05:30  INF  Request finished HTTP/2 GET https://localhost:7069/swagger/swagger-ui-standalone-preset.js - - - 200 337162 application/javascript 80.9561ms
2023-09-11 18:01:44.570 +05:30  INF  Request finished HTTP/2 GET https://localhost:7069/swagger/swagger-ui-bundle.js - - - 200 1092889 application/javascript 81.4581ms
2023-09-11 18:01:44.735 +05:30  INF  Request starting HTTP/2 GET https://localhost:7069/swagger/v1/swagger.json - -
2023-09-11 18:01:44.926 +05:30  INF  Request finished HTTP/2 GET https://localhost:7069/swagger/v1/swagger.json - - - 200 - application/json;charset=utf-8 191.2857ms
2023-09-11 18:24:24.294 +05:30  INF  User profile is available. Using 'C:\Users\DELL\AppData\Local\ASP.NET\DataProtection-Keys' as key repository and Windows DPAPI to encrypt keys at rest.
2023-09-11 18:24:24.959 +05:30  INF  Now listening on: https://localhost:7069
2023-09-11 18:24:24.959 +05:30  INF  Now listening on: http://localhost:5069
2023-09-11 18:24:24.962 +05:30  INF  Application started. Press Ctrl+C to shut down.
2023-09-11 18:24:24.963 +05:30  INF  Hosting environment: Development
2023-09-11 18:24:24.963 +05:30  INF  Content root path: D:\Projects\GitHubProjects\virmani_dotnet\DCRM.Api\
2023-09-11 18:24:26.578 +05:30  INF  Request starting HTTP/2 GET https://localhost:7069/swagger - -
2023-09-11 18:24:26.812 +05:30  INF  Request starting HTTP/2 GET https://localhost:7069/swagger/index.html - -
2023-09-11 18:24:26.812 +05:30  INF  Request finished HTTP/2 GET https://localhost:7069/swagger - - - 301 0 - 246.2374ms
2023-09-11 18:24:27.245 +05:30  INF  Request starting HTTP/2 GET https://localhost:7069/swagger/swagger-ui-bundle.js - -
2023-09-11 18:24:27.245 +05:30  INF  Request starting HTTP/2 GET https://localhost:7069/_framework/aspnetcore-browser-refresh.js - -
2023-09-11 18:24:27.245 +05:30  INF  Request starting HTTP/2 GET https://localhost:7069/swagger/swagger-ui.css - -
2023-09-11 18:24:27.247 +05:30  INF  Request starting HTTP/2 GET https://localhost:7069/swagger/swagger-ui-standalone-preset.js - -
2023-09-11 18:24:27.264 +05:30  INF  Request starting HTTP/2 GET https://localhost:7069/_vs/browserLink - -
2023-09-11 18:24:27.270 +05:30  INF  Request finished HTTP/2 GET https://localhost:7069/swagger/index.html - - - 200 - text/html;charset=utf-8 458.7363ms
2023-09-11 18:24:27.274 +05:30  INF  Request finished HTTP/2 GET https://localhost:7069/_framework/aspnetcore-browser-refresh.js - - - 200 12348 application/javascript;+charset=utf-8 28.7980ms
2023-09-11 18:24:27.376 +05:30  INF  Request finished HTTP/2 GET https://localhost:7069/_vs/browserLink - - - 200 - text/javascript;+charset=UTF-8 112.0079ms
2023-09-11 18:24:27.413 +05:30  INF  Sending file. Request path: '/swagger-ui.css'. Physical path: 'N/A'
2023-09-11 18:24:27.413 +05:30  INF  Sending file. Request path: '/swagger-ui-bundle.js'. Physical path: 'N/A'
2023-09-11 18:24:27.413 +05:30  INF  Sending file. Request path: '/swagger-ui-standalone-preset.js'. Physical path: 'N/A'
2023-09-11 18:24:27.413 +05:30  INF  Request finished HTTP/2 GET https://localhost:7069/swagger/swagger-ui.css - - - 200 143632 text/css 167.7210ms
2023-09-11 18:24:27.413 +05:30  INF  Request finished HTTP/2 GET https://localhost:7069/swagger/swagger-ui-bundle.js - - - 200 1092889 application/javascript 168.2628ms
2023-09-11 18:24:27.413 +05:30  INF  Request finished HTTP/2 GET https://localhost:7069/swagger/swagger-ui-standalone-preset.js - - - 200 337162 application/javascript 167.6348ms
2023-09-11 18:24:27.579 +05:30  INF  Request starting HTTP/2 GET https://localhost:7069/swagger/v1/swagger.json - -
2023-09-11 18:24:27.786 +05:30  INF  Request finished HTTP/2 GET https://localhost:7069/swagger/v1/swagger.json - - - 200 - application/json;charset=utf-8 207.8564ms
